Archive member included because of file (symbol)

C:/NXP/S32DS_ARM_v2018.R1/Cross_Tools/gcc-arm-none-eabi-4_9/arm-none-eabi/newlib/lib/armv6-m\libc_nano.a(lib_a-exit.o)
                              C:/NXP/S32DS_ARM_v2018.R1/Cross_Tools/gcc-arm-none-eabi-4_9/arm-none-eabi/newlib/lib/armv6-m/crt0.o (exit)
C:/NXP/S32DS_ARM_v2018.R1/Cross_Tools/gcc-arm-none-eabi-4_9/arm-none-eabi/newlib/lib/armv6-m\libc_nano.a(lib_a-impure.o)
                              C:/NXP/S32DS_ARM_v2018.R1/Cross_Tools/gcc-arm-none-eabi-4_9/arm-none-eabi/newlib/lib/armv6-m\libc_nano.a(lib_a-exit.o) (_global_impure_ptr)
C:/NXP/S32DS_ARM_v2018.R1/Cross_Tools/gcc-arm-none-eabi-4_9/arm-none-eabi/newlib/lib/armv6-m\libc_nano.a(lib_a-init.o)
                              C:/NXP/S32DS_ARM_v2018.R1/Cross_Tools/gcc-arm-none-eabi-4_9/arm-none-eabi/newlib/lib/armv6-m/crt0.o (__libc_init_array)
C:/NXP/S32DS_ARM_v2018.R1/Cross_Tools/gcc-arm-none-eabi-4_9/arm-none-eabi/newlib/lib/armv6-m\libc_nano.a(lib_a-memset.o)
                              C:/NXP/S32DS_ARM_v2018.R1/Cross_Tools/gcc-arm-none-eabi-4_9/arm-none-eabi/newlib/lib/armv6-m/crt0.o (memset)
c:/nxp/s32ds_arm_v2018.r1/cross_tools/gcc-arm-none-eabi-4_9/bin/../lib/gcc/arm-none-eabi/4.9.3/armv6-m\libgcc.a(_udivsi3.o)
                              ./Sources/common/helper_functions.o (__aeabi_uidiv)
c:/nxp/s32ds_arm_v2018.r1/cross_tools/gcc-arm-none-eabi-4_9/bin/../lib/gcc/arm-none-eabi/4.9.3/armv6-m\libgcc.a(_divsi3.o)
                              ./Sources/common/ultrasonic.o (__aeabi_idiv)
c:/nxp/s32ds_arm_v2018.r1/cross_tools/gcc-arm-none-eabi-4_9/bin/../lib/gcc/arm-none-eabi/4.9.3/armv6-m\libgcc.a(_dvmd_tls.o)
                              c:/nxp/s32ds_arm_v2018.r1/cross_tools/gcc-arm-none-eabi-4_9/bin/../lib/gcc/arm-none-eabi/4.9.3/armv6-m\libgcc.a(_udivsi3.o) (__aeabi_idiv0)
c:/nxp/s32ds_arm_v2018.r1/cross_tools/gcc-arm-none-eabi-4_9/bin/../lib/gcc/arm-none-eabi/4.9.3/armv6-m\libgcc.a(_arm_cmpsf2.o)
                              ./Sources/tof_capture.o (__aeabi_fcmpeq)
c:/nxp/s32ds_arm_v2018.r1/cross_tools/gcc-arm-none-eabi-4_9/bin/../lib/gcc/arm-none-eabi/4.9.3/armv6-m\libgcc.a(_fixunssfsi.o)
                              ./Sources/common/ultrasonic.o (__aeabi_f2uiz)
c:/nxp/s32ds_arm_v2018.r1/cross_tools/gcc-arm-none-eabi-4_9/bin/../lib/gcc/arm-none-eabi/4.9.3/armv6-m\libgcc.a(_floatundisf.o)
                              ./Sources/main.o (__aeabi_ul2f)
c:/nxp/s32ds_arm_v2018.r1/cross_tools/gcc-arm-none-eabi-4_9/bin/../lib/gcc/arm-none-eabi/4.9.3/armv6-m\libgcc.a(addsf3.o)
                              ./Sources/common/ultrasonic.o (__aeabi_fadd)
c:/nxp/s32ds_arm_v2018.r1/cross_tools/gcc-arm-none-eabi-4_9/bin/../lib/gcc/arm-none-eabi/4.9.3/armv6-m\libgcc.a(divsf3.o)
                              ./Sources/main.o (__aeabi_fdiv)
c:/nxp/s32ds_arm_v2018.r1/cross_tools/gcc-arm-none-eabi-4_9/bin/../lib/gcc/arm-none-eabi/4.9.3/armv6-m\libgcc.a(eqsf2.o)
                              c:/nxp/s32ds_arm_v2018.r1/cross_tools/gcc-arm-none-eabi-4_9/bin/../lib/gcc/arm-none-eabi/4.9.3/armv6-m\libgcc.a(_arm_cmpsf2.o) (__eqsf2)
c:/nxp/s32ds_arm_v2018.r1/cross_tools/gcc-arm-none-eabi-4_9/bin/../lib/gcc/arm-none-eabi/4.9.3/armv6-m\libgcc.a(gesf2.o)
                              c:/nxp/s32ds_arm_v2018.r1/cross_tools/gcc-arm-none-eabi-4_9/bin/../lib/gcc/arm-none-eabi/4.9.3/armv6-m\libgcc.a(_arm_cmpsf2.o) (__gesf2)
c:/nxp/s32ds_arm_v2018.r1/cross_tools/gcc-arm-none-eabi-4_9/bin/../lib/gcc/arm-none-eabi/4.9.3/armv6-m\libgcc.a(lesf2.o)
                              c:/nxp/s32ds_arm_v2018.r1/cross_tools/gcc-arm-none-eabi-4_9/bin/../lib/gcc/arm-none-eabi/4.9.3/armv6-m\libgcc.a(_arm_cmpsf2.o) (__lesf2)
c:/nxp/s32ds_arm_v2018.r1/cross_tools/gcc-arm-none-eabi-4_9/bin/../lib/gcc/arm-none-eabi/4.9.3/armv6-m\libgcc.a(mulsf3.o)
                              ./Sources/tof_capture.o (__aeabi_fmul)
c:/nxp/s32ds_arm_v2018.r1/cross_tools/gcc-arm-none-eabi-4_9/bin/../lib/gcc/arm-none-eabi/4.9.3/armv6-m\libgcc.a(subsf3.o)
                              ./Sources/common/ultrasonic.o (__aeabi_fsub)
c:/nxp/s32ds_arm_v2018.r1/cross_tools/gcc-arm-none-eabi-4_9/bin/../lib/gcc/arm-none-eabi/4.9.3/armv6-m\libgcc.a(fixsfsi.o)
                              c:/nxp/s32ds_arm_v2018.r1/cross_tools/gcc-arm-none-eabi-4_9/bin/../lib/gcc/arm-none-eabi/4.9.3/armv6-m\libgcc.a(_fixunssfsi.o) (__aeabi_f2iz)
c:/nxp/s32ds_arm_v2018.r1/cross_tools/gcc-arm-none-eabi-4_9/bin/../lib/gcc/arm-none-eabi/4.9.3/armv6-m\libgcc.a(floatsisf.o)
                              ./Sources/common/ultrasonic.o (__aeabi_i2f)
c:/nxp/s32ds_arm_v2018.r1/cross_tools/gcc-arm-none-eabi-4_9/bin/../lib/gcc/arm-none-eabi/4.9.3/armv6-m\libgcc.a(floatunsisf.o)
                              ./Sources/tof_capture.o (__aeabi_ui2f)
c:/nxp/s32ds_arm_v2018.r1/cross_tools/gcc-arm-none-eabi-4_9/bin/../lib/gcc/arm-none-eabi/4.9.3/armv6-m\libgcc.a(adddf3.o)
                              ./Sources/tof_capture.o (__aeabi_dadd)
[...]
Memory Configuration

Name             Origin             Length             Attributes
m_interrupts     0x00000000         0x000000c0         xr
m_flash_config   0x00000400         0x00000010         xr
m_text           0x00000410         0x0001fbf0         xr
m_data           0x20000000         0x000020c0         rw
m_data_2         0x200020c0         0x00001740         rw
*default*        0x00000000         0xffffffff

Linker script and memory map

LOAD c:/nxp/s32ds_arm_v2018.r1/cross_tools/gcc-arm-none-eabi-4_9/bin/../lib/gcc/arm-none-eabi/4.9.3/armv6-m/crti.o
LOAD c:/nxp/s32ds_arm_v2018.r1/cross_tools/gcc-arm-none-eabi-4_9/bin/../lib/gcc/arm-none-eabi/4.9.3/armv6-m/crtbegin.o
LOAD C:/NXP/S32DS_ARM_v2018.R1/Cross_Tools/gcc-arm-none-eabi-4_9/arm-none-eabi/newlib/lib/armv6-m/crt0.o
LOAD ./Sources/tof_capture.o
LOAD ./Sources/spi_comm.o
LOAD ./Sources/main.o
LOAD ./Sources/common/ultrasonic.o
LOAD ./Sources/common/tmr_level.o
LOAD ./Sources/common/ntc_calibration.o
LOAD ./Sources/common/helper_functions.o
LOAD ./Sources/common/adsample.o
LOAD ./Sources/common/Sys_Init.o
LOAD ./Sources/common/Node_Mgt/node_para.o
LOAD ./Sources/common/Node_Mgt/node_interface.o
LOAD ./Sources/common/Node_Mgt/node_cfg.o
LOAD ./Sources/common/HW_Driver/prj_gpio.o
LOAD ./Sources/common/HW_Driver/hw_abstract.o
LOAD ./Sources/common/HW_Driver/WatchDog.o
LOAD ./Sources/common/HW_Driver/SPI.o
LOAD ./Sources/common/HW_Driver/CAN.o
LOAD ./Sources/common/Comm_Mgt/comm_mgt.o
LOAD ./Sources/common/Comm_Mgt/Int_Mgt/Int_para.o
LOAD ./Sources/common/Comm_Mgt/Int_Mgt/Int_interface.o
LOAD ./Sources/common/Comm_Mgt/Can_Com/can_com.o
LOAD ./Sources/common/Comm_Mgt/Can_Com/can_busoff.o
LOAD ./Sources/common/APP/task/APP_Task_Mgt.o
LOAD ./SDK/rtos/osif/osif_baremetal.o
LOAD ./SDK/platform/pal/can/src/can_pal.o
LOAD ./SDK/platform/drivers/src/pins/pins_port_hw_access.o
LOAD ./SDK/platform/drivers/src/pins/pins_driver.o
LOAD ./SDK/platform/drivers/src/pdb/pdb_hw_access.o
LOAD ./SDK/platform/drivers/src/pdb/pdb_driver.o
LOAD ./SDK/platform/drivers/src/lpspi/lpspi_slave_driver.o
LOAD ./SDK/platform/drivers/src/lpspi/lpspi_shared_function.o
LOAD ./SDK/platform/drivers/src/lpspi/lpspi_master_driver.o
LOAD ./SDK/platform/drivers/src/lpspi/lpspi_irq.o
LOAD ./SDK/platform/drivers/src/lpspi/lpspi_hw_access.o
LOAD ./SDK/platform/drivers/src/interrupt/interrupt_manager.o
LOAD ./SDK/platform/drivers/src/edma/edma_irq.o
LOAD ./SDK/platform/drivers/src/edma/edma_hw_access.o
LOAD ./SDK/platform/drivers/src/edma/edma_driver.o
LOAD ./SDK/platform/drivers/src/clock/clock_manager.o
LOAD ./SDK/platform/drivers/src/clock/S32K1xx/clock_S32K1xx.o
LOAD ./SDK/platform/drivers/src/adc/adc_driver.o
LOAD ./SDK/platform/devices/startup.o
LOAD ./SDK/platform/devices/S32K116/startup/system_S32K116.o
LOAD ./Project_Settings/Startup_Code/startup_S32K116.o
LOAD ./Generated_Code/pin_mux.o
LOAD ./Generated_Code/pdly1.o
LOAD ./Generated_Code/lpspiCom1.o
LOAD ./Generated_Code/dmaController1.o
LOAD ./Generated_Code/clockMan1.o
LOAD ./Generated_Code/adConv1.o
LOAD ./Generated_Code/Cpu.o
LOAD C:/NXP/S32DS_ARM_v2018.R1/Cross_Tools/gcc-arm-none-eabi-4_9/arm-none-eabi/newlib/lib/armv6-m\libc_nano.a
LOAD c:/nxp/s32ds_arm_v2018.r1/cross_tools/gcc-arm-none-eabi-4_9/bin/../lib/gcc/arm-none-eabi/4.9.3/armv6-m\libgcc.a
LOAD C:/NXP/S32DS_ARM_v2018.R1/Cross_Tools/gcc-arm-none-eabi-4_9/arm-none-eabi/newlib/lib/armv6-m\libm.a
LOAD C:/NXP/S32DS_ARM_v2018.R1/Cross_Tools/gcc-arm-none-eabi-4_9/arm-none-eabi/newlib/lib/armv6-m\librdimon_nano.a
START GROUP
LOAD c:/nxp/s32ds_arm_v2018.r1/cross_tools/gcc-arm-none-eabi-4_9/bin/../lib/gcc/arm-none-eabi/4.9.3/armv6-m\libgcc.a
LOAD C:/NXP/S32DS_ARM_v2018.R1/Cross_Tools/gcc-arm-none-eabi-4_9/arm-none-eabi/newlib/lib/armv6-m\libc_nano.a
END GROUP
START GROUP
LOAD c:/nxp/s32ds_arm_v2018.r1/cross_tools/gcc-arm-none-eabi-4_9/bin/../lib/gcc/arm-none-eabi/4.9.3/armv6-m\libgcc.a
LOAD C:/NXP/S32DS_ARM_v2018.R1/Cross_Tools/gcc-arm-none-eabi-4_9/arm-none-eabi/newlib/lib/armv6-m\libc_nano.a
LOAD C:/NXP/S32DS_ARM_v2018.R1/Cross_Tools/gcc-arm-none-eabi-4_9/arm-none-eabi/newlib/lib/armv6-m\libnosys.a
END GROUP
START GROUP
LOAD c:/nxp/s32ds_arm_v2018.r1/cross_tools/gcc-arm-none-eabi-4_9/bin/../lib/gcc/arm-none-eabi/4.9.3/armv6-m\libgcc.a
LOAD C:/NXP/S32DS_ARM_v2018.R1/Cross_Tools/gcc-arm-none-eabi-4_9/arm-none-eabi/newlib/lib/armv6-m\libc_nano.a
LOAD C:/NXP/S32DS_ARM_v2018.R1/Cross_Tools/gcc-arm-none-eabi-4_9/arm-none-eabi/newlib/lib/armv6-m\libnosys.a
END GROUP
LOAD c:/nxp/s32ds_arm_v2018.r1/cross_tools/gcc-arm-none-eabi-4_9/bin/../lib/gcc/arm-none-eabi/4.9.3/armv6-m/crtend.o
LOAD c:/nxp/s32ds_arm_v2018.r1/cross_tools/gcc-arm-none-eabi-4_9/bin/../lib/gcc/arm-none-eabi/4.9.3/armv6-m/crtn.o
                0x00000200                HEAP_SIZE = DEFINED (__heap_size__)?__heap_size__:0x200
                0x00000200                STACK_SIZE = DEFINED (__stack_size__)?__stack_size__:0x200
                0x000000c0                M_VECTOR_RAM_SIZE = DEFINED (__flash_vector_table__)?0x0:0xc0

.interrupts     0x00000000       0xc0
                0x00000000                __VECTOR_TABLE = .
                0x00000000                . = ALIGN (0x4)
 *(.isr_vector)
 .isr_vector    0x00000000       0xc0 ./Project_Settings/Startup_Code/startup_S32K116.o
                0x00000000                __isr_vector
                0x000000c0                . = ALIGN (0x4)

.flash_config   0x00000400       0x10
                0x00000400                . = ALIGN (0x4)
 *(.FlashConfig)
 .FlashConfig   0x00000400       0x10 ./Project_Settings/Startup_Code/startup_S32K116.o
                0x00000410                . = ALIGN (0x4)

.text           0x00000410     0x6b9c
                0x00000410                . = ALIGN (0x4)
 *(.text)
 .text          0x00000410       0x60 c:/nxp/s32ds_arm_v2018.r1/cross_tools/gcc-arm-none-eabi-4_9/bin/../lib/gcc/arm-none-eabi/4.9.3/armv6-m/crtbegin.o
 .text          0x00000470       0x60 ./Project_Settings/Startup_Code/startup_S32K116.o
                0x00000470                Reset_Handler
                0x000004cc                ERM_fault_IRQHandler
                0x000004cc                PendSV_Handler
                0x000004cc                NMI_Handler
                0x000004cc                ADC0_IRQHandler
                0x000004cc                FTM0_Ovf_Reload_IRQHandler
                0x000004cc                FTM1_Ch0_7_IRQHandler
                0x000004cc                DefaultISR
                0x000004cc                SCG_CMU_LVD_LVWSCG_IRQHandler
                0x000004cc                FTM0_Ch0_7_IRQHandler
                0x000004cc                RTC_IRQHandler
                0x000004cc                PDB0_IRQHandler
                0x000004cc                HardFault_Handler
                0x000004cc                Reserved27_IRQHandler
                0x000004cc                LPUART1_RxTx_IRQHandler
                0x000004cc                RTC_Seconds_IRQHandler
                0x000004cc                FTFC_IRQHandler
                0x000004cc                FTM0_Fault_IRQHandler
                0x000004cc                SVC_Handler
                0x000004cc                RCM_IRQHandler
                0x000004cc                FTM1_Fault_IRQHandler
                0x000004cc                LPI2C0_Master_Slave_IRQHandler
                0x000004cc                LPUART0_RxTx_IRQHandler
                0x000004cc                WDOG_IRQHandler
                0x000004cc                LPTMR0_IRQHandler
                0x000004cc                FTM1_Ovf_Reload_IRQHandler
                0x000004cc                CMP0_IRQHandler
                0x000004cc                FLEXIO_IRQHandler
 .text          0x000004d0      0x120 c:/nxp/s32ds_arm_v2018.r1/cross_tools/gcc-arm-none-eabi-4_9/bin/../lib/gcc/arm-none-eabi/4.9.3/armv6-m\libgcc.a(_udivsi3.o)
                0x000004d0                __aeabi_uidiv
                0x000004d0                __udivsi3
                0x000005dc                __aeabi_uidivmod
 .text          0x000005f0      0x1e0 c:/nxp/s32ds_arm_v2018.r1/cross_tools/gcc-arm-none-eabi-4_9/bin/../lib/gcc/arm-none-eabi/4.9.3/armv6-m\libgcc.a(_divsi3.o)
                0x000005f0                __divsi3
                0x000005f0                __aeabi_idiv
                0x000007bc                __aeabi_idivmod
 .text          0x000007d0        0x4 c:/nxp/s32ds_arm_v2018.r1/cross_tools/gcc-arm-none-eabi-4_9/bin/../lib/gcc/arm-none-eabi/4.9.3/armv6-m\libgcc.a(_dvmd_tls.o)
                0x000007d0                __aeabi_idiv0
                0x000007d0                __aeabi_ldiv0
 .text          0x000007d4       0x74 c:/nxp/s32ds_arm_v2018.r1/cross_tools/gcc-arm-none-eabi-4_9/bin/../lib/gcc/arm-none-eabi/4.9.3/armv6-m\libgcc.a(_arm_cmpsf2.o)
                0x000007d4                __aeabi_cfrcmple
                0x000007dc                __aeabi_cfcmpeq
                0x000007dc                __aeabi_cfcmple
                0x000007ec                __aeabi_fcmpeq
                0x000007f8                __aeabi_fcmplt
                0x0000080c                __aeabi_fcmple
                0x00000820                __aeabi_fcmpgt
                0x00000834                __aeabi_fcmpge
 .text          0x00000848       0x30 c:/nxp/s32ds_arm_v2018.r1/cross_tools/gcc-arm-none-eabi-4_9/bin/../lib/gcc/arm-none-eabi/4.9.3/armv6-m\libgcc.a(_fixunssfsi.o)
                0x00000848                __fixunssfsi
                0x00000848                __aeabi_f2uiz
 .text          0x00000878       0x48 c:/nxp/s32ds_arm_v2018.r1/cross_tools/gcc-arm-none-eabi-4_9/bin/../lib/gcc/arm-none-eabi/4.9.3/armv6-m\libgcc.a(_floatundisf.o)
                0x00000878                __aeabi_ul2f
                0x00000878                __floatundisf
 .text          0x000008c0      0x2f8 c:/nxp/s32ds_arm_v2018.r1/cross_tools/gcc-arm-none-eabi-4_9/bin/../lib/gcc/arm-none-eabi/4.9.3/armv6-m\libgcc.a(addsf3.o)
                0x000008c0                __aeabi_fadd
 .text          0x00000bb8      0x270 c:/nxp/s32ds_arm_v2018.r1/cross_tools/gcc-arm-none-eabi-4_9/bin/../lib/gcc/arm-none-eabi/4.9.3/armv6-m\libgcc.a(divsf3.o)
                0x00000bb8                __aeabi_fdiv
 .text          0x00000e28       0x54 c:/nxp/s32ds_arm_v2018.r1/cross_tools/gcc-arm-none-eabi-4_9/bin/../lib/gcc/arm-none-eabi/4.9.3/armv6-m\libgcc.a(eqsf2.o)
                0x00000e28                __eqsf2
                0x00000e28                __nesf2
 .text          0x00000e7c       0x94 c:/nxp/s32ds_arm_v2018.r1/cross_tools/gcc-arm-none-eabi-4_9/bin/../lib/gcc/arm-none-eabi/4.9.3/armv6-m\libgcc.a(gesf2.o)
                0x00000e7c                __gesf2
                0x00000e7c                __gtsf2
 .text          0x00000f10       0x8c c:/nxp/s32ds_arm_v2018.r1/cross_tools/gcc-arm-none-eabi-4_9/bin/../lib/gcc/arm-none-eabi/4.9.3/armv6-m\libgcc.a(lesf2.o)
                0x00000f10                __ltsf2
                0x00000f10                __lesf2
 .text          0x00000f9c      0x264 c:/nxp/s32ds_arm_v2018.r1/cross_tools/gcc-arm-none-eabi-4_9/bin/../lib/gcc/arm-none-eabi/4.9.3/armv6-m\libgcc.a(mulsf3.o)
                0x00000f9c                __aeabi_fmul
 .text          0x00001200      0x2fc c:/nxp/s32ds_arm_v2018.r1/cross_tools/gcc-arm-none-eabi-4_9/bin/../lib/gcc/arm-none-eabi/4.9.3/armv6-m\libgcc.a(subsf3.o)
                0x00001200                __aeabi_fsub
 .text          0x000014fc       0x40 c:/nxp/s32ds_arm_v2018.r1/cross_tools/gcc-arm-none-eabi-4_9/bin/../lib/gcc/arm-none-eabi/4.9.3/armv6-m\libgcc.a(fixsfsi.o)
                0x000014fc                __aeabi_f2iz
 .text          0x0000153c       0x90 c:/nxp/s32ds_arm_v2018.r1/cross_tools/gcc-arm-none-eabi-4_9/bin/../lib/gcc/arm-none-eabi/4.9.3/armv6-m\libgcc.a(floatsisf.o)
                0x0000153c                __aeabi_i2f
 .text          0x000015cc      0x650 c:/nxp/s32ds_arm_v2018.r1/cross_tools/gcc-arm-none-eabi-4_9/bin/../lib/gcc/arm-none-eabi/4.9.3/armv6-m\libgcc.a(adddf3.o)
                0x000015cc                __aeabi_dadd
 .text          0x00001c1c      0x648 c:/nxp/s32ds_arm_v2018.r1/cross_tools/gcc-arm-none-eabi-4_9/bin/../lib/gcc/arm-none-eabi/4.9.3/armv6-m\libgcc.a(divdf3.o)
                0x00001c1c                __aeabi_ddiv
 .text          0x00002264      0x534 c:/nxp/s32ds_arm_v2018.r1/cross_tools/gcc-arm-none-eabi-4_9/bin/../lib/gcc/arm-none-eabi/4.9.3/armv6-m\libgcc.a(muldf3.o)
                0x00002264                __aeabi_dmul
 .text          0x00002798       0x6c c:/nxp/s32ds_arm_v2018.r1/cross_tools/gcc-arm-none-eabi-4_9/bin/../lib/gcc/arm-none-eabi/4.9.3/armv6-m\libgcc.a(fixdfsi.o)
                0x00002798                __aeabi_d2iz
 .text          0x00002804       0x64 c:/nxp/s32ds_arm_v2018.r1/cross_tools/gcc-arm-none-eabi-4_9/bin/../lib/gcc/arm-none-eabi/4.9.3/armv6-m\libgcc.a(floatunsidf.o)
                0x00002804                __aeabi_ui2d
 .text          0x00002868       0xa8 c:/nxp/s32ds_arm_v2018.r1/cross_tools/gcc-arm-none-eabi-4_9/bin/../lib/gcc/arm-none-eabi/4.9.3/armv6-m\libgcc.a(extendsfdf2.o)
                0x00002868                __aeabi_f2d
 .text          0x00002910      0x120 c:/nxp/s32ds_arm_v2018.r1/cross_tools/gcc-arm-none-eabi-4_9/bin/../lib/gcc/arm-none-eabi/4.9.3/armv6-m\libgcc.a(truncdfsf2.o)
                0x00002910                __aeabi_d2f
 .text          0x00002a30       0x3c c:/nxp/s32ds_arm_v2018.r1/cross_tools/gcc-arm-none-eabi-4_9/bin/../lib/gcc/arm-none-eabi/4.9.3/armv6-m\libgcc.a(_clzsi2.o)
                0x00002a30                __clzsi2
 *(.text*)
 .text.tof_capture_Get_AvgVelocity
                0x00002a6c       0x50 ./Sources/tof_capture.o
                0x00002a6c                tof_capture_Get_AvgVelocity
 .text.spi_comm_Spi_Init
                0x00002abc       0x18 ./Sources/spi_comm.o
                0x00002abc                spi_comm_Spi_Init
 .text.spi_comm_Spi_Transfer
                0x00002ad4       0x98 ./Sources/spi_comm.o
                0x00002ad4                spi_comm_Spi_Transfer
 .text.main     0x00002b6c       0xe0 ./Sources/main.o
                0x00002b6c                main
 .text.ultrasonic_cal_concentration
                0x00002c4c      0x604 ./Sources/common/ultrasonic.o
                0x00002c4c                ultrasonic_cal_concentration
 .text.tmr_level_cal
                0x00003250       0xc0 ./Sources/common/tmr_level.o
                0x00003250                tmr_level_cal
 .text.ntc_calibration_cal_temp
                0x00003310      0x12c ./Sources/common/ntc_calibration.o
                0x00003310                ntc_calibration_cal_temp
 .text.calculateIntValue
                0x0000343c       0x68 ./Sources/common/helper_functions.o
                0x0000343c                calculateIntValue
 .text.adsample_ADC_IRQHandler
                0x000034a4       0x1c ./Sources/common/adsample.o
                0x000034a4                adsample_ADC_IRQHandler
 .text.adsample_ADC_Init
                0x000034c0      0x11c ./Sources/common/adsample.o
                0x000034c0                adsample_ADC_Init
 .text.adsample_Get_TmrLevel
                0x000035dc       0x28 ./Sources/common/adsample.o
                0x000035dc                adsample_Get_TmrLevel
 .text.adsample_Get_EnvirTemp
                0x00003604       0x2c ./Sources/common/adsample.o
                0x00003604                adsample_Get_EnvirTemp
 .text.adsample_Get_NTCTemp
                0x00003630       0x2c ./Sources/common/adsample.o
                0x00003630                adsample_Get_NTCTemp
 .text.v_task_MgtCallback
                0x0000365c        0x4 ./Sources/common/Sys_Init.o
                0x0000365c                v_task_MgtCallback
 .text.Sys_Init
                0x00003660       0x24 ./Sources/common/Sys_Init.o
                0x00003660                Sys_Init
 .text.u8_node_ParaInit
                0x00003684       0xe8 ./Sources/common/Node_Mgt/node_para.o
                0x00003684                u8_node_ParaInit
 .text.u8_appl_dllcanTxOk
                0x0000376c        0x4 ./Sources/common/Node_Mgt/node_cfg.o
                0x0000376c                u8_appl_dllcanTxOk
 .text.u8_appl_dllcanRx
                0x00003770        0x4 ./Sources/common/Node_Mgt/node_cfg.o
                0x00003770                u8_appl_dllcanRx
 .text.v_v_stuff
                0x00003774        0x4 ./Sources/common/HW_Driver/prj_gpio.o
 .text.PORT_IRQHandler
                0x00003778       0x28 ./Sources/common/HW_Driver/prj_gpio.o
                0x00003778                PORT_IRQHandler
 .text.v_v_stuff
                0x000037a0        0x4 ./Sources/common/HW_Driver/hw_abstract.o
 .text.u8_hw_wtd_reset
                0x000037a4        0x8 ./Sources/common/HW_Driver/hw_abstract.o
                0x000037a4                u8_hw_wtd_reset
 .text.u8_hw_wtd_Init
                0x000037ac        0xc ./Sources/common/HW_Driver/hw_abstract.o
                0x000037ac                u8_hw_wtd_Init
 .text.u8_hw_CAN_Send
                0x000037b8        0x8 ./Sources/common/HW_Driver/hw_abstract.o
                0x000037b8                u8_hw_CAN_Send
 .text.u8_hw_CAN_Init
                0x000037c0        0xc ./Sources/common/HW_Driver/hw_abstract.o
                0x000037c0                u8_hw_CAN_Init
 .text.timer_1ms_isr
                0x000037cc       0x64 ./Sources/common/HW_Driver/hw_abstract.o
                0x000037cc                timer_1ms_isr
 .text.u8_hw_Timer_Init
                0x00003830       0x68 ./Sources/common/HW_Driver/hw_abstract.o
                0x00003830                u8_hw_Timer_Init
 .text.LPIT0_IRQHandler
                0x00003898       0x30 ./Sources/common/HW_Driver/hw_abstract.o
                0x00003898                LPIT0_IRQHandler
 .text.u8_wtd_Feed
                0x000038c8       0x14 ./Sources/common/HW_Driver/WatchDog.o
                0x000038c8                u8_wtd_Feed
 .text.u8_wtd_Init
                0x000038dc       0x68 ./Sources/common/HW_Driver/WatchDog.o
                0x000038dc                u8_wtd_Init
 .text.CAN_Tx_Call_X
                0x00003944       0xd4 ./Sources/common/HW_Driver/CAN.o
                0x00003944                CAN_Tx_Call_X
 .text.CAN_Tx_Call
                0x00003a18        0xc ./Sources/common/HW_Driver/CAN.o
                0x00003a18                CAN_Tx_Call
 .text.J1939_CAN_Init
                0x00003a24      0x244 ./Sources/common/HW_Driver/CAN.o
                0x00003a24                J1939_CAN_Init
 .text.CAN0_ORed_0_31_MB_IRQHandler
                0x00003c68       0xe0 ./Sources/common/HW_Driver/CAN.o
                0x00003c68                CAN0_ORed_0_31_MB_IRQHandler
 .text.CAN0_ORed_Err_Wakeup_IRQHandler
                0x00003d48       0x58 ./Sources/common/HW_Driver/CAN.o
                0x00003d48                CAN0_ORed_Err_Wakeup_IRQHandler
 .text.u8_comm_init
                0x00003da0       0x10 ./Sources/common/Comm_Mgt/comm_mgt.o
                0x00003da0                u8_comm_init
 .text.u8_comm_task
                0x00003db0       0x1c ./Sources/common/Comm_Mgt/comm_mgt.o
                0x00003db0                u8_comm_task
 .text.u8_int_Write_PGN64923_SPN3515
                0x00003dcc       0x10 ./Sources/common/Comm_Mgt/Int_Mgt/Int_interface.o
                0x00003dcc                u8_int_Write_PGN64923_SPN3515
 .text.u8_int_Write_PGN64923_SPN3516
                0x00003ddc       0x10 ./Sources/common/Comm_Mgt/Int_Mgt/Int_interface.o
                0x00003ddc                u8_int_Write_PGN64923_SPN3516
 .text.u8_int_Write_PGN64923_SPN3519
                0x00003dec       0x14 ./Sources/common/Comm_Mgt/Int_Mgt/Int_interface.o
                0x00003dec                u8_int_Write_PGN64923_SPN3519
 .text.u8_int_Write_PGN64923_SPN3520
                0x00003e00       0x14 ./Sources/common/Comm_Mgt/Int_Mgt/Int_interface.o
                0x00003e00                u8_int_Write_PGN64923_SPN3520
 .text.u8_int_Write_PGN64923_SPN3521
                0x00003e14       0x14 ./Sources/common/Comm_Mgt/Int_Mgt/Int_interface.o
                0x00003e14                u8_int_Write_PGN64923_SPN3521
 .text.u8_int_Write_PGN65110_SPN1761
                0x00003e28       0x10 ./Sources/common/Comm_Mgt/Int_Mgt/Int_interface.o
                0x00003e28                u8_int_Write_PGN65110_SPN1761
 .text.u8_int_Write_PGN65110_SPN3031
                0x00003e38       0x10 ./Sources/common/Comm_Mgt/Int_Mgt/Int_interface.o
                0x00003e38                u8_int_Write_PGN65110_SPN3031
 .text.u8_int_Write_PGN65110_SPN3517
                0x00003e48       0x10 ./Sources/common/Comm_Mgt/Int_Mgt/Int_interface.o
                0x00003e48                u8_int_Write_PGN65110_SPN3517
 .text.u8_int_Write_PGN65110_SPN3532
                0x00003e58       0x14 ./Sources/common/Comm_Mgt/Int_Mgt/Int_interface.o
                0x00003e58                u8_int_Write_PGN65110_SPN3532
 .text.u8_int_Write_PGN65110_SPN4365
                0x00003e6c       0x14 ./Sources/common/Comm_Mgt/Int_Mgt/Int_interface.o
                0x00003e6c                u8_int_Write_PGN65110_SPN4365
 .text.u8_int_ReadTxMsgState
                0x00003e80        0xc ./Sources/common/Comm_Mgt/Int_Mgt/Int_interface.o
                0x00003e80                u8_int_ReadTxMsgState
 .text.u8_int_Init
                0x00003e8c       0x10 ./Sources/common/Comm_Mgt/Int_Mgt/Int_interface.o
                0x00003e8c                u8_int_Init
 .text.u8_int_task
                0x00003e9c       0x84 ./Sources/common/Comm_Mgt/Int_Mgt/Int_interface.o
                0x00003e9c                u8_int_task
 .text.u8_int_TxCallback
                0x00003f20       0x3c ./Sources/common/Comm_Mgt/Int_Mgt/Int_interface.o
                0x00003f20                u8_int_TxCallback
 .text.u8_cancomm_Init
                0x00003f5c       0x30 ./Sources/common/Comm_Mgt/Can_Com/can_com.o
                0x00003f5c                u8_cancomm_Init
 .text.u8_cancomm_RxCallback
                0x00003f8c        0xc ./Sources/common/Comm_Mgt/Can_Com/can_com.o
                0x00003f8c                u8_cancomm_RxCallback
 .text.u8_cancomm_TxOKCallback
                0x00003f98       0x44 ./Sources/common/Comm_Mgt/Can_Com/can_com.o
                0x00003f98                u8_cancomm_TxOKCallback
 .text.u8_cancomm_ErrCallback
                0x00003fdc        0x8 ./Sources/common/Comm_Mgt/Can_Com/can_com.o
                0x00003fdc                u8_cancomm_ErrCallback
 .text.u8_cancomm_TxCall
                0x00003fe4       0x90 ./Sources/common/Comm_Mgt/Can_Com/can_com.o
                0x00003fe4                u8_cancomm_TxCall
 .text.u8_cancomm_TxOneFrame
                0x00004074       0xd0 ./Sources/common/Comm_Mgt/Can_Com/can_com.o
                0x00004074                u8_cancomm_TxOneFrame
 .text.u8_can_CANErr_Callback
                0x00004144        0x4 ./Sources/common/Comm_Mgt/Can_Com/can_busoff.o
                0x00004144                u8_can_CANErr_Callback
 .text.u8_task_AppMgt_1ms
                0x00004148       0x50 ./Sources/common/APP/task/APP_Task_Mgt.o
                0x00004148                u8_task_AppMgt_1ms
 .text.u8_task_AppInit
                0x00004198        0x4 ./Sources/common/APP/task/APP_Task_Mgt.o
                0x00004198                u8_task_AppInit
 .text.SysTick_Handler
                0x0000419c       0x10 ./SDK/rtos/osif/osif_baremetal.o
                0x0000419c                SysTick_Handler
 .text.OSIF_SemaWait
                0x000041ac       0x88 ./SDK/rtos/osif/osif_baremetal.o
                0x000041ac                OSIF_SemaWait
 .text.OSIF_SemaPost
                0x00004234       0x30 ./SDK/rtos/osif/osif_baremetal.o
                0x00004234                OSIF_SemaPost
 .text.OSIF_SemaCreate
                0x00004264       0x1c ./SDK/rtos/osif/osif_baremetal.o
                0x00004264                OSIF_SemaCreate
 .text.PINS_Init
                0x00004280      0x130 ./SDK/platform/drivers/src/pins/pins_port_hw_access.o
                0x00004280                PINS_Init
 .text.PINS_DRV_Init
                0x000043b0       0x2c ./SDK/platform/drivers/src/pins/pins_driver.o
                0x000043b0                PINS_DRV_Init
 .text.PDB_Init
                0x000043dc       0xbc ./SDK/platform/drivers/src/pdb/pdb_hw_access.o
                0x000043dc                PDB_Init
 .text.PDB_ConfigTimer
                0x00004498       0x80 ./SDK/platform/drivers/src/pdb/pdb_hw_access.o
                0x00004498                PDB_ConfigTimer
 .text.PDB_SetAdcPreTriggerBackToBackEnable
                0x00004518       0x44 ./SDK/platform/drivers/src/pdb/pdb_hw_access.o
                0x00004518                PDB_SetAdcPreTriggerBackToBackEnable
 .text.PDB_SetAdcPreTriggerOutputEnable
                0x0000455c       0x3c ./SDK/platform/drivers/src/pdb/pdb_hw_access.o
                0x0000455c                PDB_SetAdcPreTriggerOutputEnable
 .text.PDB_SetAdcPreTriggerEnable
                0x00004598       0x3c ./SDK/platform/drivers/src/pdb/pdb_hw_access.o
                0x00004598                PDB_SetAdcPreTriggerEnable
 .text.PDB_DRV_Init
                0x000045d4       0x54 ./SDK/platform/drivers/src/pdb/pdb_driver.o
                0x000045d4                PDB_DRV_Init
 .text.PDB_DRV_Enable
                0x00004628       0x18 ./SDK/platform/drivers/src/pdb/pdb_driver.o
                0x00004628                PDB_DRV_Enable
 .text.PDB_DRV_SoftTriggerCmd
                0x00004640       0x1c ./SDK/platform/drivers/src/pdb/pdb_driver.o
                0x00004640                PDB_DRV_SoftTriggerCmd
 .text.PDB_DRV_LoadValuesCmd
                0x0000465c       0x18 ./SDK/platform/drivers/src/pdb/pdb_driver.o
                0x0000465c                PDB_DRV_LoadValuesCmd
 .text.PDB_DRV_SetTimerModulusValue
                0x00004674       0x1c ./SDK/platform/drivers/src/pdb/pdb_driver.o
                0x00004674                PDB_DRV_SetTimerModulusValue
 .text.PDB_DRV_ConfigAdcPreTrigger
                0x00004690       0x58 ./SDK/platform/drivers/src/pdb/pdb_driver.o
                0x00004690                PDB_DRV_ConfigAdcPreTrigger
 .text.PDB_DRV_SetAdcPreTriggerDelayValue
                0x000046e8       0x54 ./SDK/platform/drivers/src/pdb/pdb_driver.o
                0x000046e8                PDB_DRV_SetAdcPreTriggerDelayValue
 .text.LPSPI_DRV_SlaveInit
                0x0000473c      0x10c ./SDK/platform/drivers/src/lpspi/lpspi_slave_driver.o
                0x0000473c                LPSPI_DRV_SlaveInit
 .text.LPSPI_DRV_SlaveTransfer
                0x00004848      0x1f8 ./SDK/platform/drivers/src/lpspi/lpspi_slave_driver.o
                0x00004848                LPSPI_DRV_SlaveTransfer
 .text.LPSPI_DRV_SlaveAbortTransfer
                0x00004a40       0x84 ./SDK/platform/drivers/src/lpspi/lpspi_slave_driver.o
                0x00004a40                LPSPI_DRV_SlaveAbortTransfer
 .text.LPSPI_DRV_SlaveTransferBlocking
                0x00004ac4       0x5c ./SDK/platform/drivers/src/lpspi/lpspi_slave_driver.o
                0x00004ac4                LPSPI_DRV_SlaveTransferBlocking
 .text.LPSPI_DRV_SlaveCompleteDMATransfer
                0x00004b20       0x20 ./SDK/platform/drivers/src/lpspi/lpspi_slave_driver.o
 .text.LPSPI_DRV_SlaveIRQHandler
                0x00004b40       0xcc ./SDK/platform/drivers/src/lpspi/lpspi_slave_driver.o
                0x00004b40                LPSPI_DRV_SlaveIRQHandler
 .text.LPSPI_DRV_IRQHandler
                0x00004c0c       0x24 ./SDK/platform/drivers/src/lpspi/lpspi_shared_function.o
                0x00004c0c                LPSPI_DRV_IRQHandler
 .text.LPSPI_DRV_FillupTxBuffer
                0x00004c30      0x110 ./SDK/platform/drivers/src/lpspi/lpspi_shared_function.o
                0x00004c30                LPSPI_DRV_FillupTxBuffer
 .text.LPSPI_DRV_ReadRXBuffer
                0x00004d40      0x108 ./SDK/platform/drivers/src/lpspi/lpspi_shared_function.o
                0x00004d40                LPSPI_DRV_ReadRXBuffer
 .text.LPSPI_DRV_DisableTEIEInterrupts
                0x00004e48       0x38 ./SDK/platform/drivers/src/lpspi/lpspi_shared_function.o
                0x00004e48                LPSPI_DRV_DisableTEIEInterrupts
 .text.LPSPI_DRV_MasterCompleteTransfer
                0x00004e80       0x7c ./SDK/platform/drivers/src/lpspi/lpspi_master_driver.o
 .text.LPSPI_DRV_MasterAbortTransfer
                0x00004efc       0x44 ./SDK/platform/drivers/src/lpspi/lpspi_master_driver.o
                0x00004efc                LPSPI_DRV_MasterAbortTransfer
 .text.LPSPI_DRV_MasterIRQHandler
                0x00004f40       0xb0 ./SDK/platform/drivers/src/lpspi/lpspi_master_driver.o
                0x00004f40                LPSPI_DRV_MasterIRQHandler
 .text.LPSPI0_IRQHandler
                0x00004ff0        0xc ./SDK/platform/drivers/src/lpspi/lpspi_irq.o
                0x00004ff0                LPSPI0_IRQHandler
 .text.LPSPI_Init
                0x00004ffc        0xc ./SDK/platform/drivers/src/lpspi/lpspi_hw_access.o
                0x00004ffc                LPSPI_Init
 .text.LPSPI_SetMasterSlaveMode
                0x00005008       0x18 ./SDK/platform/drivers/src/lpspi/lpspi_hw_access.o
                0x00005008                LPSPI_SetMasterSlaveMode
 .text.LPSPI_GetFifoSizes
                0x00005020       0x24 ./SDK/platform/drivers/src/lpspi/lpspi_hw_access.o
                0x00005020                LPSPI_GetFifoSizes
 .text.LPSPI_SetFlushFifoCmd
                0x00005044       0x10 ./SDK/platform/drivers/src/lpspi/lpspi_hw_access.o
                0x00005044                LPSPI_SetFlushFifoCmd
 .text.LPSPI_ClearStatusFlag
                0x00005054       0x38 ./SDK/platform/drivers/src/lpspi/lpspi_hw_access.o
                0x00005054                LPSPI_ClearStatusFlag
 .text.LPSPI_SetPcsPolarityMode
                0x0000508c       0x20 ./SDK/platform/drivers/src/lpspi/lpspi_hw_access.o
                0x0000508c                LPSPI_SetPcsPolarityMode
 .text.LPSPI_SetPinConfigMode
                0x000050ac       0x30 ./SDK/platform/drivers/src/lpspi/lpspi_hw_access.o
                0x000050ac                LPSPI_SetPinConfigMode
 .text.LPSPI_SetTxCommandReg
                0x000050dc       0x50 ./SDK/platform/drivers/src/lpspi/lpspi_hw_access.o
                0x000050dc                LPSPI_SetTxCommandReg
 .text.INT_SYS_InstallHandler
                0x0000512c       0x60 ./SDK/platform/drivers/src/interrupt/interrupt_manager.o
                0x0000512c                INT_SYS_InstallHandler
 .text.INT_SYS_EnableIRQ
                0x0000518c       0x2c ./SDK/platform/drivers/src/interrupt/interrupt_manager.o
                0x0000518c                INT_SYS_EnableIRQ
 .text.INT_SYS_DisableIRQ
                0x000051b8       0x2c ./SDK/platform/drivers/src/interrupt/interrupt_manager.o
                0x000051b8                INT_SYS_DisableIRQ
 .text.INT_SYS_EnableIRQGlobal
                0x000051e4       0x1c ./SDK/platform/drivers/src/interrupt/interrupt_manager.o
                0x000051e4                INT_SYS_EnableIRQGlobal
 .text.INT_SYS_DisableIRQGlobal
                0x00005200       0x10 ./SDK/platform/drivers/src/interrupt/interrupt_manager.o
                0x00005200                INT_SYS_DisableIRQGlobal
 .text.DMA0_IRQHandler
                0x00005210        0xc ./SDK/platform/drivers/src/edma/edma_irq.o
                0x00005210                DMA0_IRQHandler
 .text.DMA1_IRQHandler
                0x0000521c        0xc ./SDK/platform/drivers/src/edma/edma_irq.o
                0x0000521c                DMA1_IRQHandler
 .text.DMA2_IRQHandler
                0x00005228        0xc ./SDK/platform/drivers/src/edma/edma_irq.o
                0x00005228                DMA2_IRQHandler
 .text.DMA3_IRQHandler
                0x00005234        0xc ./SDK/platform/drivers/src/edma/edma_irq.o
                0x00005234                DMA3_IRQHandler
 .text.DMA_Error_IRQHandler
                0x00005240       0x24 ./SDK/platform/drivers/src/edma/edma_irq.o
                0x00005240                DMA_Error_IRQHandler
 .text.EDMA_SetDmaRequestCmd
                0x00005264        0xc ./SDK/platform/drivers/src/edma/edma_hw_access.o
                0x00005264                EDMA_SetDmaRequestCmd
 .text.EDMA_TCDClearReg
                0x00005270       0x48 ./SDK/platform/drivers/src/edma/edma_hw_access.o
                0x00005270                EDMA_TCDClearReg
 .text.EDMA_TCDSetAttribute
                0x000052b8       0x3c ./SDK/platform/drivers/src/edma/edma_hw_access.o
                0x000052b8                EDMA_TCDSetAttribute
 .text.EDMA_TCDSetNbytes
                0x000052f4       0x68 ./SDK/platform/drivers/src/edma/edma_hw_access.o
                0x000052f4                EDMA_TCDSetNbytes
 .text.EDMA_TCDSetMajorCount
                0x0000535c       0x74 ./SDK/platform/drivers/src/edma/edma_hw_access.o
                0x0000535c                EDMA_TCDSetMajorCount
 .text.EDMA_DRV_ClearIntStatus
                0x000053d0       0x24 ./SDK/platform/drivers/src/edma/edma_driver.o
 .text.EDMA_DRV_InstallCallback
                0x000053f4       0x2c ./SDK/platform/drivers/src/edma/edma_driver.o
                0x000053f4                EDMA_DRV_InstallCallback
 .text.EDMA_DRV_IRQHandler
                0x00005420       0x28 ./SDK/platform/drivers/src/edma/edma_driver.o
                0x00005420                EDMA_DRV_IRQHandler
 .text.EDMA_DRV_ErrorIRQHandler
                0x00005448       0x50 ./SDK/platform/drivers/src/edma/edma_driver.o
                0x00005448                EDMA_DRV_ErrorIRQHandler
 .text.EDMA_DRV_ConfigSingleBlockTransfer
                0x00005498      0x1b4 ./SDK/platform/drivers/src/edma/edma_driver.o
                0x00005498                EDMA_DRV_ConfigSingleBlockTransfer
 .text.EDMA_DRV_ConfigMultiBlockTransfer
                0x0000564c       0x6c ./SDK/platform/drivers/src/edma/edma_driver.o
                0x0000564c                EDMA_DRV_ConfigMultiBlockTransfer
 .text.EDMA_DRV_StartChannel
                0x000056b8       0x3c ./SDK/platform/drivers/src/edma/edma_driver.o
                0x000056b8                EDMA_DRV_StartChannel
 .text.EDMA_DRV_GetDmaRegBaseAddr
                0x000056f4       0x10 ./SDK/platform/drivers/src/edma/edma_driver.o
                0x000056f4                EDMA_DRV_GetDmaRegBaseAddr
 .text.CLOCK_SYS_Init
                0x00005704       0x28 ./SDK/platform/drivers/src/clock/clock_manager.o
                0x00005704                CLOCK_SYS_Init
 .text.CLOCK_SYS_UpdateConfiguration
                0x0000572c      0x120 ./SDK/platform/drivers/src/clock/clock_manager.o
                0x0000572c                CLOCK_SYS_UpdateConfiguration
 .text.CLOCK_SYS_GetCurrentRunMode
                0x0000584c       0x28 ./SDK/platform/drivers/src/clock/S32K1xx/clock_S32K1xx.o
 .text.CLOCK_SYS_GetSysOscFreq
                0x00005874       0x1c ./SDK/platform/drivers/src/clock/S32K1xx/clock_S32K1xx.o
 .text.CLOCK_SYS_ConfigureSOSC
                0x00005890      0x124 ./SDK/platform/drivers/src/clock/S32K1xx/clock_S32K1xx.o
 .text.CLOCK_SYS_GetSircFreq
                0x000059b4       0x2c ./SDK/platform/drivers/src/clock/S32K1xx/clock_S32K1xx.o
 .text.CLOCK_SYS_ConfigureSIRC
                0x000059e0       0xc0 ./SDK/platform/drivers/src/clock/S32K1xx/clock_S32K1xx.o
 .text.CLOCK_SYS_GetFircFreq
                0x00005aa0       0x28 ./SDK/platform/drivers/src/clock/S32K1xx/clock_S32K1xx.o
 .text.CLOCK_SYS_ConfigureFIRC
                0x00005ac8       0xb8 ./SDK/platform/drivers/src/clock/S32K1xx/clock_S32K1xx.o
 .text.CLOCK_SYS_SetSystemClockConfig
                0x00005b80      0x138 ./SDK/platform/drivers/src/clock/S32K1xx/clock_S32K1xx.o
 .text.CLOCK_SYS_TransitionSystemClock
                0x00005cb8       0x58 ./SDK/platform/drivers/src/clock/S32K1xx/clock_S32K1xx.o
 .text.CLOCK_SYS_GetSystemClockFreq
                0x00005d10       0x78 ./SDK/platform/drivers/src/clock/S32K1xx/clock_S32K1xx.o
 .text.CLOCK_SYS_GetScgClkOutFreq
                0x00005d88       0x40 ./SDK/platform/drivers/src/clock/S32K1xx/clock_S32K1xx.o
 .text.CLOCK_SYS_GetSysAsyncFreq
                0x00005dc8       0xb4 ./SDK/platform/drivers/src/clock/S32K1xx/clock_S32K1xx.o
 .text.CLOCK_SYS_GetSimRtcClkFreq
                0x00005e7c       0x54 ./SDK/platform/drivers/src/clock/S32K1xx/clock_S32K1xx.o
 .text.CLOCK_SYS_GetPeripheralClock
                0x00005ed0       0x68 ./SDK/platform/drivers/src/clock/S32K1xx/clock_S32K1xx.o
 .text.CLOCK_SYS_GetLpoFreq
                0x00005f38       0x50 ./SDK/platform/drivers/src/clock/S32K1xx/clock_S32K1xx.o
 .text.CLOCK_SYS_GetSimClkOutFreq
                0x00005f88       0x80 ./SDK/platform/drivers/src/clock/S32K1xx/clock_S32K1xx.o
 .text.CLOCK_SYS_SetConfiguration
                0x00006008      0x560 ./SDK/platform/drivers/src/clock/S32K1xx/clock_S32K1xx.o
                0x00006008                CLOCK_SYS_SetConfiguration
 .text.CLOCK_SYS_GetFreq
                0x00006568      0x37c ./SDK/platform/drivers/src/clock/S32K1xx/clock_S32K1xx.o
                0x00006568                CLOCK_SYS_GetFreq
 .text.ADC_DRV_ConfigConverter
                0x000068e4      0x160 ./SDK/platform/drivers/src/adc/adc_driver.o
                0x000068e4                ADC_DRV_ConfigConverter
 .text.ADC_DRV_ConfigChan
                0x00006a44       0xac ./SDK/platform/drivers/src/adc/adc_driver.o
                0x00006a44                ADC_DRV_ConfigChan
 .text.ADC_DRV_GetChanResult
                0x00006af0       0x2c ./SDK/platform/drivers/src/adc/adc_driver.o
                0x00006af0                ADC_DRV_GetChanResult
 .text.ADC_DRV_AutoCalibration
                0x00006b1c       0xbc ./SDK/platform/drivers/src/adc/adc_driver.o
                0x00006b1c                ADC_DRV_AutoCalibration
 .text.init_data_bss
                0x00006bd8       0xb0 ./SDK/platform/devices/startup.o
                0x00006bd8                init_data_bss
 .text.SystemInit
                0x00006c88       0x24 ./SDK/platform/devices/S32K116/startup/system_S32K116.o
                0x00006c88                SystemInit
 .text.memset   0x00006cac       0x10 C:/NXP/S32DS_ARM_v2018.R1/Cross_Tools/gcc-arm-none-eabi-4_9/arm-none-eabi/newlib/lib/armv6-m\libc_nano.a(lib_a-memset.o)
                0x00006cac                memset
 *(.rodata)
 .rodata        0x00006cbc       0x24 ./SDK/platform/drivers/src/clock/S32K1xx/clock_S32K1xx.o
 .rodata        0x00006ce0       0x80 c:/nxp/s32ds_arm_v2018.r1/cross_tools/gcc-arm-none-eabi-4_9/bin/../lib/gcc/arm-none-eabi/4.9.3/armv6-m\libgcc.a(divsf3.o)
 .rodata        0x00006d60       0x40 c:/nxp/s32ds_arm_v2018.r1/cross_tools/gcc-arm-none-eabi-4_9/bin/../lib/gcc/arm-none-eabi/4.9.3/armv6-m\libgcc.a(mulsf3.o)
 .rodata        0x00006da0       0x40 c:/nxp/s32ds_arm_v2018.r1/cross_tools/gcc-arm-none-eabi-4_9/bin/../lib/gcc/arm-none-eabi/4.9.3/armv6-m\libgcc.a(divdf3.o)
 .rodata        0x00006de0       0x40 c:/nxp/s32ds_arm_v2018.r1/cross_tools/gcc-arm-none-eabi-4_9/bin/../lib/gcc/arm-none-eabi/4.9.3/armv6-m\libgcc.a(muldf3.o)
 *(.rodata*)
 .rodata.fircFreq.6062
                0x00006e20       0x10 ./SDK/platform/drivers/src/clock/S32K1xx/clock_S32K1xx.o
 .rodata.clockNameMappings
                0x00006e30       0x8a ./SDK/platform/drivers/src/clock/S32K1xx/clock_S32K1xx.o
                0x00006e30                clockNameMappings
 *fill*         0x00006eba        0x2 
 .rodata.peripheralFeaturesList
                0x00006ebc       0x45 ./SDK/platform/drivers/src/clock/S32K1xx/clock_S32K1xx.o
                0x00006ebc                peripheralFeaturesList
 *fill*         0x00006f01        0x3 
 .rodata.pdly1_AdcTrigInitConfig0
                0x00006f04       0x10 ./Generated_Code/pdly1.o
                0x00006f04                pdly1_AdcTrigInitConfig0
 .rodata.pdly1_AdcTrigInitConfig1
                0x00006f14       0x10 ./Generated_Code/pdly1.o
                0x00006f14                pdly1_AdcTrigInitConfig1
 .rodata.pdly1_AdcTrigInitConfig2
                0x00006f24       0x10 ./Generated_Code/pdly1.o
                0x00006f24                pdly1_AdcTrigInitConfig2
 .rodata.pdly1_InitConfig0
                0x00006f34       0x18 ./Generated_Code/pdly1.o
                0x00006f34                pdly1_InitConfig0
 .rodata.lpspiCom1_SlaveConfig0
                0x00006f4c       0x18 ./Generated_Code/lpspiCom1.o
                0x00006f4c                lpspiCom1_SlaveConfig0
 .rodata.adConv1_ConvConfig0
                0x00006f64       0x18 ./Generated_Code/adConv1.o
                0x00006f64                adConv1_ConvConfig0
 .rodata.adConv1_ChnConfig0
                0x00006f7c        0x8 ./Generated_Code/adConv1.o
                0x00006f7c                adConv1_ChnConfig0
 .rodata.adConv1_ChnConfig1
                0x00006f84        0x8 ./Generated_Code/adConv1.o
                0x00006f84                adConv1_ChnConfig1
 .rodata.adConv1_ChnConfig2
                0x00006f8c        0x8 ./Generated_Code/adConv1.o
                0x00006f8c                adConv1_ChnConfig2
 *(.glue_7)
 .glue_7        0x00000000        0x0 linker stubs
 *(.glue_7t)
 .glue_7t       0x00000000        0x0 linker stubs
 *(.eh_frame)
 .eh_frame      0x00006f94        0x0 c:/nxp/s32ds_arm_v2018.r1/cross_tools/gcc-arm-none-eabi-4_9/bin/../lib/gcc/arm-none-eabi/4.9.3/armv6-m/crtbegin.o
 *(.init)
 .init          0x00006f94        0x4 c:/nxp/s32ds_arm_v2018.r1/cross_tools/gcc-arm-none-eabi-4_9/bin/../lib/gcc/arm-none-eabi/4.9.3/armv6-m/crti.o
                0x00006f94                _init
 .init          0x00006f98        0x8 c:/nxp/s32ds_arm_v2018.r1/cross_tools/gcc-arm-none-eabi-4_9/bin/../lib/gcc/arm-none-eabi/4.9.3/armv6-m/crtn.o
 *(.fini)
 .fini          0x00006fa0        0x4 c:/nxp/s32ds_arm_v2018.r1/cross_tools/gcc-arm-none-eabi-4_9/bin/../lib/gcc/arm-none-eabi/4.9.3/armv6-m/crti.o
                0x00006fa0                _fini
 .fini          0x00006fa4        0x8 c:/nxp/s32ds_arm_v2018.r1/cross_tools/gcc-arm-none-eabi-4_9/bin/../lib/gcc/arm-none-eabi/4.9.3/armv6-m/crtn.o
                0x00006fac                . = ALIGN (0x4)

.vfp11_veneer   0x00006fac        0x0
 .vfp11_veneer  0x00000000        0x0 linker stubs

.v4_bx          0x00006fac        0x0
 .v4_bx         0x00000000        0x0 linker stubs

.iplt           0x00006fac        0x0
 .iplt          0x00000000        0x0 c:/nxp/s32ds_arm_v2018.r1/cross_tools/gcc-arm-none-eabi-4_9/bin/../lib/gcc/arm-none-eabi/4.9.3/armv6-m/crtbegin.o

.rel.dyn        0x00006fac        0x0
 .rel.iplt      0x00000000        0x0 c:/nxp/s32ds_arm_v2018.r1/cross_tools/gcc-arm-none-eabi-4_9/bin/../lib/gcc/arm-none-eabi/4.9.3/armv6-m/crtbegin.o

.ARM.extab
 *(.ARM.extab* .gnu.linkonce.armextab.*)

.ARM            0x00006fac        0x0
                0x00006fac                __exidx_start = .
 *(.ARM.exidx*)
                0x00006fac                __exidx_end = .

.ctors          0x00006fac        0x0
                0x00006fac                __CTOR_LIST__ = .
 *crtbegin.o(.ctors)
 *crtbegin?.o(.ctors)
 *(EXCLUDE_FILE(*crtend.o *crtend?.o) .ctors)
 *(SORT(.ctors.*))
 *(.ctors)
                0x00006fac                __CTOR_END__ = .

.dtors          0x00006fac        0x0
                0x00006fac                __DTOR_LIST__ = .
 *crtbegin.o(.dtors)
 *crtbegin?.o(.dtors)
 *(EXCLUDE_FILE(*crtend.o *crtend?.o) .dtors)
 *(SORT(.dtors.*))
 *(.dtors)
                0x00006fac                __DTOR_END__ = .

.preinit_array  0x00006fac        0x0
                0x00006fac                PROVIDE (__preinit_array_start, .)
 *(.preinit_array*)
                0x00006fac                PROVIDE (__preinit_array_end, .)

.init_array     0x00006fac        0x4
                0x00006fac                PROVIDE (__init_array_start, .)
 *(SORT(.init_array.*))
 *(.init_array*)
 .init_array    0x00006fac        0x4 c:/nxp/s32ds_arm_v2018.r1/cross_tools/gcc-arm-none-eabi-4_9/bin/../lib/gcc/arm-none-eabi/4.9.3/armv6-m/crtbegin.o
                0x00006fb0                PROVIDE (__init_array_end, .)

.fini_array     0x00006fb0        0x4
                0x00006fb0                PROVIDE (__fini_array_start, .)
 *(SORT(.fini_array.*))
 *(.fini_array*)
 .fini_array    0x00006fb0        0x4 c:/nxp/s32ds_arm_v2018.r1/cross_tools/gcc-arm-none-eabi-4_9/bin/../lib/gcc/arm-none-eabi/4.9.3/armv6-m/crtbegin.o
                0x00006fb4                PROVIDE (__fini_array_end, .)
                0x00006fb4                __etext = .
                0x00006fb4                __DATA_ROM = .

.interrupts_ram
                0x20000000       0xc0
                0x20000000                . = ALIGN (0x4)
                0x20000000                __VECTOR_RAM__ = .
                0x20000000                __RAM_START = .
                0x20000000                __interrupts_ram_start__ = .
 *(.m_interrupts_ram)
                0x200000c0                . = (. + M_VECTOR_RAM_SIZE)
 *fill*         0x20000000       0xc0 
                0x200000c0                . = ALIGN (0x4)
                0x200000c0                __interrupts_ram_end__ = .
                0x20000000                __VECTOR_RAM = DEFINED (__flash_vector_table__)?ORIGIN (m_interrupts):__VECTOR_RAM__
                0x000000c0                __RAM_VECTOR_TABLE_SIZE = DEFINED (__flash_vector_table__)?0x0:(__interrupts_ram_end__ - __interrupts_ram_start__)

.data           0x200000c0      0xab4 load address 0x00006fb4
                0x200000c0                . = ALIGN (0x4)
                0x200000c0                __DATA_RAM = .
                0x200000c0                __data_start__ = .
 *(.data)
 *(.data*)
 .data.transLength
                0x200000c0        0x4 ./Sources/tof_capture.o
                0x200000c0                transLength
 .data.C2_CALCON_RU8_YCON
                0x200000c4        0xa ./Sources/common/ultrasonic.o
                0x200000c4                C2_CALCON_RU8_YCON
 *fill*         0x200000ce        0x2 
 .data.C2_CALCON_TABLE
                0x200000d0      0x190 ./Sources/common/ultrasonic.o
                0x200000d0                C2_CALCON_TABLE
 .data.C2_CALCON_RU8_XTEMP
                0x20000260       0x14 ./Sources/common/ultrasonic.o
                0x20000260                C2_CALCON_RU8_XTEMP
 .data.C1_TMR_ADVAL
                0x20000274       0x1e ./Sources/common/tmr_level.o
                0x20000274                C1_TMR_ADVAL
 *fill*         0x20000292        0x2 
 .data.C1_TMR_LEVEL
                0x20000294       0x1e ./Sources/common/tmr_level.o
                0x20000294                C1_TMR_LEVEL
 *fill*         0x200002b2        0x2 
 .data.ntc_liquid
                0x200002b4      0x104 ./Sources/common/ntc_calibration.o
                0x200002b4                ntc_liquid
 .data.v_func_local
                0x200003b8        0x4 ./Sources/common/HW_Driver/prj_gpio.o
                0x200003b8                v_func_local
 .data.hw_BackServerISR_func
                0x200003bc        0x4 ./Sources/common/HW_Driver/hw_abstract.o
                0x200003bc                hw_BackServerISR_func
 .data.CAN_Addr
                0x200003c0        0x4 ./Sources/common/HW_Driver/CAN.o
                0x200003c0                CAN_Addr
 .data.g_lpspiIrqId
                0x200003c4        0x1 ./SDK/platform/drivers/src/lpspi/lpspi_shared_function.o
                0x200003c4                g_lpspiIrqId
 *fill*         0x200003c5        0x3 
 .data.g_lpspiBase
                0x200003c8        0x4 ./SDK/platform/drivers/src/lpspi/lpspi_shared_function.o
                0x200003c8                g_lpspiBase
 .data.peripheralClockConfig.5819
                0x200003cc      0x108 ./SDK/platform/drivers/src/clock/S32K1xx/clock_S32K1xx.o
 .data.g_pin_mux_InitConfigArr
                0x200004d4      0x540 ./Generated_Code/pin_mux.o
                0x200004d4                g_pin_mux_InitConfigArr
 .data.clockMan1_InitConfig0
                0x20000a14       0xec ./Generated_Code/clockMan1.o
                0x20000a14                clockMan1_InitConfig0
 .data.peripheralClockConfig0
                0x20000b00       0x6c ./Generated_Code/clockMan1.o
                0x20000b00                peripheralClockConfig0
 .data.g_clockManConfigsArr
                0x20000b6c        0x4 ./Generated_Code/clockMan1.o
                0x20000b6c                g_clockManConfigsArr
 *(.jcr*)
 .jcr           0x20000b70        0x0 c:/nxp/s32ds_arm_v2018.r1/cross_tools/gcc-arm-none-eabi-4_9/bin/../lib/gcc/arm-none-eabi/4.9.3/armv6-m/crtbegin.o
 .jcr           0x20000b70        0x4 c:/nxp/s32ds_arm_v2018.r1/cross_tools/gcc-arm-none-eabi-4_9/bin/../lib/gcc/arm-none-eabi/4.9.3/armv6-m/crtend.o
                0x20000b74                . = ALIGN (0x4)
                0x20000b74                __data_end__ = .
                0x00007a68                __DATA_END = (__DATA_ROM + (__data_end__ - __data_start__))
                0x00007a68                __CODE_ROM = __DATA_END

.igot.plt       0x20000b74        0x0 load address 0x00007a68
 .igot.plt      0x00000000        0x0 c:/nxp/s32ds_arm_v2018.r1/cross_tools/gcc-arm-none-eabi-4_9/bin/../lib/gcc/arm-none-eabi/4.9.3/armv6-m/crtbegin.o

.code           0x20000b74        0x0 load address 0x00007a68
                0x20000b74                . = ALIGN (0x4)
                0x20000b74                __CODE_RAM = .
                0x20000b74                __code_start__ = .
 *(.code_ram)
                0x20000b74                . = ALIGN (0x4)
                0x20000b74                __code_end__ = .
                0x00007a68                __CODE_END = (__CODE_ROM + (__code_end__ - __code_start__))

.customSectionBlock
 *(.customSection)

.bss            0x200020c0      0x1f0
                0x200020c0                . = ALIGN (0x4)
                0x200020c0                __BSS_START = .
                0x200020c0                __bss_start__ = .
 *(.bss)
 .bss           0x200020c0       0x1c c:/nxp/s32ds_arm_v2018.r1/cross_tools/gcc-arm-none-eabi-4_9/bin/../lib/gcc/arm-none-eabi/4.9.3/armv6-m/crtbegin.o
 *(.bss*)
 .bss.rf_us_tof_level.7166
                0x200020dc        0x4 ./Sources/main.o
 .bss.rf_Velocity.7169
                0x200020e0        0x4 ./Sources/main.o
 .bss.rf_ult_temp.7171
                0x200020e4        0x2 ./Sources/main.o
 *fill*         0x200020e6        0x2 
 .bss.rf_us_tof_concentra.7167
                0x200020e8        0x4 ./Sources/main.o
 .bss.ru8_concentration.6817
                0x200020ec        0x1 ./Sources/common/ultrasonic.o
 *fill*         0x200020ed        0x1 
 .bss.rf32_ltmr.6811
                0x200020ee        0x2 ./Sources/common/adsample.o
 .bss.rf32_pcb_temp.6817
                0x200020f0        0x1 ./Sources/common/adsample.o
 .bss.ntctemp.6822
                0x200020f1        0x1 ./Sources/common/adsample.o
 .bss.task_100ms_OK
                0x200020f2        0x1 ./Sources/common/HW_Driver/hw_abstract.o
                0x200020f2                task_100ms_OK
 .bss.task_100ms_Cnt
                0x200020f3        0x1 ./Sources/common/HW_Driver/hw_abstract.o
                0x200020f3                task_100ms_Cnt
 .bss.task_1ms_OK
                0x200020f4        0x1 ./Sources/common/HW_Driver/hw_abstract.o
                0x200020f4                task_1ms_OK
 .bss.u8_timer_cnt
                0x200020f5        0x1 ./Sources/common/HW_Driver/hw_abstract.o
                0x200020f5                u8_timer_cnt
 .bss.task_5ms_OK
                0x200020f6        0x1 ./Sources/common/HW_Driver/hw_abstract.o
                0x200020f6                task_5ms_OK
 .bss.u8_cnt.5167
                0x200020f7        0x1 ./Sources/common/HW_Driver/hw_abstract.o
 .bss.timerCnt.5098
                0x200020f8        0x2 ./Sources/common/Comm_Mgt/comm_mgt.o
 .bss.tx_timer.5148
                0x200020fa        0x1 ./Sources/common/Comm_Mgt/Can_Com/can_com.o
 .bss.u8_cancomm_ABTRQ
                0x200020fb        0x1 ./Sources/common/Comm_Mgt/Can_Com/can_com.o
                0x200020fb                u8_cancomm_ABTRQ
 .bss.s_osif_tick_cnt
                0x200020fc        0x4 ./SDK/rtos/osif/osif_baremetal.o
 .bss.g_lpspiStatePtr
                0x20002100        0x4 ./SDK/platform/drivers/src/lpspi/lpspi_shared_function.o
                0x20002100                g_lpspiStatePtr
 .bss.g_interruptDisableCount
                0x20002104        0x4 ./SDK/platform/drivers/src/interrupt/interrupt_manager.o
 .bss.s_virtEdmaState
                0x20002108        0x4 ./SDK/platform/drivers/src/edma/edma_driver.o
 .bss.g_clockState
                0x2000210c       0x10 ./SDK/platform/drivers/src/clock/clock_manager.o
 .bss.g_clockManCallbacksArr
                0x2000211c        0x4 ./Generated_Code/clockMan1.o
                0x2000211c                g_clockManCallbacksArr
 *(COMMON)
 COMMON         0x20002120       0x18 ./Sources/tof_capture.o
                0x20002120                runion_qls_results
                0x2000212c                sendresults
 COMMON         0x20002138       0x18 ./Sources/spi_comm.o
                0x20002138                results
 COMMON         0x20002150        0xa ./Sources/common/adsample.o
                0x20002150                adcMax
                0x20002154                adcConvDone
                0x20002158                adcRawValue
 *fill*         0x2000215a        0x2 
 COMMON         0x2000215c       0x78 ./Sources/common/Node_Mgt/node_para.o
                0x2000215c                node_info
 COMMON         0x200021d4       0x24 ./Sources/common/HW_Driver/CAN.o
                0x200021d4                RxDATA
                0x200021dc                RxID
                0x200021e0                RxLENGTH
                0x200021e4                RxCODE
                0x200021e8                InitStruct
                0x200021f0                TxId
                0x200021f4                RxTIMESTAMP
 COMMON         0x200021f8        0x2 ./Sources/common/Comm_Mgt/Int_Mgt/Int_para.o
                0x200021f8                IntInfo
 *fill*         0x200021fa        0x2 
 COMMON         0x200021fc       0x64 ./Sources/common/Comm_Mgt/Can_Com/can_com.o
                0x200021fc                comm_frameRx
                0x2000220c                comm_queue
                0x20002250                comm_frameTx
 COMMON         0x20002260       0x14 ./SDK/platform/drivers/src/clock/S32K1xx/clock_S32K1xx.o
                0x20002260                g_xtal0ClkFreq
                0x20002264                g_RtcClkInFreq
                0x20002268                g_TClkFreq
 COMMON         0x20002274       0x3c ./Generated_Code/lpspiCom1.o
                0x20002274                lpspiCom1State
                0x200022b0                . = ALIGN (0x4)
                0x200022b0                __bss_end__ = .
                0x200022b0                __BSS_END = .

.heap           0x200022b0      0x200
                0x200022b0                . = ALIGN (0x8)
                0x200022b0                __end__ = .
                0x200022b0                PROVIDE (end, .)
                0x200022b0                PROVIDE (_end, .)
                0x200022b0                PROVIDE (__end, .)
                0x200022b0                __HeapBase = .
                0x200024b0                . = (. + HEAP_SIZE)
 *fill*         0x200022b0      0x200 
                0x200024b0                __HeapLimit = .
                0x200024b0                __heap_limit = .

.stack          0x200024b0      0x200
                0x200024b0                . = ALIGN (0x8)
                0x200026b0                . = (. + STACK_SIZE)
 *fill*         0x200024b0      0x200 
                0x20003800                __StackTop = (ORIGIN (m_data_2) + 0x1740)
                0x20003600                __StackLimit = (__StackTop - STACK_SIZE)
                0x20003800                PROVIDE (__stack, __StackTop)
                0x20003800                __RAM_END = __StackTop

.ARM.attributes
                0x00000000       0x27
 *(.ARM.attributes)
 .ARM.attributes
                0x00000000       0x1e c:/nxp/s32ds_arm_v2018.r1/cross_tools/gcc-arm-none-eabi-4_9/bin/../lib/gcc/arm-none-eabi/4.9.3/armv6-m/crti.o
 .ARM.attributes
                0x0000001e       0x2c c:/nxp/s32ds_arm_v2018.r1/cross_tools/gcc-arm-none-eabi-4_9/bin/../lib/gcc/arm-none-eabi/4.9.3/armv6-m/crtbegin.o
 .ARM.attributes
                0x0000004a       0x32 ./Sources/tof_capture.o
 .ARM.attributes
                0x0000007c       0x32 ./Sources/spi_comm.o
 .ARM.attributes
                0x000000ae       0x32 ./Sources/main.o
 .ARM.attributes
                0x000000e0       0x32 ./Sources/common/ultrasonic.o
 .ARM.attributes
                0x00000112       0x32 ./Sources/common/tmr_level.o
 .ARM.attributes
                0x00000144       0x32 ./Sources/common/ntc_calibration.o
 .ARM.attributes
                0x00000176       0x32 ./Sources/common/helper_functions.o
 .ARM.attributes
                0x000001a8       0x32 ./Sources/common/adsample.o
 .ARM.attributes
                0x000001da       0x32 ./Sources/common/Sys_Init.o
 .ARM.attributes
                0x0000020c       0x32 ./Sources/common/Node_Mgt/node_para.o
 .ARM.attributes
                0x0000023e       0x32 ./Sources/common/Node_Mgt/node_cfg.o
 .ARM.attributes
                0x00000270       0x32 ./Sources/common/HW_Driver/prj_gpio.o
 .ARM.attributes
                0x000002a2       0x32 ./Sources/common/HW_Driver/hw_abstract.o
 .ARM.attributes
                0x000002d4       0x32 ./Sources/common/HW_Driver/WatchDog.o
 .ARM.attributes
                0x00000306       0x32 ./Sources/common/HW_Driver/CAN.o
 .ARM.attributes
                0x00000338       0x32 ./Sources/common/Comm_Mgt/comm_mgt.o
 .ARM.attributes
                0x0000036a       0x32 ./Sources/common/Comm_Mgt/Int_Mgt/Int_para.o
 .ARM.attributes
                0x0000039c       0x32 ./Sources/common/Comm_Mgt/Int_Mgt/Int_interface.o
 .ARM.attributes
                0x000003ce       0x32 ./Sources/common/Comm_Mgt/Can_Com/can_com.o
 .ARM.attributes
                0x00000400       0x32 ./Sources/common/Comm_Mgt/Can_Com/can_busoff.o
 .ARM.attributes
                0x00000432       0x32 ./Sources/common/APP/task/APP_Task_Mgt.o
 .ARM.attributes
                0x00000464       0x32 ./SDK/rtos/osif/osif_baremetal.o
 .ARM.attributes
                0x00000496       0x32 ./SDK/platform/drivers/src/pins/pins_port_hw_access.o
 .ARM.attributes
                0x000004c8       0x32 ./SDK/platform/drivers/src/pins/pins_driver.o
 .ARM.attributes
                0x000004fa       0x32 ./SDK/platform/drivers/src/pdb/pdb_hw_access.o
 .ARM.attributes
                0x0000052c       0x32 ./SDK/platform/drivers/src/pdb/pdb_driver.o
 .ARM.attributes
                0x0000055e       0x32 ./SDK/platform/drivers/src/lpspi/lpspi_slave_driver.o
 .ARM.attributes
                0x00000590       0x32 ./SDK/platform/drivers/src/lpspi/lpspi_shared_function.o
 .ARM.attributes
                0x000005c2       0x32 ./SDK/platform/drivers/src/lpspi/lpspi_master_driver.o
 .ARM.attributes
                0x000005f4       0x32 ./SDK/platform/drivers/src/lpspi/lpspi_irq.o
 .ARM.attributes
                0x00000626       0x32 ./SDK/platform/drivers/src/lpspi/lpspi_hw_access.o
 .ARM.attributes
                0x00000658       0x32 ./SDK/platform/drivers/src/interrupt/interrupt_manager.o
 .ARM.attributes
                0x0000068a       0x32 ./SDK/platform/drivers/src/edma/edma_irq.o
 .ARM.attributes
                0x000006bc       0x32 ./SDK/platform/drivers/src/edma/edma_hw_access.o
 .ARM.attributes
                0x000006ee       0x32 ./SDK/platform/drivers/src/edma/edma_driver.o
 .ARM.attributes
                0x00000720       0x32 ./SDK/platform/drivers/src/clock/clock_manager.o
 .ARM.attributes
                0x00000752       0x32 ./SDK/platform/drivers/src/clock/S32K1xx/clock_S32K1xx.o
 .ARM.attributes
                0x00000784       0x32 ./SDK/platform/drivers/src/adc/adc_driver.o
 .ARM.attributes
                0x000007b6       0x32 ./SDK/platform/devices/startup.o
 .ARM.attributes
                0x000007e8       0x32 ./SDK/platform/devices/S32K116/startup/system_S32K116.o
 .ARM.attributes
                0x0000081a       0x1b ./Project_Settings/Startup_Code/startup_S32K116.o
 .ARM.attributes
                0x00000835       0x32 ./Generated_Code/pin_mux.o
 .ARM.attributes
                0x00000867       0x32 ./Generated_Code/pdly1.o
 .ARM.attributes
                0x00000899       0x32 ./Generated_Code/lpspiCom1.o
 .ARM.attributes
                0x000008cb       0x32 ./Generated_Code/clockMan1.o
 .ARM.attributes
                0x000008fd       0x32 ./Generated_Code/adConv1.o
 .ARM.attributes
                0x0000092f       0x2c C:/NXP/S32DS_ARM_v2018.R1/Cross_Tools/gcc-arm-none-eabi-4_9/arm-none-eabi/newlib/lib/armv6-m\libc_nano.a(lib_a-memset.o)
 .ARM.attributes
                0x0000095b       0x1e c:/nxp/s32ds_arm_v2018.r1/cross_tools/gcc-arm-none-eabi-4_9/bin/../lib/gcc/arm-none-eabi/4.9.3/armv6-m\libgcc.a(_udivsi3.o)
 .ARM.attributes
                0x00000979       0x1e c:/nxp/s32ds_arm_v2018.r1/cross_tools/gcc-arm-none-eabi-4_9/bin/../lib/gcc/arm-none-eabi/4.9.3/armv6-m\libgcc.a(_divsi3.o)
 .ARM.attributes
                0x00000997       0x1e c:/nxp/s32ds_arm_v2018.r1/cross_tools/gcc-arm-none-eabi-4_9/bin/../lib/gcc/arm-none-eabi/4.9.3/armv6-m\libgcc.a(_dvmd_tls.o)
 .ARM.attributes
                0x000009b5       0x1e c:/nxp/s32ds_arm_v2018.r1/cross_tools/gcc-arm-none-eabi-4_9/bin/../lib/gcc/arm-none-eabi/4.9.3/armv6-m\libgcc.a(_arm_cmpsf2.o)
 .ARM.attributes
                0x000009d3       0x2c c:/nxp/s32ds_arm_v2018.r1/cross_tools/gcc-arm-none-eabi-4_9/bin/../lib/gcc/arm-none-eabi/4.9.3/armv6-m\libgcc.a(_fixunssfsi.o)
 .ARM.attributes
                0x000009ff       0x2c c:/nxp/s32ds_arm_v2018.r1/cross_tools/gcc-arm-none-eabi-4_9/bin/../lib/gcc/arm-none-eabi/4.9.3/armv6-m\libgcc.a(_floatundisf.o)
 .ARM.attributes
                0x00000a2b       0x2c c:/nxp/s32ds_arm_v2018.r1/cross_tools/gcc-arm-none-eabi-4_9/bin/../lib/gcc/arm-none-eabi/4.9.3/armv6-m\libgcc.a(addsf3.o)
 .ARM.attributes
                0x00000a57       0x2c c:/nxp/s32ds_arm_v2018.r1/cross_tools/gcc-arm-none-eabi-4_9/bin/../lib/gcc/arm-none-eabi/4.9.3/armv6-m\libgcc.a(divsf3.o)
 .ARM.attributes
                0x00000a83       0x2c c:/nxp/s32ds_arm_v2018.r1/cross_tools/gcc-arm-none-eabi-4_9/bin/../lib/gcc/arm-none-eabi/4.9.3/armv6-m\libgcc.a(eqsf2.o)
 .ARM.attributes
                0x00000aaf       0x2c c:/nxp/s32ds_arm_v2018.r1/cross_tools/gcc-arm-none-eabi-4_9/bin/../lib/gcc/arm-none-eabi/4.9.3/armv6-m\libgcc.a(gesf2.o)
 .ARM.attributes
                0x00000adb       0x2c c:/nxp/s32ds_arm_v2018.r1/cross_tools/gcc-arm-none-eabi-4_9/bin/../lib/gcc/arm-none-eabi/4.9.3/armv6-m\libgcc.a(lesf2.o)
 .ARM.attributes
                0x00000b07       0x2c c:/nxp/s32ds_arm_v2018.r1/cross_tools/gcc-arm-none-eabi-4_9/bin/../lib/gcc/arm-none-eabi/4.9.3/armv6-m\libgcc.a(mulsf3.o)
 .ARM.attributes
                0x00000b33       0x2c c:/nxp/s32ds_arm_v2018.r1/cross_tools/gcc-arm-none-eabi-4_9/bin/../lib/gcc/arm-none-eabi/4.9.3/armv6-m\libgcc.a(subsf3.o)
 .ARM.attributes
                0x00000b5f       0x2c c:/nxp/s32ds_arm_v2018.r1/cross_tools/gcc-arm-none-eabi-4_9/bin/../lib/gcc/arm-none-eabi/4.9.3/armv6-m\libgcc.a(fixsfsi.o)
 .ARM.attributes
                0x00000b8b       0x2c c:/nxp/s32ds_arm_v2018.r1/cross_tools/gcc-arm-none-eabi-4_9/bin/../lib/gcc/arm-none-eabi/4.9.3/armv6-m\libgcc.a(floatsisf.o)
 .ARM.attributes
                0x00000bb7       0x2c c:/nxp/s32ds_arm_v2018.r1/cross_tools/gcc-arm-none-eabi-4_9/bin/../lib/gcc/arm-none-eabi/4.9.3/armv6-m\libgcc.a(adddf3.o)
 .ARM.attributes
                0x00000be3       0x2c c:/nxp/s32ds_arm_v2018.r1/cross_tools/gcc-arm-none-eabi-4_9/bin/../lib/gcc/arm-none-eabi/4.9.3/armv6-m\libgcc.a(divdf3.o)
 .ARM.attributes
                0x00000c0f       0x2c c:/nxp/s32ds_arm_v2018.r1/cross_tools/gcc-arm-none-eabi-4_9/bin/../lib/gcc/arm-none-eabi/4.9.3/armv6-m\libgcc.a(muldf3.o)
 .ARM.attributes
                0x00000c3b       0x2c c:/nxp/s32ds_arm_v2018.r1/cross_tools/gcc-arm-none-eabi-4_9/bin/../lib/gcc/arm-none-eabi/4.9.3/armv6-m\libgcc.a(fixdfsi.o)
 .ARM.attributes
                0x00000c67       0x2c c:/nxp/s32ds_arm_v2018.r1/cross_tools/gcc-arm-none-eabi-4_9/bin/../lib/gcc/arm-none-eabi/4.9.3/armv6-m\libgcc.a(floatunsidf.o)
 .ARM.attributes
                0x00000c93       0x2c c:/nxp/s32ds_arm_v2018.r1/cross_tools/gcc-arm-none-eabi-4_9/bin/../lib/gcc/arm-none-eabi/4.9.3/armv6-m\libgcc.a(extendsfdf2.o)
 .ARM.attributes
                0x00000cbf       0x2c c:/nxp/s32ds_arm_v2018.r1/cross_tools/gcc-arm-none-eabi-4_9/bin/../lib/gcc/arm-none-eabi/4.9.3/armv6-m\libgcc.a(truncdfsf2.o)
 .ARM.attributes
                0x00000ceb       0x1e c:/nxp/s32ds_arm_v2018.r1/cross_tools/gcc-arm-none-eabi-4_9/bin/../lib/gcc/arm-none-eabi/4.9.3/armv6-m\libgcc.a(_clzsi2.o)
 .ARM.attributes
                0x00000d09       0x2c c:/nxp/s32ds_arm_v2018.r1/cross_tools/gcc-arm-none-eabi-4_9/bin/../lib/gcc/arm-none-eabi/4.9.3/armv6-m/crtend.o
 .ARM.attributes
                0x00000d35       0x1e c:/nxp/s32ds_arm_v2018.r1/cross_tools/gcc-arm-none-eabi-4_9/bin/../lib/gcc/arm-none-eabi/4.9.3/armv6-m/crtn.o
                0x00000001                ASSERT ((__StackLimit >= __HeapLimit), region m_data_2 overflowed with stack and heap)
OUTPUT(lpspi_transfer_slave_s32k116.elf elf32-littlearm)

.debug_info     0x00000000    0x24675
 .debug_info    0x00000000      0x392 ./Sources/tof_capture.o
 .debug_info    0x00000392      0xa76 ./Sources/spi_comm.o
 .debug_info    0x00000e08     0x17b3 ./Sources/main.o
 .debug_info    0x000025bb      0x5fb ./Sources/common/ultrasonic.o
 .debug_info    0x00002bb6      0x3a4 ./Sources/common/tmr_level.o
 .debug_info    0x00002f5a      0x187 ./Sources/common/ntc_calibration.o
 .debug_info    0x000030e1      0x704 ./Sources/common/helper_functions.o
 .debug_info    0x000037e5      0xe26 ./Sources/common/adsample.o
 .debug_info    0x0000460b      0x306 ./Sources/common/Sys_Init.o
 .debug_info    0x00004911      0x516 ./Sources/common/Node_Mgt/node_para.o
 .debug_info    0x00004e27      0x101 ./Sources/common/Node_Mgt/node_cfg.o
 .debug_info    0x00004f28      0x4c4 ./Sources/common/HW_Driver/prj_gpio.o
 .debug_info    0x000053ec      0x973 ./Sources/common/HW_Driver/hw_abstract.o
 .debug_info    0x00005d5f      0x265 ./Sources/common/HW_Driver/WatchDog.o
 .debug_info    0x00005fc4      0xe18 ./Sources/common/HW_Driver/CAN.o
 .debug_info    0x00006ddc      0x530 ./Sources/common/Comm_Mgt/comm_mgt.o
 .debug_info    0x0000730c       0xb3 ./Sources/common/Comm_Mgt/Int_Mgt/Int_para.o
 .debug_info    0x000073bf      0x7c1 ./Sources/common/Comm_Mgt/Int_Mgt/Int_interface.o
 .debug_info    0x00007b80      0x96e ./Sources/common/Comm_Mgt/Can_Com/can_com.o
 .debug_info    0x000084ee       0xa3 ./Sources/common/Comm_Mgt/Can_Com/can_busoff.o
 .debug_info    0x00008591      0x50c ./Sources/common/APP/task/APP_Task_Mgt.o
 .debug_info    0x00008a9d      0xacb ./SDK/rtos/osif/osif_baremetal.o
 .debug_info    0x00009568      0x8a2 ./SDK/platform/drivers/src/pins/pins_port_hw_access.o
 .debug_info    0x00009e0a     0x1404 ./SDK/platform/drivers/src/pins/pins_driver.o
 .debug_info    0x0000b20e      0x8c7 ./SDK/platform/drivers/src/pdb/pdb_hw_access.o
 .debug_info    0x0000bad5     0x18a7 ./SDK/platform/drivers/src/pdb/pdb_driver.o
 .debug_info    0x0000d37c     0x1afc ./SDK/platform/drivers/src/lpspi/lpspi_slave_driver.o
 .debug_info    0x0000ee78      0xc00 ./SDK/platform/drivers/src/lpspi/lpspi_shared_function.o
 .debug_info    0x0000fa78     0x24e0 ./SDK/platform/drivers/src/lpspi/lpspi_master_driver.o
 .debug_info    0x00011f58       0xb0 ./SDK/platform/drivers/src/lpspi/lpspi_irq.o
 .debug_info    0x00012008     0x12b6 ./SDK/platform/drivers/src/lpspi/lpspi_hw_access.o
 .debug_info    0x000132be      0x8a9 ./SDK/platform/drivers/src/interrupt/interrupt_manager.o
 .debug_info    0x00013b67      0x6b6 ./SDK/platform/drivers/src/edma/edma_irq.o
 .debug_info    0x0001421d      0x9ef ./SDK/platform/drivers/src/edma/edma_hw_access.o
 .debug_info    0x00014c0c     0x459b ./SDK/platform/drivers/src/edma/edma_driver.o
 .debug_info    0x000191a7     0x122f ./SDK/platform/drivers/src/clock/clock_manager.o
 .debug_info    0x0001a3d6     0x4cf3 ./SDK/platform/drivers/src/clock/S32K1xx/clock_S32K1xx.o
 .debug_info    0x0001f0c9     0x2c21 ./SDK/platform/drivers/src/adc/adc_driver.o
 .debug_info    0x00021cea      0x366 ./SDK/platform/devices/startup.o
 .debug_info    0x00022050      0x3c8 ./SDK/platform/devices/S32K116/startup/system_S32K116.o
 .debug_info    0x00022418       0xbc ./Project_Settings/Startup_Code/startup_S32K116.o
 .debug_info    0x000224d4      0x3cb ./Generated_Code/pin_mux.o
 .debug_info    0x0002289f      0x3ae ./Generated_Code/pdly1.o
 .debug_info    0x00022c4d      0x51c ./Generated_Code/lpspiCom1.o
 .debug_info    0x00023169     0x102f ./Generated_Code/clockMan1.o
 .debug_info    0x00024198      0x4dd ./Generated_Code/adConv1.o

.debug_abbrev   0x00000000     0x5341
 .debug_abbrev  0x00000000       0xfd ./Sources/tof_capture.o
 .debug_abbrev  0x000000fd      0x1cf ./Sources/spi_comm.o
 .debug_abbrev  0x000002cc      0x23f ./Sources/main.o
 .debug_abbrev  0x0000050b      0x183 ./Sources/common/ultrasonic.o
 .debug_abbrev  0x0000068e      0x103 ./Sources/common/tmr_level.o
 .debug_abbrev  0x00000791       0xd1 ./Sources/common/ntc_calibration.o
 .debug_abbrev  0x00000862      0x12a ./Sources/common/helper_functions.o
 .debug_abbrev  0x0000098c      0x211 ./Sources/common/adsample.o
 .debug_abbrev  0x00000b9d      0x134 ./Sources/common/Sys_Init.o
 .debug_abbrev  0x00000cd1      0x15e ./Sources/common/Node_Mgt/node_para.o
 .debug_abbrev  0x00000e2f       0xa4 ./Sources/common/Node_Mgt/node_cfg.o
 .debug_abbrev  0x00000ed3      0x1a2 ./Sources/common/HW_Driver/prj_gpio.o
 .debug_abbrev  0x00001075      0x27a ./Sources/common/HW_Driver/hw_abstract.o
 .debug_abbrev  0x000012ef      0x130 ./Sources/common/HW_Driver/WatchDog.o
 .debug_abbrev  0x0000141f      0x2dc ./Sources/common/HW_Driver/CAN.o
 .debug_abbrev  0x000016fb      0x162 ./Sources/common/Comm_Mgt/comm_mgt.o
 .debug_abbrev  0x0000185d       0x61 ./Sources/common/Comm_Mgt/Int_Mgt/Int_para.o
 .debug_abbrev  0x000018be      0x1ea ./Sources/common/Comm_Mgt/Int_Mgt/Int_interface.o
 .debug_abbrev  0x00001aa8      0x246 ./Sources/common/Comm_Mgt/Can_Com/can_com.o
 .debug_abbrev  0x00001cee       0x61 ./Sources/common/Comm_Mgt/Can_Com/can_busoff.o
 .debug_abbrev  0x00001d4f      0x196 ./Sources/common/APP/task/APP_Task_Mgt.o
 .debug_abbrev  0x00001ee5      0x2e5 ./SDK/rtos/osif/osif_baremetal.o
 .debug_abbrev  0x000021ca      0x1cf ./SDK/platform/drivers/src/pins/pins_port_hw_access.o
 .debug_abbrev  0x00002399      0x325 ./SDK/platform/drivers/src/pins/pins_driver.o
 .debug_abbrev  0x000026be      0x26e ./SDK/platform/drivers/src/pdb/pdb_hw_access.o
 .debug_abbrev  0x0000292c      0x3a9 ./SDK/platform/drivers/src/pdb/pdb_driver.o
 .debug_abbrev  0x00002cd5      0x362 ./SDK/platform/drivers/src/lpspi/lpspi_slave_driver.o
 .debug_abbrev  0x00003037      0x27e ./SDK/platform/drivers/src/lpspi/lpspi_shared_function.o
 .debug_abbrev  0x000032b5      0x390 ./SDK/platform/drivers/src/lpspi/lpspi_master_driver.o
 .debug_abbrev  0x00003645       0x81 ./SDK/platform/drivers/src/lpspi/lpspi_irq.o
 .debug_abbrev  0x000036c6      0x2a7 ./SDK/platform/drivers/src/lpspi/lpspi_hw_access.o
 .debug_abbrev  0x0000396d      0x24a ./SDK/platform/drivers/src/interrupt/interrupt_manager.o
 .debug_abbrev  0x00003bb7      0x1c8 ./SDK/platform/drivers/src/edma/edma_irq.o
 .debug_abbrev  0x00003d7f      0x231 ./SDK/platform/drivers/src/edma/edma_hw_access.o
 .debug_abbrev  0x00003fb0      0x45d ./SDK/platform/drivers/src/edma/edma_driver.o
 .debug_abbrev  0x0000440d      0x20a ./SDK/platform/drivers/src/clock/clock_manager.o
 .debug_abbrev  0x00004617      0x357 ./SDK/platform/drivers/src/clock/S32K1xx/clock_S32K1xx.o
 .debug_abbrev  0x0000496e      0x388 ./SDK/platform/drivers/src/adc/adc_driver.o
 .debug_abbrev  0x00004cf6      0x12a ./SDK/platform/devices/startup.o
 .debug_abbrev  0x00004e20      0x13f ./SDK/platform/devices/S32K116/startup/system_S32K116.o
 .debug_abbrev  0x00004f5f       0x14 ./Project_Settings/Startup_Code/startup_S32K116.o
 .debug_abbrev  0x00004f73       0xbe ./Generated_Code/pin_mux.o
 .debug_abbrev  0x00005031       0x8d ./Generated_Code/pdly1.o
 .debug_abbrev  0x000050be       0xc3 ./Generated_Code/lpspiCom1.o
 .debug_abbrev  0x00005181      0x10a ./Generated_Code/clockMan1.o
 .debug_abbrev  0x0000528b       0xb6 ./Generated_Code/adConv1.o

.debug_loc      0x00000000    0x109e7
 .debug_loc     0x00000000       0xd8 ./Sources/tof_capture.o
 .debug_loc     0x000000d8       0x53 ./Sources/spi_comm.o
 .debug_loc     0x0000012b      0xad6 ./Sources/common/ultrasonic.o
 .debug_loc     0x00000c01      0x12d ./Sources/common/tmr_level.o
 .debug_loc     0x00000d2e      0x19a ./Sources/common/ntc_calibration.o
 .debug_loc     0x00000ec8      0x29f ./Sources/common/helper_functions.o
 .debug_loc     0x00001167       0x9c ./Sources/common/Node_Mgt/node_para.o
 .debug_loc     0x00001203       0x42 ./Sources/common/Node_Mgt/node_cfg.o
 .debug_loc     0x00001245       0xbd ./Sources/common/HW_Driver/prj_gpio.o
 .debug_loc     0x00001302      0x222 ./Sources/common/HW_Driver/hw_abstract.o
 .debug_loc     0x00001524       0x50 ./Sources/common/HW_Driver/WatchDog.o
 .debug_loc     0x00001574      0x3e1 ./Sources/common/HW_Driver/CAN.o
 .debug_loc     0x00001955       0xd4 ./Sources/common/Comm_Mgt/comm_mgt.o
 .debug_loc     0x00001a29      0x23a ./Sources/common/Comm_Mgt/Int_Mgt/Int_interface.o
 .debug_loc     0x00001c63      0x39d ./Sources/common/Comm_Mgt/Can_Com/can_com.o
 .debug_loc     0x00002000       0x21 ./Sources/common/Comm_Mgt/Can_Com/can_busoff.o
 .debug_loc     0x00002021       0x14 ./Sources/common/APP/task/APP_Task_Mgt.o
 .debug_loc     0x00002035      0x44b ./SDK/rtos/osif/osif_baremetal.o
 .debug_loc     0x00002480      0x374 ./SDK/platform/drivers/src/pins/pins_port_hw_access.o
 .debug_loc     0x000027f4      0x616 ./SDK/platform/drivers/src/pins/pins_driver.o
 .debug_loc     0x00002e0a      0x681 ./SDK/platform/drivers/src/pdb/pdb_hw_access.o
 .debug_loc     0x0000348b      0x99f ./SDK/platform/drivers/src/pdb/pdb_driver.o
 .debug_loc     0x00003e2a      0xcde ./SDK/platform/drivers/src/lpspi/lpspi_slave_driver.o
 .debug_loc     0x00004b08      0x387 ./SDK/platform/drivers/src/lpspi/lpspi_shared_function.o
 .debug_loc     0x00004e8f     0x12a0 ./SDK/platform/drivers/src/lpspi/lpspi_master_driver.o
 .debug_loc     0x0000612f      0xc03 ./SDK/platform/drivers/src/lpspi/lpspi_hw_access.o
 .debug_loc     0x00006d32      0x699 ./SDK/platform/drivers/src/interrupt/interrupt_manager.o
 .debug_loc     0x000073cb       0x50 ./SDK/platform/drivers/src/edma/edma_irq.o
 .debug_loc     0x0000741b      0x804 ./SDK/platform/drivers/src/edma/edma_hw_access.o
 .debug_loc     0x00007c1f     0x3196 ./SDK/platform/drivers/src/edma/edma_driver.o
 .debug_loc     0x0000adb5      0x27f ./SDK/platform/drivers/src/clock/clock_manager.o
 .debug_loc     0x0000b034     0x4002 ./SDK/platform/drivers/src/clock/S32K1xx/clock_S32K1xx.o
 .debug_loc     0x0000f036     0x18bb ./SDK/platform/drivers/src/adc/adc_driver.o
 .debug_loc     0x000108f1       0x32 ./SDK/platform/devices/startup.o
 .debug_loc     0x00010923       0xc4 ./SDK/platform/devices/S32K116/startup/system_S32K116.o

.debug_aranges  0x00000000      0xf30
 .debug_aranges
                0x00000000       0x28 ./Sources/tof_capture.o
 .debug_aranges
                0x00000028       0x28 ./Sources/spi_comm.o
 .debug_aranges
                0x00000050       0x20 ./Sources/main.o
 .debug_aranges
                0x00000070       0x28 ./Sources/common/ultrasonic.o
 .debug_aranges
                0x00000098       0x20 ./Sources/common/tmr_level.o
 .debug_aranges
                0x000000b8       0x20 ./Sources/common/ntc_calibration.o
 .debug_aranges
                0x000000d8       0x28 ./Sources/common/helper_functions.o
 .debug_aranges
                0x00000100       0x48 ./Sources/common/adsample.o
 .debug_aranges
                0x00000148       0x48 ./Sources/common/Sys_Init.o
 .debug_aranges
                0x00000190       0x20 ./Sources/common/Node_Mgt/node_para.o
 .debug_aranges
                0x000001b0       0x28 ./Sources/common/Node_Mgt/node_cfg.o
 .debug_aranges
                0x000001d8       0x48 ./Sources/common/HW_Driver/prj_gpio.o
 .debug_aranges
                0x00000220       0xc0 ./Sources/common/HW_Driver/hw_abstract.o
 .debug_aranges
                0x000002e0       0x38 ./Sources/common/HW_Driver/WatchDog.o
 .debug_aranges
                0x00000318       0x50 ./Sources/common/HW_Driver/CAN.o
 .debug_aranges
                0x00000368       0x50 ./Sources/common/Comm_Mgt/comm_mgt.o
 .debug_aranges
                0x000003b8       0x18 ./Sources/common/Comm_Mgt/Int_Mgt/Int_para.o
 .debug_aranges
                0x000003d0       0x90 ./Sources/common/Comm_Mgt/Int_Mgt/Int_interface.o
 .debug_aranges
                0x00000460       0x60 ./Sources/common/Comm_Mgt/Can_Com/can_com.o
 .debug_aranges
                0x000004c0       0x20 ./Sources/common/Comm_Mgt/Can_Com/can_busoff.o
 .debug_aranges
                0x000004e0       0x28 ./Sources/common/APP/task/APP_Task_Mgt.o
 .debug_aranges
                0x00000508       0x70 ./SDK/rtos/osif/osif_baremetal.o
 .debug_aranges
                0x00000578       0x30 ./SDK/platform/drivers/src/pins/pins_port_hw_access.o
 .debug_aranges
                0x000005a8       0xd0 ./SDK/platform/drivers/src/pins/pins_driver.o
 .debug_aranges
                0x00000678       0x58 ./SDK/platform/drivers/src/pdb/pdb_hw_access.o
 .debug_aranges
                0x000006d0       0xc0 ./SDK/platform/drivers/src/pdb/pdb_driver.o
 .debug_aranges
                0x00000790       0x58 ./SDK/platform/drivers/src/lpspi/lpspi_slave_driver.o
 .debug_aranges
                0x000007e8       0x38 ./SDK/platform/drivers/src/lpspi/lpspi_shared_function.o
 .debug_aranges
                0x00000820       0x88 ./SDK/platform/drivers/src/lpspi/lpspi_master_driver.o
 .debug_aranges
                0x000008a8       0x20 ./SDK/platform/drivers/src/lpspi/lpspi_irq.o
 .debug_aranges
                0x000008c8       0xb0 ./SDK/platform/drivers/src/lpspi/lpspi_hw_access.o
 .debug_aranges
                0x00000978       0x68 ./SDK/platform/drivers/src/interrupt/interrupt_manager.o
 .debug_aranges
                0x000009e0       0xa0 ./SDK/platform/drivers/src/edma/edma_irq.o
 .debug_aranges
                0x00000a80       0x88 ./SDK/platform/drivers/src/edma/edma_hw_access.o
 .debug_aranges
                0x00000b08      0x138 ./SDK/platform/drivers/src/edma/edma_driver.o
 .debug_aranges
                0x00000c40       0x38 ./SDK/platform/drivers/src/clock/clock_manager.o
 .debug_aranges
                0x00000c78       0xe8 ./SDK/platform/drivers/src/clock/S32K1xx/clock_S32K1xx.o
 .debug_aranges
                0x00000d60       0xe8 ./SDK/platform/drivers/src/adc/adc_driver.o
 .debug_aranges
                0x00000e48       0x20 ./SDK/platform/devices/startup.o
 .debug_aranges
                0x00000e68       0x30 ./SDK/platform/devices/S32K116/startup/system_S32K116.o
 .debug_aranges
                0x00000e98       0x20 ./Project_Settings/Startup_Code/startup_S32K116.o
 .debug_aranges
                0x00000eb8       0x18 ./Generated_Code/pin_mux.o
 .debug_aranges
                0x00000ed0       0x18 ./Generated_Code/pdly1.o
 .debug_aranges
                0x00000ee8       0x18 ./Generated_Code/lpspiCom1.o
 .debug_aranges
                0x00000f00       0x18 ./Generated_Code/clockMan1.o
 .debug_aranges
                0x00000f18       0x18 ./Generated_Code/adConv1.o

.debug_ranges   0x00000000      0xef0
 .debug_ranges  0x00000000       0x18 ./Sources/tof_capture.o
 .debug_ranges  0x00000018       0x18 ./Sources/spi_comm.o
 .debug_ranges  0x00000030       0x10 ./Sources/main.o
 .debug_ranges  0x00000040       0x38 ./Sources/common/ultrasonic.o
 .debug_ranges  0x00000078       0x10 ./Sources/common/tmr_level.o
 .debug_ranges  0x00000088       0x10 ./Sources/common/ntc_calibration.o
 .debug_ranges  0x00000098       0x18 ./Sources/common/helper_functions.o
 .debug_ranges  0x000000b0       0x38 ./Sources/common/adsample.o
 .debug_ranges  0x000000e8       0x38 ./Sources/common/Sys_Init.o
 .debug_ranges  0x00000120       0x10 ./Sources/common/Node_Mgt/node_para.o
 .debug_ranges  0x00000130       0x18 ./Sources/common/Node_Mgt/node_cfg.o
 .debug_ranges  0x00000148       0x38 ./Sources/common/HW_Driver/prj_gpio.o
 .debug_ranges  0x00000180       0xb0 ./Sources/common/HW_Driver/hw_abstract.o
 .debug_ranges  0x00000230       0x28 ./Sources/common/HW_Driver/WatchDog.o
 .debug_ranges  0x00000258       0x40 ./Sources/common/HW_Driver/CAN.o
 .debug_ranges  0x00000298       0x40 ./Sources/common/Comm_Mgt/comm_mgt.o
 .debug_ranges  0x000002d8       0x80 ./Sources/common/Comm_Mgt/Int_Mgt/Int_interface.o
 .debug_ranges  0x00000358       0x50 ./Sources/common/Comm_Mgt/Can_Com/can_com.o
 .debug_ranges  0x000003a8       0x10 ./Sources/common/Comm_Mgt/Can_Com/can_busoff.o
 .debug_ranges  0x000003b8       0x18 ./Sources/common/APP/task/APP_Task_Mgt.o
 .debug_ranges  0x000003d0       0x98 ./SDK/rtos/osif/osif_baremetal.o
 .debug_ranges  0x00000468       0x38 ./SDK/platform/drivers/src/pins/pins_port_hw_access.o
 .debug_ranges  0x000004a0       0xc0 ./SDK/platform/drivers/src/pins/pins_driver.o
 .debug_ranges  0x00000560       0xa0 ./SDK/platform/drivers/src/pdb/pdb_hw_access.o
 .debug_ranges  0x00000600       0xb0 ./SDK/platform/drivers/src/pdb/pdb_driver.o
 .debug_ranges  0x000006b0       0x48 ./SDK/platform/drivers/src/lpspi/lpspi_slave_driver.o
 .debug_ranges  0x000006f8       0x28 ./SDK/platform/drivers/src/lpspi/lpspi_shared_function.o
 .debug_ranges  0x00000720       0x90 ./SDK/platform/drivers/src/lpspi/lpspi_master_driver.o
 .debug_ranges  0x000007b0       0x10 ./SDK/platform/drivers/src/lpspi/lpspi_irq.o
 .debug_ranges  0x000007c0       0xa0 ./SDK/platform/drivers/src/lpspi/lpspi_hw_access.o
 .debug_ranges  0x00000860       0x58 ./SDK/platform/drivers/src/interrupt/interrupt_manager.o
 .debug_ranges  0x000008b8       0x90 ./SDK/platform/drivers/src/edma/edma_irq.o
 .debug_ranges  0x00000948       0x90 ./SDK/platform/drivers/src/edma/edma_hw_access.o
 .debug_ranges  0x000009d8      0x140 ./SDK/platform/drivers/src/edma/edma_driver.o
 .debug_ranges  0x00000b18       0x28 ./SDK/platform/drivers/src/clock/clock_manager.o
 .debug_ranges  0x00000b40      0x268 ./SDK/platform/drivers/src/clock/S32K1xx/clock_S32K1xx.o
 .debug_ranges  0x00000da8      0x118 ./SDK/platform/drivers/src/adc/adc_driver.o
 .debug_ranges  0x00000ec0       0x10 ./SDK/platform/devices/startup.o
 .debug_ranges  0x00000ed0       0x20 ./SDK/platform/devices/S32K116/startup/system_S32K116.o

.debug_macro    0x00000000    0x447d3
 .debug_macro   0x00000000      0xb88 ./Sources/tof_capture.o
 .debug_macro   0x00000b88       0x16 ./Sources/tof_capture.o
 .debug_macro   0x00000b9e       0x64 ./Sources/tof_capture.o
 .debug_macro   0x00000c02      0x1b5 ./Sources/tof_capture.o
 .debug_macro   0x00000db7      0x147 ./Sources/tof_capture.o
 .debug_macro   0x00000efe       0x16 ./Sources/tof_capture.o
 .debug_macro   0x00000f14       0x9d ./Sources/tof_capture.o
 .debug_macro   0x00000fb1       0x10 ./Sources/tof_capture.o
 .debug_macro   0x00000fc1      0x1a1 ./Sources/tof_capture.o
 .debug_macro   0x00001162       0x10 ./Sources/tof_capture.o
 .debug_macro   0x00001172       0x6b ./Sources/tof_capture.o
 .debug_macro   0x000011dd     0xc63c ./Sources/tof_capture.o
 .debug_macro   0x0000d819      0x8b1 ./Sources/tof_capture.o
 .debug_macro   0x0000e0ca       0x71 ./Sources/tof_capture.o
 .debug_macro   0x0000e13b       0x16 ./Sources/tof_capture.o
 .debug_macro   0x0000e151       0x16 ./Sources/tof_capture.o
 .debug_macro   0x0000e167       0x16 ./Sources/tof_capture.o
 .debug_macro   0x0000e17d       0x16 ./Sources/tof_capture.o
 .debug_macro   0x0000e193       0x10 ./Sources/tof_capture.o
 .debug_macro   0x0000e1a3       0x22 ./Sources/tof_capture.o
 .debug_macro   0x0000e1c5       0x10 ./Sources/tof_capture.o
 .debug_macro   0x0000e1d5       0x18 ./Sources/tof_capture.o
 .debug_macro   0x0000e1ed       0x16 ./Sources/tof_capture.o
 .debug_macro   0x0000e203       0x16 ./Sources/tof_capture.o
 .debug_macro   0x0000e219       0x52 ./Sources/tof_capture.o
 .debug_macro   0x0000e26b       0x5e ./Sources/tof_capture.o
 .debug_macro   0x0000e2c9       0x16 ./Sources/tof_capture.o
 .debug_macro   0x0000e2df      0xb6b ./Sources/spi_comm.o
 .debug_macro   0x0000ee4a       0x1c ./Sources/spi_comm.o
 .debug_macro   0x0000ee66      0xca5 ./Sources/main.o
 .debug_macro   0x0000fb0b       0x16 ./Sources/main.o
 .debug_macro   0x0000fb21     0xc62a ./Sources/main.o
 .debug_macro   0x0001c14b       0x16 ./Sources/main.o
 .debug_macro   0x0001c161       0x16 ./Sources/main.o
 .debug_macro   0x0001c177       0x40 ./Sources/main.o
 .debug_macro   0x0001c1b7       0x10 ./Sources/main.o
 .debug_macro   0x0001c1c7       0x82 ./Sources/main.o
 .debug_macro   0x0001c249       0x4c ./Sources/main.o
 .debug_macro   0x0001c295       0x16 ./Sources/main.o
 .debug_macro   0x0001c2ab       0x28 ./Sources/main.o
 .debug_macro   0x0001c2d3       0x1c ./Sources/main.o
 .debug_macro   0x0001c2ef      0xb7c ./Sources/common/ultrasonic.o
 .debug_macro   0x0001ce6b       0x10 ./Sources/common/ultrasonic.o
 .debug_macro   0x0001ce7b      0xb77 ./Sources/common/tmr_level.o
 .debug_macro   0x0001d9f2      0x9c0 ./Sources/common/ntc_calibration.o
 .debug_macro   0x0001e3b2       0x2e ./Sources/common/ntc_calibration.o
 .debug_macro   0x0001e3e0      0xb51 ./Sources/common/helper_functions.o
 .debug_macro   0x0001ef31      0xb9e ./Sources/common/adsample.o
 .debug_macro   0x0001facf       0x16 ./Sources/common/adsample.o
 .debug_macro   0x0001fae5     0xc8d2 ./Sources/common/adsample.o
 .debug_macro   0x0002c3b7      0xac3 ./Sources/common/Sys_Init.o
 .debug_macro   0x0002ce7a       0x46 ./Sources/common/Sys_Init.o
 .debug_macro   0x0002cec0       0x82 ./Sources/common/Sys_Init.o
 .debug_macro   0x0002cf42      0x9d7 ./Sources/common/Node_Mgt/node_para.o
 .debug_macro   0x0002d919       0x10 ./Sources/common/Node_Mgt/node_para.o
 .debug_macro   0x0002d929      0x98b ./Sources/common/Node_Mgt/node_cfg.o
 .debug_macro   0x0002e2b4      0x99a ./Sources/common/HW_Driver/prj_gpio.o
 .debug_macro   0x0002ec4e      0xab2 ./Sources/common/HW_Driver/hw_abstract.o
 .debug_macro   0x0002f700      0x98f ./Sources/common/HW_Driver/WatchDog.o
 .debug_macro   0x0003008f      0xc4e ./Sources/common/HW_Driver/CAN.o
 .debug_macro   0x00030cdd      0xaa6 ./Sources/common/Comm_Mgt/comm_mgt.o
 .debug_macro   0x00031783      0x9e6 ./Sources/common/Comm_Mgt/Int_Mgt/Int_para.o
 .debug_macro   0x00032169      0xa86 ./Sources/common/Comm_Mgt/Int_Mgt/Int_interface.o
 .debug_macro   0x00032bef      0xa86 ./Sources/common/Comm_Mgt/Can_Com/can_com.o
 .debug_macro   0x00033675      0xaaa ./Sources/common/Comm_Mgt/Can_Com/can_busoff.o
 .debug_macro   0x0003411f      0xc66 ./Sources/common/APP/task/APP_Task_Mgt.o
 .debug_macro   0x00034d85       0x46 ./Sources/common/APP/task/APP_Task_Mgt.o
 .debug_macro   0x00034dcb      0xa3d ./SDK/rtos/osif/osif_baremetal.o
 .debug_macro   0x00035808      0xa25 ./SDK/platform/drivers/src/pins/pins_port_hw_access.o
 .debug_macro   0x0003622d      0xa25 ./SDK/platform/drivers/src/pins/pins_driver.o
 .debug_macro   0x00036c52      0xa29 ./SDK/platform/drivers/src/pdb/pdb_hw_access.o
 .debug_macro   0x0003767b      0xa37 ./SDK/platform/drivers/src/pdb/pdb_driver.o
 .debug_macro   0x000380b2      0xa91 ./SDK/platform/drivers/src/lpspi/lpspi_slave_driver.o
 .debug_macro   0x00038b43      0xa63 ./SDK/platform/drivers/src/lpspi/lpspi_shared_function.o
 .debug_macro   0x000395a6      0xa97 ./SDK/platform/drivers/src/lpspi/lpspi_master_driver.o
 .debug_macro   0x0003a03d      0xa64 ./SDK/platform/drivers/src/lpspi/lpspi_irq.o
 .debug_macro   0x0003aaa1      0xa45 ./SDK/platform/drivers/src/lpspi/lpspi_hw_access.o
 .debug_macro   0x0003b4e6      0x9c4 ./SDK/platform/drivers/src/interrupt/interrupt_manager.o
 .debug_macro   0x0003beaa      0xa1f ./SDK/platform/drivers/src/edma/edma_irq.o
 .debug_macro   0x0003c8c9      0xa1b ./SDK/platform/drivers/src/edma/edma_hw_access.o
 .debug_macro   0x0003d2e4      0xa3c ./SDK/platform/drivers/src/edma/edma_driver.o
 .debug_macro   0x0003dd20      0xa24 ./SDK/platform/drivers/src/clock/clock_manager.o
 .debug_macro   0x0003e744      0xb96 ./SDK/platform/drivers/src/clock/S32K1xx/clock_S32K1xx.o
 .debug_macro   0x0003f2da      0xa0c ./SDK/platform/drivers/src/adc/adc_driver.o
 .debug_macro   0x0003fce6      0x9c4 ./SDK/platform/devices/startup.o
 .debug_macro   0x000406aa      0x9c3 ./SDK/platform/devices/S32K116/startup/system_S32K116.o
 .debug_macro   0x0004106d      0xa24 ./Generated_Code/pin_mux.o
 .debug_macro   0x00041a91      0xb4c ./Generated_Code/pdly1.o
 .debug_macro   0x000425dd      0xb57 ./Generated_Code/lpspiCom1.o
 .debug_macro   0x00043134      0xb53 ./Generated_Code/clockMan1.o
 .debug_macro   0x00043c87      0xb4c ./Generated_Code/adConv1.o

.debug_line     0x00000000    0x11432
 .debug_line    0x00000000      0x6cb ./Sources/tof_capture.o
 .debug_line    0x000006cb      0x6ea ./Sources/spi_comm.o
 .debug_line    0x00000db5      0x962 ./Sources/main.o
 .debug_line    0x00001717      0x7dd ./Sources/common/ultrasonic.o
 .debug_line    0x00001ef4      0x6d3 ./Sources/common/tmr_level.o
 .debug_line    0x000025c7      0x1fd ./Sources/common/ntc_calibration.o
 .debug_line    0x000027c4      0x6d5 ./Sources/common/helper_functions.o
 .debug_line    0x00002e99      0x761 ./Sources/common/adsample.o
 .debug_line    0x000035fa      0x4d7 ./Sources/common/Sys_Init.o
 .debug_line    0x00003ad1      0x224 ./Sources/common/Node_Mgt/node_para.o
 .debug_line    0x00003cf5      0x18d ./Sources/common/Node_Mgt/node_cfg.o
 .debug_line    0x00003e82      0x221 ./Sources/common/HW_Driver/prj_gpio.o
 .debug_line    0x000040a3      0x58a ./Sources/common/HW_Driver/hw_abstract.o
 .debug_line    0x0000462d      0x1f6 ./Sources/common/HW_Driver/WatchDog.o
 .debug_line    0x00004823      0x934 ./Sources/common/HW_Driver/CAN.o
 .debug_line    0x00005157      0x434 ./Sources/common/Comm_Mgt/comm_mgt.o
 .debug_line    0x0000558b      0x20b ./Sources/common/Comm_Mgt/Int_Mgt/Int_para.o
 .debug_line    0x00005796      0x4b4 ./Sources/common/Comm_Mgt/Int_Mgt/Int_interface.o
 .debug_line    0x00005c4a      0x48e ./Sources/common/Comm_Mgt/Can_Com/can_com.o
 .debug_line    0x000060d8      0x3cd ./Sources/common/Comm_Mgt/Can_Com/can_busoff.o
 .debug_line    0x000064a5      0x86f ./Sources/common/APP/task/APP_Task_Mgt.o
 .debug_line    0x00006d14      0x5b4 ./SDK/rtos/osif/osif_baremetal.o
 .debug_line    0x000072c8      0x4e0 ./SDK/platform/drivers/src/pins/pins_port_hw_access.o
 .debug_line    0x000077a8      0x6b5 ./SDK/platform/drivers/src/pins/pins_driver.o
 .debug_line    0x00007e5d      0x5cf ./SDK/platform/drivers/src/pdb/pdb_hw_access.o
 .debug_line    0x0000842c      0x773 ./SDK/platform/drivers/src/pdb/pdb_driver.o
 .debug_line    0x00008b9f      0x7e4 ./SDK/platform/drivers/src/lpspi/lpspi_slave_driver.o
 .debug_line    0x00009383      0x625 ./SDK/platform/drivers/src/lpspi/lpspi_shared_function.o
 .debug_line    0x000099a8      0x94b ./SDK/platform/drivers/src/lpspi/lpspi_master_driver.o
 .debug_line    0x0000a2f3      0x4f6 ./SDK/platform/drivers/src/lpspi/lpspi_irq.o
 .debug_line    0x0000a7e9      0x794 ./SDK/platform/drivers/src/lpspi/lpspi_hw_access.o
 .debug_line    0x0000af7d      0x534 ./SDK/platform/drivers/src/interrupt/interrupt_manager.o
 .debug_line    0x0000b4b1      0x52b ./SDK/platform/drivers/src/edma/edma_irq.o
 .debug_line    0x0000b9dc      0x598 ./SDK/platform/drivers/src/edma/edma_hw_access.o
 .debug_line    0x0000bf74     0x103b ./SDK/platform/drivers/src/edma/edma_driver.o
 .debug_line    0x0000cfaf      0x506 ./SDK/platform/drivers/src/clock/clock_manager.o
 .debug_line    0x0000d4b5     0x111c ./SDK/platform/drivers/src/clock/S32K1xx/clock_S32K1xx.o
 .debug_line    0x0000e5d1      0xa49 ./SDK/platform/drivers/src/adc/adc_driver.o
 .debug_line    0x0000f01a      0x2fd ./SDK/platform/devices/startup.o
 .debug_line    0x0000f317      0x381 ./SDK/platform/devices/S32K116/startup/system_S32K116.o
 .debug_line    0x0000f698       0xcf ./Project_Settings/Startup_Code/startup_S32K116.o
 .debug_line    0x0000f767      0x38d ./Generated_Code/pin_mux.o
 .debug_line    0x0000faf4      0x64d ./Generated_Code/pdly1.o
 .debug_line    0x00010141      0x651 ./Generated_Code/lpspiCom1.o
 .debug_line    0x00010792      0x651 ./Generated_Code/clockMan1.o
 .debug_line    0x00010de3      0x64f ./Generated_Code/adConv1.o

.debug_str      0x00000000    0x63f1e
 .debug_str     0x00000000    0x58068 ./Sources/tof_capture.o
                              0x58136 (size before relaxing)
 .debug_str     0x00058068      0xc8c ./Sources/spi_comm.o
                              0x58d3a (size before relaxing)
 .debug_str     0x00058cf4     0x19fe ./Sources/main.o
                              0x5a3e9 (size before relaxing)
 .debug_str     0x0005a6f2      0x124 ./Sources/common/ultrasonic.o
                              0x581f3 (size before relaxing)
 .debug_str     0x0005a816       0x72 ./Sources/common/tmr_level.o
                              0x580b1 (size before relaxing)
 .debug_str     0x0005a888      0x13b ./Sources/common/ntc_calibration.o
                               0x3bfc (size before relaxing)
 .debug_str     0x0005a9c3      0x395 ./Sources/common/helper_functions.o
                              0x587c7 (size before relaxing)
 .debug_str     0x0005ad58     0x1e04 ./Sources/common/adsample.o
                              0x5a131 (size before relaxing)
 .debug_str     0x0005cb5c      0x172 ./Sources/common/Sys_Init.o
                              0x54636 (size before relaxing)
 .debug_str     0x0005ccce      0x297 ./Sources/common/Node_Mgt/node_para.o
                               0x4082 (size before relaxing)
 .debug_str     0x0005cf65       0x46 ./Sources/common/Node_Mgt/node_cfg.o