Archive member included because of file (symbol)

C:/NXP/S32DS_ARM_v2018.R1/Cross_Tools/gcc-arm-none-eabi-4_9/arm-none-eabi/newlib/lib/armv6-m\libc_nano.a(lib_a-exit.o)
                              C:/NXP/S32DS_ARM_v2018.R1/Cross_Tools/gcc-arm-none-eabi-4_9/arm-none-eabi/newlib/lib/armv6-m/crt0.o (exit)
C:/NXP/S32DS_ARM_v2018.R1/Cross_Tools/gcc-arm-none-eabi-4_9/arm-none-eabi/newlib/lib/armv6-m\libc_nano.a(lib_a-impure.o)
                              C:/NXP/S32DS_ARM_v2018.R1/Cross_Tools/gcc-arm-none-eabi-4_9/arm-none-eabi/newlib/lib/armv6-m\libc_nano.a(lib_a-exit.o) (_global_impure_ptr)
C:/NXP/S32DS_ARM_v2018.R1/Cross_Tools/gcc-arm-none-eabi-4_9/arm-none-eabi/newlib/lib/armv6-m\libc_nano.a(lib_a-init.o)
                              C:/NXP/S32DS_ARM_v2018.R1/Cross_Tools/gcc-arm-none-eabi-4_9/arm-none-eabi/newlib/lib/armv6-m/crt0.o (__libc_init_array)
C:/NXP/S32DS_ARM_v2018.R1/Cross_Tools/gcc-arm-none-eabi-4_9/arm-none-eabi/newlib/lib/armv6-m\libc_nano.a(lib_a-memset.o)
                              C:/NXP/S32DS_ARM_v2018.R1/Cross_Tools/gcc-arm-none-eabi-4_9/arm-none-eabi/newlib/lib/armv6-m/crt0.o (memset)
c:/nxp/s32ds_arm_v2018.r1/cross_tools/gcc-arm-none-eabi-4_9/bin/../lib/gcc/arm-none-eabi/4.9.3/armv6-m\libgcc.a(_udivsi3.o)
                              ./Sources/common/helper_functions.o (__aeabi_uidiv)
c:/nxp/s32ds_arm_v2018.r1/cross_tools/gcc-arm-none-eabi-4_9/bin/../lib/gcc/arm-none-eabi/4.9.3/armv6-m\libgcc.a(_divsi3.o)
                              ./Sources/common/ultrasonic.o (__aeabi_idiv)
c:/nxp/s32ds_arm_v2018.r1/cross_tools/gcc-arm-none-eabi-4_9/bin/../lib/gcc/arm-none-eabi/4.9.3/armv6-m\libgcc.a(_dvmd_tls.o)
                              c:/nxp/s32ds_arm_v2018.r1/cross_tools/gcc-arm-none-eabi-4_9/bin/../lib/gcc/arm-none-eabi/4.9.3/armv6-m\libgcc.a(_udivsi3.o) (__aeabi_idiv0)
c:/nxp/s32ds_arm_v2018.r1/cross_tools/gcc-arm-none-eabi-4_9/bin/../lib/gcc/arm-none-eabi/4.9.3/armv6-m\libgcc.a(_arm_cmpsf2.o)
                              ./Sources/common/ultrasonic.o (__aeabi_fcmpeq)
c:/nxp/s32ds_arm_v2018.r1/cross_tools/gcc-arm-none-eabi-4_9/bin/../lib/gcc/arm-none-eabi/4.9.3/armv6-m\libgcc.a(_fixunssfsi.o)
                              ./Sources/common/ultrasonic.o (__aeabi_f2uiz)
c:/nxp/s32ds_arm_v2018.r1/cross_tools/gcc-arm-none-eabi-4_9/bin/../lib/gcc/arm-none-eabi/4.9.3/armv6-m\libgcc.a(_floatundisf.o)
                              ./Sources/main.o (__aeabi_ul2f)
c:/nxp/s32ds_arm_v2018.r1/cross_tools/gcc-arm-none-eabi-4_9/bin/../lib/gcc/arm-none-eabi/4.9.3/armv6-m\libgcc.a(addsf3.o)
                              ./Sources/common/ultrasonic.o (__aeabi_fadd)
c:/nxp/s32ds_arm_v2018.r1/cross_tools/gcc-arm-none-eabi-4_9/bin/../lib/gcc/arm-none-eabi/4.9.3/armv6-m\libgcc.a(divsf3.o)
                              ./Sources/common/ultrasonic.o (__aeabi_fdiv)
c:/nxp/s32ds_arm_v2018.r1/cross_tools/gcc-arm-none-eabi-4_9/bin/../lib/gcc/arm-none-eabi/4.9.3/armv6-m\libgcc.a(eqsf2.o)
                              c:/nxp/s32ds_arm_v2018.r1/cross_tools/gcc-arm-none-eabi-4_9/bin/../lib/gcc/arm-none-eabi/4.9.3/armv6-m\libgcc.a(_arm_cmpsf2.o) (__eqsf2)
c:/nxp/s32ds_arm_v2018.r1/cross_tools/gcc-arm-none-eabi-4_9/bin/../lib/gcc/arm-none-eabi/4.9.3/armv6-m\libgcc.a(gesf2.o)
                              c:/nxp/s32ds_arm_v2018.r1/cross_tools/gcc-arm-none-eabi-4_9/bin/../lib/gcc/arm-none-eabi/4.9.3/armv6-m\libgcc.a(_arm_cmpsf2.o) (__gesf2)
c:/nxp/s32ds_arm_v2018.r1/cross_tools/gcc-arm-none-eabi-4_9/bin/../lib/gcc/arm-none-eabi/4.9.3/armv6-m\libgcc.a(lesf2.o)
                              c:/nxp/s32ds_arm_v2018.r1/cross_tools/gcc-arm-none-eabi-4_9/bin/../lib/gcc/arm-none-eabi/4.9.3/armv6-m\libgcc.a(_arm_cmpsf2.o) (__lesf2)
c:/nxp/s32ds_arm_v2018.r1/cross_tools/gcc-arm-none-eabi-4_9/bin/../lib/gcc/arm-none-eabi/4.9.3/armv6-m\libgcc.a(mulsf3.o)
                              ./Sources/common/ultrasonic.o (__aeabi_fmul)
c:/nxp/s32ds_arm_v2018.r1/cross_tools/gcc-arm-none-eabi-4_9/bin/../lib/gcc/arm-none-eabi/4.9.3/armv6-m\libgcc.a(subsf3.o)
                              ./Sources/common/ultrasonic.o (__aeabi_fsub)
c:/nxp/s32ds_arm_v2018.r1/cross_tools/gcc-arm-none-eabi-4_9/bin/../lib/gcc/arm-none-eabi/4.9.3/armv6-m\libgcc.a(fixsfsi.o)
                              c:/nxp/s32ds_arm_v2018.r1/cross_tools/gcc-arm-none-eabi-4_9/bin/../lib/gcc/arm-none-eabi/4.9.3/armv6-m\libgcc.a(_fixunssfsi.o) (__aeabi_f2iz)
c:/nxp/s32ds_arm_v2018.r1/cross_tools/gcc-arm-none-eabi-4_9/bin/../lib/gcc/arm-none-eabi/4.9.3/armv6-m\libgcc.a(floatsisf.o)
                              ./Sources/common/ultrasonic.o (__aeabi_i2f)
c:/nxp/s32ds_arm_v2018.r1/cross_tools/gcc-arm-none-eabi-4_9/bin/../lib/gcc/arm-none-eabi/4.9.3/armv6-m\libgcc.a(floatunsisf.o)
                              ./Sources/common/adsample.o (__aeabi_ui2f)
c:/nxp/s32ds_arm_v2018.r1/cross_tools/gcc-arm-none-eabi-4_9/bin/../lib/gcc/arm-none-eabi/4.9.3/armv6-m\libgcc.a(adddf3.o)
[...]
Memory Configuration

Name             Origin             Length             Attributes
m_interrupts     0x00000000         0x000000c0         xr
m_flash_config   0x00000400         0x00000010         xr
m_text           0x00000410         0x0001fbf0         xr
m_data           0x20000000         0x000020c0         rw
m_data_2         0x200020c0         0x00001740         rw
*default*        0x00000000         0xffffffff

Linker script and memory map

LOAD c:/nxp/s32ds_arm_v2018.r1/cross_tools/gcc-arm-none-eabi-4_9/bin/../lib/gcc/arm-none-eabi/4.9.3/armv6-m/crti.o
LOAD c:/nxp/s32ds_arm_v2018.r1/cross_tools/gcc-arm-none-eabi-4_9/bin/../lib/gcc/arm-none-eabi/4.9.3/armv6-m/crtbegin.o
LOAD C:/NXP/S32DS_ARM_v2018.R1/Cross_Tools/gcc-arm-none-eabi-4_9/arm-none-eabi/newlib/lib/armv6-m/crt0.o
LOAD ./Sources/common/ultrasonic.o
LOAD ./Sources/common/ntc_calibration.o
LOAD ./Sources/common/helper_functions.o
LOAD ./Sources/common/adsample.o
LOAD ./Sources/common/Sys_Init.o
LOAD ./Sources/common/HW_Driver/prj_gpio.o
LOAD ./Sources/common/HW_Driver/hw_abstract.o
LOAD ./Sources/common/HW_Driver/WatchDog.o
LOAD ./Sources/common/HW_Driver/SPI.o
LOAD ./Sources/tof_capture.o
LOAD ./Sources/spi_comm.o
LOAD ./Sources/main.o
LOAD ./Sources/CAN_Comm.o
LOAD ./SDK/rtos/osif/osif_baremetal.o
LOAD ./SDK/platform/pal/can/src/can_pal.o
LOAD ./SDK/platform/drivers/src/pins/pins_port_hw_access.o
LOAD ./SDK/platform/drivers/src/pins/pins_driver.o
LOAD ./SDK/platform/drivers/src/pdb/pdb_hw_access.o
LOAD ./SDK/platform/drivers/src/pdb/pdb_driver.o
LOAD ./SDK/platform/drivers/src/lpspi/lpspi_slave_driver.o
LOAD ./SDK/platform/drivers/src/lpspi/lpspi_shared_function.o
LOAD ./SDK/platform/drivers/src/lpspi/lpspi_master_driver.o
LOAD ./SDK/platform/drivers/src/lpspi/lpspi_irq.o
LOAD ./SDK/platform/drivers/src/lpspi/lpspi_hw_access.o
LOAD ./SDK/platform/drivers/src/interrupt/interrupt_manager.o
LOAD ./SDK/platform/drivers/src/flexcan/flexcan_irq.o
LOAD ./SDK/platform/drivers/src/flexcan/flexcan_hw_access.o
LOAD ./SDK/platform/drivers/src/flexcan/flexcan_driver.o
LOAD ./SDK/platform/drivers/src/edma/edma_irq.o
LOAD ./SDK/platform/drivers/src/edma/edma_hw_access.o
LOAD ./SDK/platform/drivers/src/edma/edma_driver.o
LOAD ./SDK/platform/drivers/src/clock/clock_manager.o
LOAD ./SDK/platform/drivers/src/clock/S32K1xx/clock_S32K1xx.o
LOAD ./SDK/platform/drivers/src/adc/adc_driver.o
LOAD ./SDK/platform/devices/startup.o
LOAD ./SDK/platform/devices/S32K116/startup/system_S32K116.o
LOAD ./Project_Settings/Startup_Code/startup_S32K116.o
LOAD ./Generated_Code/pin_mux.o
LOAD ./Generated_Code/pdly1.o
LOAD ./Generated_Code/lpspiCom1.o
LOAD ./Generated_Code/dmaController1.o
LOAD ./Generated_Code/clockMan1.o
LOAD ./Generated_Code/can_pal1.o
LOAD ./Generated_Code/adConv1.o
LOAD ./Generated_Code/Cpu.o
LOAD ./FreeMaster_S32xx/src_platforms/S32xx/freemaster_S32xx.o
LOAD ./FreeMaster_S32xx/src_common/freemaster_tsa.o
LOAD ./FreeMaster_S32xx/src_common/freemaster_sfio.o
LOAD ./FreeMaster_S32xx/src_common/freemaster_serial.o
LOAD ./FreeMaster_S32xx/src_common/freemaster_scope.o
LOAD ./FreeMaster_S32xx/src_common/freemaster_rec.o
LOAD ./FreeMaster_S32xx/src_common/freemaster_protocol.o
LOAD ./FreeMaster_S32xx/src_common/freemaster_pipes.o
LOAD ./FreeMaster_S32xx/src_common/freemaster_lin.o
LOAD ./FreeMaster_S32xx/src_common/freemaster_can.o
LOAD ./FreeMaster_S32xx/src_common/freemaster_bdm.o
LOAD ./FreeMaster_S32xx/src_common/freemaster_appcmd.o
LOAD C:/NXP/S32DS_ARM_v2018.R1/Cross_Tools/gcc-arm-none-eabi-4_9/arm-none-eabi/newlib/lib/armv6-m\libc_nano.a
LOAD c:/nxp/s32ds_arm_v2018.r1/cross_tools/gcc-arm-none-eabi-4_9/bin/../lib/gcc/arm-none-eabi/4.9.3/armv6-m\libgcc.a
LOAD C:/NXP/S32DS_ARM_v2018.R1/Cross_Tools/gcc-arm-none-eabi-4_9/arm-none-eabi/newlib/lib/armv6-m\libm.a
LOAD C:/NXP/S32DS_ARM_v2018.R1/Cross_Tools/gcc-arm-none-eabi-4_9/arm-none-eabi/newlib/lib/armv6-m\librdimon_nano.a
START GROUP
LOAD c:/nxp/s32ds_arm_v2018.r1/cross_tools/gcc-arm-none-eabi-4_9/bin/../lib/gcc/arm-none-eabi/4.9.3/armv6-m\libgcc.a
LOAD C:/NXP/S32DS_ARM_v2018.R1/Cross_Tools/gcc-arm-none-eabi-4_9/arm-none-eabi/newlib/lib/armv6-m\libc_nano.a
END GROUP
START GROUP
LOAD c:/nxp/s32ds_arm_v2018.r1/cross_tools/gcc-arm-none-eabi-4_9/bin/../lib/gcc/arm-none-eabi/4.9.3/armv6-m\libgcc.a
LOAD C:/NXP/S32DS_ARM_v2018.R1/Cross_Tools/gcc-arm-none-eabi-4_9/arm-none-eabi/newlib/lib/armv6-m\libc_nano.a
LOAD C:/NXP/S32DS_ARM_v2018.R1/Cross_Tools/gcc-arm-none-eabi-4_9/arm-none-eabi/newlib/lib/armv6-m\libnosys.a
END GROUP
START GROUP
LOAD c:/nxp/s32ds_arm_v2018.r1/cross_tools/gcc-arm-none-eabi-4_9/bin/../lib/gcc/arm-none-eabi/4.9.3/armv6-m\libgcc.a
LOAD C:/NXP/S32DS_ARM_v2018.R1/Cross_Tools/gcc-arm-none-eabi-4_9/arm-none-eabi/newlib/lib/armv6-m\libc_nano.a
LOAD C:/NXP/S32DS_ARM_v2018.R1/Cross_Tools/gcc-arm-none-eabi-4_9/arm-none-eabi/newlib/lib/armv6-m\libnosys.a
END GROUP
LOAD c:/nxp/s32ds_arm_v2018.r1/cross_tools/gcc-arm-none-eabi-4_9/bin/../lib/gcc/arm-none-eabi/4.9.3/armv6-m/crtend.o
LOAD c:/nxp/s32ds_arm_v2018.r1/cross_tools/gcc-arm-none-eabi-4_9/bin/../lib/gcc/arm-none-eabi/4.9.3/armv6-m/crtn.o
                0x00000200                HEAP_SIZE = DEFINED (__heap_size__)?__heap_size__:0x200
                0x00000200                STACK_SIZE = DEFINED (__stack_size__)?__stack_size__:0x200
                0x000000c0                M_VECTOR_RAM_SIZE = DEFINED (__flash_vector_table__)?0x0:0xc0

.interrupts     0x00000000       0xc0
                0x00000000                __VECTOR_TABLE = .
                0x00000000                . = ALIGN (0x4)
 *(.isr_vector)
 .isr_vector    0x00000000       0xc0 ./Project_Settings/Startup_Code/startup_S32K116.o
                0x00000000                __isr_vector
                0x000000c0                . = ALIGN (0x4)

.flash_config   0x00000400       0x10
                0x00000400                . = ALIGN (0x4)
 *(.FlashConfig)
 .FlashConfig   0x00000400       0x10 ./Project_Settings/Startup_Code/startup_S32K116.o
                0x00000410                . = ALIGN (0x4)

.text           0x00000410     0x75e8
                0x00000410                . = ALIGN (0x4)
 *(.text)
 .text          0x00000410       0x60 c:/nxp/s32ds_arm_v2018.r1/cross_tools/gcc-arm-none-eabi-4_9/bin/../lib/gcc/arm-none-eabi/4.9.3/armv6-m/crtbegin.o
 .text          0x00000470       0x60 ./Project_Settings/Startup_Code/startup_S32K116.o
                0x00000470                Reset_Handler
                0x000004cc                ERM_fault_IRQHandler
                0x000004cc                PendSV_Handler
                0x000004cc                NMI_Handler
                0x000004cc                ADC0_IRQHandler
                0x000004cc                FTM0_Ovf_Reload_IRQHandler
                0x000004cc                FTM1_Ch0_7_IRQHandler
                0x000004cc                DefaultISR
                0x000004cc                SCG_CMU_LVD_LVWSCG_IRQHandler
                0x000004cc                FTM0_Ch0_7_IRQHandler
                0x000004cc                RTC_IRQHandler
                0x000004cc                PDB0_IRQHandler
                0x000004cc                HardFault_Handler
                0x000004cc                Reserved27_IRQHandler
                0x000004cc                LPUART1_RxTx_IRQHandler
                0x000004cc                RTC_Seconds_IRQHandler
                0x000004cc                FTFC_IRQHandler
                0x000004cc                FTM0_Fault_IRQHandler
                0x000004cc                SVC_Handler
                0x000004cc                RCM_IRQHandler
                0x000004cc                FTM1_Fault_IRQHandler
                0x000004cc                LPI2C0_Master_Slave_IRQHandler
                0x000004cc                LPUART0_RxTx_IRQHandler
                0x000004cc                WDOG_IRQHandler
                0x000004cc                LPTMR0_IRQHandler
                0x000004cc                FTM1_Ovf_Reload_IRQHandler
                0x000004cc                CMP0_IRQHandler
                0x000004cc                FLEXIO_IRQHandler
 .text          0x000004d0      0x120 c:/nxp/s32ds_arm_v2018.r1/cross_tools/gcc-arm-none-eabi-4_9/bin/../lib/gcc/arm-none-eabi/4.9.3/armv6-m\libgcc.a(_udivsi3.o)
                0x000004d0                __aeabi_uidiv
                0x000004d0                __udivsi3
                0x000005dc                __aeabi_uidivmod
 .text          0x000005f0      0x1e0 c:/nxp/s32ds_arm_v2018.r1/cross_tools/gcc-arm-none-eabi-4_9/bin/../lib/gcc/arm-none-eabi/4.9.3/armv6-m\libgcc.a(_divsi3.o)
                0x000005f0                __divsi3
                0x000005f0                __aeabi_idiv
                0x000007bc                __aeabi_idivmod
 .text          0x000007d0        0x4 c:/nxp/s32ds_arm_v2018.r1/cross_tools/gcc-arm-none-eabi-4_9/bin/../lib/gcc/arm-none-eabi/4.9.3/armv6-m\libgcc.a(_dvmd_tls.o)
                0x000007d0                __aeabi_idiv0
                0x000007d0                __aeabi_ldiv0
 .text          0x000007d4       0x74 c:/nxp/s32ds_arm_v2018.r1/cross_tools/gcc-arm-none-eabi-4_9/bin/../lib/gcc/arm-none-eabi/4.9.3/armv6-m\libgcc.a(_arm_cmpsf2.o)
                0x000007d4                __aeabi_cfrcmple
                0x000007dc                __aeabi_cfcmpeq
                0x000007dc                __aeabi_cfcmple
                0x000007ec                __aeabi_fcmpeq
                0x000007f8                __aeabi_fcmplt
                0x0000080c                __aeabi_fcmple
                0x00000820                __aeabi_fcmpgt
                0x00000834                __aeabi_fcmpge
 .text          0x00000848       0x48 c:/nxp/s32ds_arm_v2018.r1/cross_tools/gcc-arm-none-eabi-4_9/bin/../lib/gcc/arm-none-eabi/4.9.3/armv6-m\libgcc.a(_floatundisf.o)
                0x00000848                __aeabi_ul2f
                0x00000848                __floatundisf
 .text          0x00000890      0x2f8 c:/nxp/s32ds_arm_v2018.r1/cross_tools/gcc-arm-none-eabi-4_9/bin/../lib/gcc/arm-none-eabi/4.9.3/armv6-m\libgcc.a(addsf3.o)
                0x00000890                __aeabi_fadd
 .text          0x00000b88      0x270 c:/nxp/s32ds_arm_v2018.r1/cross_tools/gcc-arm-none-eabi-4_9/bin/../lib/gcc/arm-none-eabi/4.9.3/armv6-m\libgcc.a(divsf3.o)
                0x00000b88                __aeabi_fdiv
 .text          0x00000df8       0x54 c:/nxp/s32ds_arm_v2018.r1/cross_tools/gcc-arm-none-eabi-4_9/bin/../lib/gcc/arm-none-eabi/4.9.3/armv6-m\libgcc.a(eqsf2.o)
                0x00000df8                __eqsf2
                0x00000df8                __nesf2
 .text          0x00000e4c       0x94 c:/nxp/s32ds_arm_v2018.r1/cross_tools/gcc-arm-none-eabi-4_9/bin/../lib/gcc/arm-none-eabi/4.9.3/armv6-m\libgcc.a(gesf2.o)
                0x00000e4c                __gesf2
                0x00000e4c                __gtsf2
 .text          0x00000ee0       0x8c c:/nxp/s32ds_arm_v2018.r1/cross_tools/gcc-arm-none-eabi-4_9/bin/../lib/gcc/arm-none-eabi/4.9.3/armv6-m\libgcc.a(lesf2.o)
                0x00000ee0                __ltsf2
                0x00000ee0                __lesf2
 .text          0x00000f6c      0x264 c:/nxp/s32ds_arm_v2018.r1/cross_tools/gcc-arm-none-eabi-4_9/bin/../lib/gcc/arm-none-eabi/4.9.3/armv6-m\libgcc.a(mulsf3.o)
                0x00000f6c                __aeabi_fmul
 .text          0x000011d0       0x90 c:/nxp/s32ds_arm_v2018.r1/cross_tools/gcc-arm-none-eabi-4_9/bin/../lib/gcc/arm-none-eabi/4.9.3/armv6-m\libgcc.a(floatsisf.o)
                0x000011d0                __aeabi_i2f
 .text          0x00001260       0x90 c:/nxp/s32ds_arm_v2018.r1/cross_tools/gcc-arm-none-eabi-4_9/bin/../lib/gcc/arm-none-eabi/4.9.3/armv6-m\libgcc.a(floatunsisf.o)
                0x00001260                __aeabi_ui2f
 .text          0x000012f0      0x650 c:/nxp/s32ds_arm_v2018.r1/cross_tools/gcc-arm-none-eabi-4_9/bin/../lib/gcc/arm-none-eabi/4.9.3/armv6-m\libgcc.a(adddf3.o)
                0x000012f0                __aeabi_dadd
 .text          0x00001940      0x534 c:/nxp/s32ds_arm_v2018.r1/cross_tools/gcc-arm-none-eabi-4_9/bin/../lib/gcc/arm-none-eabi/4.9.3/armv6-m\libgcc.a(muldf3.o)
                0x00001940                __aeabi_dmul
 .text          0x00001e74       0x64 c:/nxp/s32ds_arm_v2018.r1/cross_tools/gcc-arm-none-eabi-4_9/bin/../lib/gcc/arm-none-eabi/4.9.3/armv6-m\libgcc.a(floatunsidf.o)
                0x00001e74                __aeabi_ui2d
 .text          0x00001ed8      0x120 c:/nxp/s32ds_arm_v2018.r1/cross_tools/gcc-arm-none-eabi-4_9/bin/../lib/gcc/arm-none-eabi/4.9.3/armv6-m\libgcc.a(truncdfsf2.o)
                0x00001ed8                __aeabi_d2f
 .text          0x00001ff8       0x3c c:/nxp/s32ds_arm_v2018.r1/cross_tools/gcc-arm-none-eabi-4_9/bin/../lib/gcc/arm-none-eabi/4.9.3/armv6-m\libgcc.a(_clzsi2.o)
                0x00001ff8                __clzsi2
 *(.text*)
 .text.ntc_calibration_cal_temp
                0x00002034      0x10c ./Sources/common/ntc_calibration.o
                0x00002034                ntc_calibration_cal_temp
 .text.calculateIntValue
                0x00002140       0x68 ./Sources/common/helper_functions.o
                0x00002140                calculateIntValue
 .text.adsample_ADC_IRQHandler
                0x000021a8       0x20 ./Sources/common/adsample.o
                0x000021a8                adsample_ADC_IRQHandler
 .text.adsample_ADC_Init
                0x000021c8      0x11c ./Sources/common/adsample.o
                0x000021c8                adsample_ADC_Init
 .text.adsample_Get_TmrLevel
                0x000022e4       0x50 ./Sources/common/adsample.o
                0x000022e4                adsample_Get_TmrLevel
 .text.adsample_Get_EnvirTemp
                0x00002334       0x28 ./Sources/common/adsample.o
                0x00002334                adsample_Get_EnvirTemp
 .text.adsample_Get_NTCTemp
                0x0000235c       0x28 ./Sources/common/adsample.o
                0x0000235c                adsample_Get_NTCTemp
 .text.v_task_MgtCallback
                0x00002384        0x4 ./Sources/common/Sys_Init.o
                0x00002384                v_task_MgtCallback
 .text.Sys_Init
                0x00002388       0x18 ./Sources/common/Sys_Init.o
                0x00002388                Sys_Init
 .text.v_v_stuff
                0x000023a0        0x4 ./Sources/common/HW_Driver/prj_gpio.o
 .text.PORT_IRQHandler
                0x000023a4       0x28 ./Sources/common/HW_Driver/prj_gpio.o
                0x000023a4                PORT_IRQHandler
 .text.v_v_stuff
                0x000023cc        0x4 ./Sources/common/HW_Driver/hw_abstract.o
 .text.u8_hw_wtd_reset
                0x000023d0        0x8 ./Sources/common/HW_Driver/hw_abstract.o
                0x000023d0                u8_hw_wtd_reset
 .text.u8_hw_wtd_Init
                0x000023d8        0xc ./Sources/common/HW_Driver/hw_abstract.o
                0x000023d8                u8_hw_wtd_Init
 .text.timer_1ms_isr
                0x000023e4       0x60 ./Sources/common/HW_Driver/hw_abstract.o
                0x000023e4                timer_1ms_isr
 .text.u8_hw_Timer_Init
                0x00002444       0x68 ./Sources/common/HW_Driver/hw_abstract.o
                0x00002444                u8_hw_Timer_Init
 .text.LPIT0_IRQHandler
                0x000024ac       0x30 ./Sources/common/HW_Driver/hw_abstract.o
                0x000024ac                LPIT0_IRQHandler
 .text.u8_wtd_Feed
                0x000024dc       0x14 ./Sources/common/HW_Driver/WatchDog.o
                0x000024dc                u8_wtd_Feed
 .text.u8_wtd_Init
                0x000024f0       0x68 ./Sources/common/HW_Driver/WatchDog.o
                0x000024f0                u8_wtd_Init
 .text.tof_capture_Get_AvgVelocity
                0x00002558       0x34 ./Sources/tof_capture.o
                0x00002558                tof_capture_Get_AvgVelocity
 .text.spi_comm_Spi_Init
                0x0000258c       0x18 ./Sources/spi_comm.o
                0x0000258c                spi_comm_Spi_Init
 .text.spi_comm_Spi_Transfer
                0x000025a4       0x98 ./Sources/spi_comm.o
                0x000025a4                spi_comm_Spi_Transfer
 .text.main     0x0000263c       0xf8 ./Sources/main.o
                0x0000263c                main
 .text.CAN_ISR_Callback
                0x00002734       0x4c ./Sources/CAN_Comm.o
                0x00002734                CAN_ISR_Callback
 .text.CAN_Comm_Init
                0x00002780       0x60 ./Sources/CAN_Comm.o
                0x00002780                CAN_Comm_Init
 .text.SysTick_Handler
                0x000027e0       0x10 ./SDK/rtos/osif/osif_baremetal.o
                0x000027e0                SysTick_Handler
 .text.OSIF_SemaWait
                0x000027f0       0x88 ./SDK/rtos/osif/osif_baremetal.o
                0x000027f0                OSIF_SemaWait
 .text.OSIF_SemaPost
                0x00002878       0x30 ./SDK/rtos/osif/osif_baremetal.o
                0x00002878                OSIF_SemaPost
 .text.OSIF_SemaCreate
                0x000028a8       0x1c ./SDK/rtos/osif/osif_baremetal.o
                0x000028a8                OSIF_SemaCreate
 .text.OSIF_SemaDestroy
                0x000028c4        0xc ./SDK/rtos/osif/osif_baremetal.o
                0x000028c4                OSIF_SemaDestroy
 .text.CAN_InternalCallback
                0x000028d0       0x58 ./SDK/platform/pal/can/src/can_pal.o
 .text.CAN_Init
                0x00002928       0xe4 ./SDK/platform/pal/can/src/can_pal.o
                0x00002928                CAN_Init
 .text.CAN_ConfigTxBuff
                0x00002a0c       0x7c ./SDK/platform/pal/can/src/can_pal.o
                0x00002a0c                CAN_ConfigTxBuff
 .text.CAN_ConfigRxBuff
                0x00002a88       0x78 ./SDK/platform/pal/can/src/can_pal.o
                0x00002a88                CAN_ConfigRxBuff
 .text.CAN_Receive
                0x00002b00       0x44 ./SDK/platform/pal/can/src/can_pal.o
                0x00002b00                CAN_Receive
 .text.CAN_InstallEventCallback
                0x00002b44       0x30 ./SDK/platform/pal/can/src/can_pal.o
                0x00002b44                CAN_InstallEventCallback
 .text.PINS_Init
                0x00002b74      0x130 ./SDK/platform/drivers/src/pins/pins_port_hw_access.o
                0x00002b74                PINS_Init
 .text.PINS_DRV_Init
                0x00002ca4       0x2c ./SDK/platform/drivers/src/pins/pins_driver.o
                0x00002ca4                PINS_DRV_Init
 .text.PINS_DRV_ClearPins
                0x00002cd0        0x4 ./SDK/platform/drivers/src/pins/pins_driver.o
                0x00002cd0                PINS_DRV_ClearPins
 .text.PDB_Init
                0x00002cd4       0xbc ./SDK/platform/drivers/src/pdb/pdb_hw_access.o
                0x00002cd4                PDB_Init
 .text.PDB_ConfigTimer
                0x00002d90       0x80 ./SDK/platform/drivers/src/pdb/pdb_hw_access.o
                0x00002d90                PDB_ConfigTimer
 .text.PDB_SetAdcPreTriggerBackToBackEnable
                0x00002e10       0x44 ./SDK/platform/drivers/src/pdb/pdb_hw_access.o
                0x00002e10                PDB_SetAdcPreTriggerBackToBackEnable
 .text.PDB_SetAdcPreTriggerOutputEnable
                0x00002e54       0x3c ./SDK/platform/drivers/src/pdb/pdb_hw_access.o
                0x00002e54                PDB_SetAdcPreTriggerOutputEnable
 .text.PDB_SetAdcPreTriggerEnable
                0x00002e90       0x3c ./SDK/platform/drivers/src/pdb/pdb_hw_access.o
                0x00002e90                PDB_SetAdcPreTriggerEnable
 .text.PDB_DRV_Init
                0x00002ecc       0x54 ./SDK/platform/drivers/src/pdb/pdb_driver.o
                0x00002ecc                PDB_DRV_Init
 .text.PDB_DRV_Enable
                0x00002f20       0x18 ./SDK/platform/drivers/src/pdb/pdb_driver.o
                0x00002f20                PDB_DRV_Enable
 .text.PDB_DRV_SoftTriggerCmd
                0x00002f38       0x1c ./SDK/platform/drivers/src/pdb/pdb_driver.o
                0x00002f38                PDB_DRV_SoftTriggerCmd
 .text.PDB_DRV_LoadValuesCmd
                0x00002f54       0x18 ./SDK/platform/drivers/src/pdb/pdb_driver.o
                0x00002f54                PDB_DRV_LoadValuesCmd
 .text.PDB_DRV_SetTimerModulusValue
                0x00002f6c       0x1c ./SDK/platform/drivers/src/pdb/pdb_driver.o
                0x00002f6c                PDB_DRV_SetTimerModulusValue
 .text.PDB_DRV_ConfigAdcPreTrigger
                0x00002f88       0x58 ./SDK/platform/drivers/src/pdb/pdb_driver.o
                0x00002f88                PDB_DRV_ConfigAdcPreTrigger
 .text.PDB_DRV_SetAdcPreTriggerDelayValue
                0x00002fe0       0x54 ./SDK/platform/drivers/src/pdb/pdb_driver.o
                0x00002fe0                PDB_DRV_SetAdcPreTriggerDelayValue
 .text.LPSPI_DRV_SlaveInit
                0x00003034      0x10c ./SDK/platform/drivers/src/lpspi/lpspi_slave_driver.o
                0x00003034                LPSPI_DRV_SlaveInit
 .text.LPSPI_DRV_SlaveTransfer
                0x00003140      0x1f8 ./SDK/platform/drivers/src/lpspi/lpspi_slave_driver.o
                0x00003140                LPSPI_DRV_SlaveTransfer
 .text.LPSPI_DRV_SlaveAbortTransfer
                0x00003338       0x84 ./SDK/platform/drivers/src/lpspi/lpspi_slave_driver.o
                0x00003338                LPSPI_DRV_SlaveAbortTransfer
 .text.LPSPI_DRV_SlaveTransferBlocking
                0x000033bc       0x5c ./SDK/platform/drivers/src/lpspi/lpspi_slave_driver.o
                0x000033bc                LPSPI_DRV_SlaveTransferBlocking
 .text.LPSPI_DRV_SlaveCompleteDMATransfer
                0x00003418       0x20 ./SDK/platform/drivers/src/lpspi/lpspi_slave_driver.o
 .text.LPSPI_DRV_SlaveIRQHandler
                0x00003438       0xcc ./SDK/platform/drivers/src/lpspi/lpspi_slave_driver.o
                0x00003438                LPSPI_DRV_SlaveIRQHandler
 .text.LPSPI_DRV_IRQHandler
                0x00003504       0x24 ./SDK/platform/drivers/src/lpspi/lpspi_shared_function.o
                0x00003504                LPSPI_DRV_IRQHandler
 .text.LPSPI_DRV_FillupTxBuffer
                0x00003528      0x110 ./SDK/platform/drivers/src/lpspi/lpspi_shared_function.o
                0x00003528                LPSPI_DRV_FillupTxBuffer
 .text.LPSPI_DRV_ReadRXBuffer
                0x00003638      0x108 ./SDK/platform/drivers/src/lpspi/lpspi_shared_function.o
                0x00003638                LPSPI_DRV_ReadRXBuffer
 .text.LPSPI_DRV_DisableTEIEInterrupts
                0x00003740       0x38 ./SDK/platform/drivers/src/lpspi/lpspi_shared_function.o
                0x00003740                LPSPI_DRV_DisableTEIEInterrupts
 .text.LPSPI_DRV_MasterCompleteTransfer
                0x00003778       0x7c ./SDK/platform/drivers/src/lpspi/lpspi_master_driver.o
 .text.LPSPI_DRV_MasterAbortTransfer
                0x000037f4       0x44 ./SDK/platform/drivers/src/lpspi/lpspi_master_driver.o
                0x000037f4                LPSPI_DRV_MasterAbortTransfer
 .text.LPSPI_DRV_MasterIRQHandler
                0x00003838       0xb0 ./SDK/platform/drivers/src/lpspi/lpspi_master_driver.o
                0x00003838                LPSPI_DRV_MasterIRQHandler
 .text.LPSPI0_IRQHandler
                0x000038e8        0xc ./SDK/platform/drivers/src/lpspi/lpspi_irq.o
                0x000038e8                LPSPI0_IRQHandler
 .text.LPSPI_Init
                0x000038f4        0xc ./SDK/platform/drivers/src/lpspi/lpspi_hw_access.o
                0x000038f4                LPSPI_Init
 .text.LPSPI_SetMasterSlaveMode
                0x00003900       0x18 ./SDK/platform/drivers/src/lpspi/lpspi_hw_access.o
                0x00003900                LPSPI_SetMasterSlaveMode
 .text.LPSPI_GetFifoSizes
                0x00003918       0x24 ./SDK/platform/drivers/src/lpspi/lpspi_hw_access.o
                0x00003918                LPSPI_GetFifoSizes
 .text.LPSPI_SetFlushFifoCmd
                0x0000393c       0x10 ./SDK/platform/drivers/src/lpspi/lpspi_hw_access.o
                0x0000393c                LPSPI_SetFlushFifoCmd
 .text.LPSPI_ClearStatusFlag
                0x0000394c       0x38 ./SDK/platform/drivers/src/lpspi/lpspi_hw_access.o
                0x0000394c                LPSPI_ClearStatusFlag
 .text.LPSPI_SetPcsPolarityMode
                0x00003984       0x20 ./SDK/platform/drivers/src/lpspi/lpspi_hw_access.o
                0x00003984                LPSPI_SetPcsPolarityMode
 .text.LPSPI_SetPinConfigMode
                0x000039a4       0x30 ./SDK/platform/drivers/src/lpspi/lpspi_hw_access.o
                0x000039a4                LPSPI_SetPinConfigMode
 .text.LPSPI_SetTxCommandReg
                0x000039d4       0x50 ./SDK/platform/drivers/src/lpspi/lpspi_hw_access.o
                0x000039d4                LPSPI_SetTxCommandReg
 .text.INT_SYS_InstallHandler
                0x00003a24       0x60 ./SDK/platform/drivers/src/interrupt/interrupt_manager.o
                0x00003a24                INT_SYS_InstallHandler
 .text.INT_SYS_EnableIRQ
                0x00003a84       0x2c ./SDK/platform/drivers/src/interrupt/interrupt_manager.o
                0x00003a84                INT_SYS_EnableIRQ
 .text.INT_SYS_DisableIRQ
                0x00003ab0       0x2c ./SDK/platform/drivers/src/interrupt/interrupt_manager.o
                0x00003ab0                INT_SYS_DisableIRQ
 .text.INT_SYS_EnableIRQGlobal
                0x00003adc       0x1c ./SDK/platform/drivers/src/interrupt/interrupt_manager.o
                0x00003adc                INT_SYS_EnableIRQGlobal
 .text.INT_SYS_DisableIRQGlobal
                0x00003af8       0x10 ./SDK/platform/drivers/src/interrupt/interrupt_manager.o
                0x00003af8                INT_SYS_DisableIRQGlobal
 .text.CAN0_ORed_Err_Wakeup_IRQHandler
                0x00003b08        0xc ./SDK/platform/drivers/src/flexcan/flexcan_irq.o
                0x00003b08                CAN0_ORed_Err_Wakeup_IRQHandler
 .text.CAN0_ORed_0_31_MB_IRQHandler
                0x00003b14        0xc ./SDK/platform/drivers/src/flexcan/flexcan_irq.o
                0x00003b14                CAN0_ORed_0_31_MB_IRQHandler
 .text.FLEXCAN_ComputePayloadSize
                0x00003b20       0x44 ./SDK/platform/drivers/src/flexcan/flexcan_hw_access.o
 .text.FLEXCAN_Enable
                0x00003b64       0x34 ./SDK/platform/drivers/src/flexcan/flexcan_hw_access.o
                0x00003b64                FLEXCAN_Enable
 .text.FLEXCAN_Disable
                0x00003b98       0x1c ./SDK/platform/drivers/src/flexcan/flexcan_hw_access.o
                0x00003b98                FLEXCAN_Disable
 .text.FLEXCAN_Init
                0x00003bb4       0x68 ./SDK/platform/drivers/src/flexcan/flexcan_hw_access.o
                0x00003bb4                FLEXCAN_Init
 .text.FLEXCAN_EnableRxFifo
                0x00003c1c       0x4c ./SDK/platform/drivers/src/flexcan/flexcan_hw_access.o
                0x00003c1c                FLEXCAN_EnableRxFifo
 .text.FLEXCAN_SetRxFifoFilter
                0x00003c68      0x16c ./SDK/platform/drivers/src/flexcan/flexcan_hw_access.o
                0x00003c68                FLEXCAN_SetRxFifoFilter
 .text.FLEXCAN_SetMsgBuffIntCmd
                0x00003dd4       0x40 ./SDK/platform/drivers/src/flexcan/flexcan_hw_access.o
                0x00003dd4                FLEXCAN_SetMsgBuffIntCmd
 .text.FLEXCAN_SetErrIntCmd
                0x00003e14       0x30 ./SDK/platform/drivers/src/flexcan/flexcan_hw_access.o
                0x00003e14                FLEXCAN_SetErrIntCmd
 .text.FLEXCAN_ExitFreezeMode
                0x00003e44       0x24 ./SDK/platform/drivers/src/flexcan/flexcan_hw_access.o
                0x00003e44                FLEXCAN_ExitFreezeMode
 .text.FLEXCAN_EnterFreezeMode
                0x00003e68       0x20 ./SDK/platform/drivers/src/flexcan/flexcan_hw_access.o
                0x00003e68                FLEXCAN_EnterFreezeMode
 .text.FLEXCAN_ClearErrIntStatusFlag
                0x00003e88        0xc ./SDK/platform/drivers/src/flexcan/flexcan_hw_access.o
                0x00003e88                FLEXCAN_ClearErrIntStatusFlag
 .text.FLEXCAN_ReadRxFifo
                0x00003e94       0x64 ./SDK/platform/drivers/src/flexcan/flexcan_hw_access.o
                0x00003e94                FLEXCAN_ReadRxFifo
 .text.FLEXCAN_SetOperationMode
                0x00003ef8       0x68 ./SDK/platform/drivers/src/flexcan/flexcan_hw_access.o
                0x00003ef8                FLEXCAN_SetOperationMode
 .text.FLEXCAN_SetPayloadSize
                0x00003f60       0x34 ./SDK/platform/drivers/src/flexcan/flexcan_hw_access.o
                0x00003f60                FLEXCAN_SetPayloadSize
 .text.FLEXCAN_GetPayloadSize
                0x00003f94       0x20 ./SDK/platform/drivers/src/flexcan/flexcan_hw_access.o
                0x00003f94                FLEXCAN_GetPayloadSize
 .text.FLEXCAN_GetMsgBuffRegion
                0x00003fb4       0x3c ./SDK/platform/drivers/src/flexcan/flexcan_hw_access.o
 .text.FLEXCAN_SetTxMsgBuff
                0x00003ff0      0x1f4 ./SDK/platform/drivers/src/flexcan/flexcan_hw_access.o
                0x00003ff0                FLEXCAN_SetTxMsgBuff
 .text.FLEXCAN_SetRxMsgBuff
                0x000041e4       0xe4 ./SDK/platform/drivers/src/flexcan/flexcan_hw_access.o
                0x000041e4                FLEXCAN_SetRxMsgBuff
 .text.FLEXCAN_GetMsgBuff
                0x000042c8       0xd4 ./SDK/platform/drivers/src/flexcan/flexcan_hw_access.o
                0x000042c8                FLEXCAN_GetMsgBuff
 .text.FLEXCAN_LockRxMsgBuff
                0x0000439c       0x20 ./SDK/platform/drivers/src/flexcan/flexcan_hw_access.o
                0x0000439c                FLEXCAN_LockRxMsgBuff
 .text.FLEXCAN_SetMaxMsgBuffNum
                0x000043bc       0x94 ./SDK/platform/drivers/src/flexcan/flexcan_hw_access.o
                0x000043bc                FLEXCAN_SetMaxMsgBuffNum
 .text.FLEXCAN_SetTimeSegments
                0x00004450       0x50 ./SDK/platform/drivers/src/flexcan/flexcan_driver.o
 .text.FLEXCAN_SetExtendedTimeSegments
                0x000044a0       0x54 ./SDK/platform/drivers/src/flexcan/flexcan_driver.o
 .text.FLEXCAN_SetFDTimeSegments
                0x000044f4       0x60 ./SDK/platform/drivers/src/flexcan/flexcan_driver.o
 .text.FLEXCAN_StartRxMessageBufferData
                0x00004554       0x58 ./SDK/platform/drivers/src/flexcan/flexcan_driver.o
 .text.FLEXCAN_StartRxMessageFifoData
                0x000045ac       0xd4 ./SDK/platform/drivers/src/flexcan/flexcan_driver.o
 .text.FLEXCAN_CompleteRxMessageFifoData
                0x00004680       0x94 ./SDK/platform/drivers/src/flexcan/flexcan_driver.o
 .text.FLEXCAN_CompleteRxFifoDataDMA
                0x00004714        0xc ./SDK/platform/drivers/src/flexcan/flexcan_driver.o
 .text.FLEXCAN_CompleteTransfer
                0x00004720       0x50 ./SDK/platform/drivers/src/flexcan/flexcan_driver.o
 .text.FLEXCAN_DRV_Init
                0x00004770      0x214 ./SDK/platform/drivers/src/flexcan/flexcan_driver.o
                0x00004770                FLEXCAN_DRV_Init
 .text.FLEXCAN_DRV_ConfigTxMb
                0x00004984       0x44 ./SDK/platform/drivers/src/flexcan/flexcan_driver.o
                0x00004984                FLEXCAN_DRV_ConfigTxMb
 .text.FLEXCAN_DRV_ConfigRxMb
                0x000049c8       0x6c ./SDK/platform/drivers/src/flexcan/flexcan_driver.o
                0x000049c8                FLEXCAN_DRV_ConfigRxMb
 .text.FLEXCAN_DRV_ConfigRxFifo
                0x00004a34       0x2c ./SDK/platform/drivers/src/flexcan/flexcan_driver.o
                0x00004a34                FLEXCAN_DRV_ConfigRxFifo
 .text.FLEXCAN_DRV_Receive
                0x00004a60       0x14 ./SDK/platform/drivers/src/flexcan/flexcan_driver.o
                0x00004a60                FLEXCAN_DRV_Receive
 .text.FLEXCAN_DRV_RxFifo
                0x00004a74       0x14 ./SDK/platform/drivers/src/flexcan/flexcan_driver.o
                0x00004a74                FLEXCAN_DRV_RxFifo
 .text.FLEXCAN_WakeUpHandler
                0x00004a88       0x84 ./SDK/platform/drivers/src/flexcan/flexcan_driver.o
                0x00004a88                FLEXCAN_WakeUpHandler
 .text.FLEXCAN_IRQHandler
                0x00004b0c      0x198 ./SDK/platform/drivers/src/flexcan/flexcan_driver.o
                0x00004b0c                FLEXCAN_IRQHandler
 .text.FLEXCAN_DRV_InstallEventCallback
                0x00004ca4       0x20 ./SDK/platform/drivers/src/flexcan/flexcan_driver.o
                0x00004ca4                FLEXCAN_DRV_InstallEventCallback
 .text.DMA0_IRQHandler
                0x00004cc4        0xc ./SDK/platform/drivers/src/edma/edma_irq.o
                0x00004cc4                DMA0_IRQHandler
 .text.DMA1_IRQHandler
                0x00004cd0        0xc ./SDK/platform/drivers/src/edma/edma_irq.o
                0x00004cd0                DMA1_IRQHandler
 .text.DMA2_IRQHandler
                0x00004cdc        0xc ./SDK/platform/drivers/src/edma/edma_irq.o
                0x00004cdc                DMA2_IRQHandler
 .text.DMA3_IRQHandler
                0x00004ce8        0xc ./SDK/platform/drivers/src/edma/edma_irq.o
                0x00004ce8                DMA3_IRQHandler
 .text.DMA_Error_IRQHandler
                0x00004cf4       0x24 ./SDK/platform/drivers/src/edma/edma_irq.o
                0x00004cf4                DMA_Error_IRQHandler
 .text.EDMA_SetDmaRequestCmd
                0x00004d18        0xc ./SDK/platform/drivers/src/edma/edma_hw_access.o
                0x00004d18                EDMA_SetDmaRequestCmd
 .text.EDMA_TCDClearReg
                0x00004d24       0x48 ./SDK/platform/drivers/src/edma/edma_hw_access.o
                0x00004d24                EDMA_TCDClearReg
 .text.EDMA_TCDSetAttribute
                0x00004d6c       0x3c ./SDK/platform/drivers/src/edma/edma_hw_access.o
                0x00004d6c                EDMA_TCDSetAttribute
 .text.EDMA_TCDSetNbytes
                0x00004da8       0x68 ./SDK/platform/drivers/src/edma/edma_hw_access.o
                0x00004da8                EDMA_TCDSetNbytes
 .text.EDMA_TCDSetMajorCount
                0x00004e10       0x74 ./SDK/platform/drivers/src/edma/edma_hw_access.o
                0x00004e10                EDMA_TCDSetMajorCount
 .text.EDMA_DRV_ClearIntStatus
                0x00004e84       0x24 ./SDK/platform/drivers/src/edma/edma_driver.o
 .text.EDMA_DRV_InstallCallback
                0x00004ea8       0x2c ./SDK/platform/drivers/src/edma/edma_driver.o
                0x00004ea8                EDMA_DRV_InstallCallback
 .text.EDMA_DRV_IRQHandler
                0x00004ed4       0x28 ./SDK/platform/drivers/src/edma/edma_driver.o
                0x00004ed4                EDMA_DRV_IRQHandler
 .text.EDMA_DRV_ErrorIRQHandler
                0x00004efc       0x50 ./SDK/platform/drivers/src/edma/edma_driver.o
                0x00004efc                EDMA_DRV_ErrorIRQHandler
 .text.EDMA_DRV_ConfigSingleBlockTransfer
                0x00004f4c      0x1b4 ./SDK/platform/drivers/src/edma/edma_driver.o
                0x00004f4c                EDMA_DRV_ConfigSingleBlockTransfer
 .text.EDMA_DRV_ConfigMultiBlockTransfer
                0x00005100       0x6c ./SDK/platform/drivers/src/edma/edma_driver.o
                0x00005100                EDMA_DRV_ConfigMultiBlockTransfer
 .text.EDMA_DRV_StartChannel
                0x0000516c       0x3c ./SDK/platform/drivers/src/edma/edma_driver.o
                0x0000516c                EDMA_DRV_StartChannel
 .text.EDMA_DRV_StopChannel
                0x000051a8       0x3c ./SDK/platform/drivers/src/edma/edma_driver.o
                0x000051a8                EDMA_DRV_StopChannel
 .text.EDMA_DRV_GetDmaRegBaseAddr
                0x000051e4       0x10 ./SDK/platform/drivers/src/edma/edma_driver.o
                0x000051e4                EDMA_DRV_GetDmaRegBaseAddr
 .text.CLOCK_SYS_Init
                0x000051f4       0x28 ./SDK/platform/drivers/src/clock/clock_manager.o
                0x000051f4                CLOCK_SYS_Init
 .text.CLOCK_SYS_UpdateConfiguration
                0x0000521c      0x120 ./SDK/platform/drivers/src/clock/clock_manager.o
                0x0000521c                CLOCK_SYS_UpdateConfiguration
 .text.CLOCK_SYS_GetCurrentRunMode
                0x0000533c       0x28 ./SDK/platform/drivers/src/clock/S32K1xx/clock_S32K1xx.o
 .text.CLOCK_SYS_GetSysOscFreq
                0x00005364       0x1c ./SDK/platform/drivers/src/clock/S32K1xx/clock_S32K1xx.o
 .text.CLOCK_SYS_ConfigureSOSC
                0x00005380      0x124 ./SDK/platform/drivers/src/clock/S32K1xx/clock_S32K1xx.o
 .text.CLOCK_SYS_GetSircFreq
                0x000054a4       0x2c ./SDK/platform/drivers/src/clock/S32K1xx/clock_S32K1xx.o
 .text.CLOCK_SYS_ConfigureSIRC
                0x000054d0       0xc0 ./SDK/platform/drivers/src/clock/S32K1xx/clock_S32K1xx.o
 .text.CLOCK_SYS_GetFircFreq
                0x00005590       0x28 ./SDK/platform/drivers/src/clock/S32K1xx/clock_S32K1xx.o
 .text.CLOCK_SYS_ConfigureFIRC
                0x000055b8       0xb8 ./SDK/platform/drivers/src/clock/S32K1xx/clock_S32K1xx.o
 .text.CLOCK_SYS_SetSystemClockConfig
                0x00005670      0x138 ./SDK/platform/drivers/src/clock/S32K1xx/clock_S32K1xx.o
 .text.CLOCK_SYS_TransitionSystemClock
                0x000057a8       0x58 ./SDK/platform/drivers/src/clock/S32K1xx/clock_S32K1xx.o
 .text.CLOCK_SYS_GetSystemClockFreq
                0x00005800       0x78 ./SDK/platform/drivers/src/clock/S32K1xx/clock_S32K1xx.o
 .text.CLOCK_SYS_GetScgClkOutFreq
                0x00005878       0x40 ./SDK/platform/drivers/src/clock/S32K1xx/clock_S32K1xx.o
 .text.CLOCK_SYS_GetSysAsyncFreq
                0x000058b8       0xb4 ./SDK/platform/drivers/src/clock/S32K1xx/clock_S32K1xx.o
 .text.CLOCK_SYS_GetSimRtcClkFreq
                0x0000596c       0x54 ./SDK/platform/drivers/src/clock/S32K1xx/clock_S32K1xx.o
 .text.CLOCK_SYS_GetPeripheralClock
                0x000059c0       0x68 ./SDK/platform/drivers/src/clock/S32K1xx/clock_S32K1xx.o
 .text.CLOCK_SYS_GetLpoFreq
                0x00005a28       0x50 ./SDK/platform/drivers/src/clock/S32K1xx/clock_S32K1xx.o
 .text.CLOCK_SYS_GetSimClkOutFreq
                0x00005a78       0x80 ./SDK/platform/drivers/src/clock/S32K1xx/clock_S32K1xx.o
 .text.CLOCK_SYS_SetConfiguration
                0x00005af8      0x560 ./SDK/platform/drivers/src/clock/S32K1xx/clock_S32K1xx.o
                0x00005af8                CLOCK_SYS_SetConfiguration
 .text.CLOCK_SYS_GetFreq
                0x00006058      0x37c ./SDK/platform/drivers/src/clock/S32K1xx/clock_S32K1xx.o
                0x00006058                CLOCK_SYS_GetFreq
 .text.ADC_DRV_ConfigConverter
                0x000063d4      0x160 ./SDK/platform/drivers/src/adc/adc_driver.o
                0x000063d4                ADC_DRV_ConfigConverter
 .text.ADC_DRV_ConfigChan
                0x00006534       0xac ./SDK/platform/drivers/src/adc/adc_driver.o
                0x00006534                ADC_DRV_ConfigChan
 .text.ADC_DRV_GetChanResult
                0x000065e0       0x2c ./SDK/platform/drivers/src/adc/adc_driver.o
                0x000065e0                ADC_DRV_GetChanResult
 .text.ADC_DRV_AutoCalibration
                0x0000660c       0xbc ./SDK/platform/drivers/src/adc/adc_driver.o
                0x0000660c                ADC_DRV_AutoCalibration
 .text.init_data_bss
                0x000066c8       0xb0 ./SDK/platform/devices/startup.o
                0x000066c8                init_data_bss
 .text.SystemInit
                0x00006778       0x24 ./SDK/platform/devices/S32K116/startup/system_S32K116.o
                0x00006778                SystemInit
 .text.FMSTR_CopyMemory
                0x0000679c       0x1c ./FreeMaster_S32xx/src_platforms/S32xx/freemaster_S32xx.o
                0x0000679c                FMSTR_CopyMemory
 .text.FMSTR_CopyToBuffer
                0x000067b8       0x1c ./FreeMaster_S32xx/src_platforms/S32xx/freemaster_S32xx.o
                0x000067b8                FMSTR_CopyToBuffer
 .text.FMSTR_CopyFromBuffer
                0x000067d4       0x20 ./FreeMaster_S32xx/src_platforms/S32xx/freemaster_S32xx.o
                0x000067d4                FMSTR_CopyFromBuffer
 .text.FMSTR_ValueFromBuffer16
                0x000067f4        0xc ./FreeMaster_S32xx/src_platforms/S32xx/freemaster_S32xx.o
                0x000067f4                FMSTR_ValueFromBuffer16
 .text.FMSTR_ValueFromBuffer32
                0x00006800        0xc ./FreeMaster_S32xx/src_platforms/S32xx/freemaster_S32xx.o
                0x00006800                FMSTR_ValueFromBuffer32
 .text.FMSTR_ValueToBuffer16
                0x0000680c       0x18 ./FreeMaster_S32xx/src_platforms/S32xx/freemaster_S32xx.o
                0x0000680c                FMSTR_ValueToBuffer16
 .text.FMSTR_CopyFromBufferWithMask
                0x00006824       0x28 ./FreeMaster_S32xx/src_platforms/S32xx/freemaster_S32xx.o
                0x00006824                FMSTR_CopyFromBufferWithMask
 .text.FMSTR_SetExAddr
                0x0000684c        0xc ./FreeMaster_S32xx/src_platforms/S32xx/freemaster_S32xx.o
                0x0000684c                FMSTR_SetExAddr
 .text.FMSTR_AddressToBuffer
                0x00006858       0x28 ./FreeMaster_S32xx/src_platforms/S32xx/freemaster_S32xx.o
                0x00006858                FMSTR_AddressToBuffer
 .text.FMSTR_AddressFromBuffer
                0x00006880       0x20 ./FreeMaster_S32xx/src_platforms/S32xx/freemaster_S32xx.o
                0x00006880                FMSTR_AddressFromBuffer
 .text.FMSTR_InitScope
                0x000068a0        0x4 ./FreeMaster_S32xx/src_common/freemaster_scope.o
                0x000068a0                FMSTR_InitScope
 .text.FMSTR_SetUpScope
                0x000068a4       0x78 ./FreeMaster_S32xx/src_common/freemaster_scope.o
                0x000068a4                FMSTR_SetUpScope
 .text.FMSTR_ReadScope
                0x0000691c       0x4c ./FreeMaster_S32xx/src_common/freemaster_scope.o
                0x0000691c                FMSTR_ReadScope
 .text.FMSTR_Compare8S
                0x00006968       0x24 ./FreeMaster_S32xx/src_common/freemaster_rec.o
 .text.FMSTR_Compare8U
                0x0000698c       0x1c ./FreeMaster_S32xx/src_common/freemaster_rec.o
 .text.FMSTR_Compare16S
                0x000069a8       0x24 ./FreeMaster_S32xx/src_common/freemaster_rec.o
 .text.FMSTR_Compare16U
                0x000069cc       0x1c ./FreeMaster_S32xx/src_common/freemaster_rec.o
 .text.FMSTR_Compare32S
                0x000069e8       0x20 ./FreeMaster_S32xx/src_common/freemaster_rec.o
 .text.FMSTR_Compare32U
                0x00006a08       0x1c ./FreeMaster_S32xx/src_common/freemaster_rec.o
 .text.FMSTR_InitRec
                0x00006a24       0x1c ./FreeMaster_S32xx/src_common/freemaster_rec.o
                0x00006a24                FMSTR_InitRec
 .text.FMSTR_SetUpRec
                0x00006a40      0x1a0 ./FreeMaster_S32xx/src_common/freemaster_rec.o
                0x00006a40                FMSTR_SetUpRec
 .text.FMSTR_TriggerRec
                0x00006be0       0x28 ./FreeMaster_S32xx/src_common/freemaster_rec.o
                0x00006be0                FMSTR_TriggerRec
 .text.FMSTR_StartRec
                0x00006c08       0x64 ./FreeMaster_S32xx/src_common/freemaster_rec.o
                0x00006c08                FMSTR_StartRec
 .text.FMSTR_StopRec
                0x00006c6c       0x28 ./FreeMaster_S32xx/src_common/freemaster_rec.o
                0x00006c6c                FMSTR_StopRec
 .text.FMSTR_GetRecStatus
                0x00006c94       0x20 ./FreeMaster_S32xx/src_common/freemaster_rec.o
                0x00006c94                FMSTR_GetRecStatus
 .text.FMSTR_GetRecBuffSize
                0x00006cb4        0x8 ./FreeMaster_S32xx/src_common/freemaster_rec.o
                0x00006cb4                FMSTR_GetRecBuffSize
 .text.FMSTR_GetRecBuff
                0x00006cbc       0x54 ./FreeMaster_S32xx/src_common/freemaster_rec.o
                0x00006cbc                FMSTR_GetRecBuff
 .text.FMSTR_Recorder
                0x00006d10      0x12c ./FreeMaster_S32xx/src_common/freemaster_rec.o
                0x00006d10                FMSTR_Recorder
 .text.FMSTR_Init
                0x00006e3c       0x1c ./FreeMaster_S32xx/src_common/freemaster_protocol.o
                0x00006e3c                FMSTR_Init
 .text.FMSTR_GetBoardInfo
                0x00006e58       0x50 ./FreeMaster_S32xx/src_common/freemaster_protocol.o
                0x00006e58                FMSTR_GetBoardInfo
 .text.FMSTR_ReadMem
                0x00006ea8       0x30 ./FreeMaster_S32xx/src_common/freemaster_protocol.o
                0x00006ea8                FMSTR_ReadMem
 .text.FMSTR_ReadVar
                0x00006ed8       0x24 ./FreeMaster_S32xx/src_common/freemaster_protocol.o
                0x00006ed8                FMSTR_ReadVar
 .text.FMSTR_WriteMem
                0x00006efc       0x24 ./FreeMaster_S32xx/src_common/freemaster_protocol.o
                0x00006efc                FMSTR_WriteMem
 .text.FMSTR_WriteMemMask
                0x00006f20       0x24 ./FreeMaster_S32xx/src_common/freemaster_protocol.o
                0x00006f20                FMSTR_WriteMemMask
 .text.FMSTR_ProtocolDecoder
                0x00006f44      0x15c ./FreeMaster_S32xx/src_common/freemaster_protocol.o
                0x00006f44                FMSTR_ProtocolDecoder
 .text.FMSTR_Listen
                0x000070a0       0x34 ./FreeMaster_S32xx/src_common/freemaster_can.o
 .text.FMSTR_InitCan
                0x000070d4       0x40 ./FreeMaster_S32xx/src_common/freemaster_can.o
                0x000070d4                FMSTR_InitCan
 .text.FMSTR_SendResponse
                0x00007114       0x54 ./FreeMaster_S32xx/src_common/freemaster_can.o
                0x00007114                FMSTR_SendResponse
 .text.FMSTR_TxCan
                0x00007168      0x138 ./FreeMaster_S32xx/src_common/freemaster_can.o
                0x00007168                FMSTR_TxCan
 .text.FMSTR_RxCan
                0x000072a0      0x1d8 ./FreeMaster_S32xx/src_common/freemaster_can.o
                0x000072a0                FMSTR_RxCan
 .text.FMSTR_ProcessCanRx
                0x00007478       0x1c ./FreeMaster_S32xx/src_common/freemaster_can.o
                0x00007478                FMSTR_ProcessCanRx
 .text.FMSTR_ProcessCanTx
                0x00007494       0x18 ./FreeMaster_S32xx/src_common/freemaster_can.o
                0x00007494                FMSTR_ProcessCanTx
 .text.FMSTR_Poll
                0x000074ac       0xcc ./FreeMaster_S32xx/src_common/freemaster_can.o
                0x000074ac                FMSTR_Poll
 .text.FMSTR_FindAppCmdCallIndex
                0x00007578       0x40 ./FreeMaster_S32xx/src_common/freemaster_appcmd.o
 .text.FMSTR_InitAppCmds
                0x000075b8       0x34 ./FreeMaster_S32xx/src_common/freemaster_appcmd.o
                0x000075b8                FMSTR_InitAppCmds
 .text.FMSTR_StoreAppCmd
                0x000075ec       0x64 ./FreeMaster_S32xx/src_common/freemaster_appcmd.o
                0x000075ec                FMSTR_StoreAppCmd
 .text.FMSTR_GetAppCmdStatus
                0x00007650       0x54 ./FreeMaster_S32xx/src_common/freemaster_appcmd.o
                0x00007650                FMSTR_GetAppCmdStatus
 .text.FMSTR_GetAppCmdRespData
                0x000076a4       0x50 ./FreeMaster_S32xx/src_common/freemaster_appcmd.o
                0x000076a4                FMSTR_GetAppCmdRespData
 *(.rodata)
 .rodata        0x000076f4       0x24 ./SDK/platform/drivers/src/clock/S32K1xx/clock_S32K1xx.o
 .rodata        0x00007718       0x80 c:/nxp/s32ds_arm_v2018.r1/cross_tools/gcc-arm-none-eabi-4_9/bin/../lib/gcc/arm-none-eabi/4.9.3/armv6-m\libgcc.a(divsf3.o)
 .rodata        0x00007798       0x40 c:/nxp/s32ds_arm_v2018.r1/cross_tools/gcc-arm-none-eabi-4_9/bin/../lib/gcc/arm-none-eabi/4.9.3/armv6-m\libgcc.a(mulsf3.o)
 .rodata        0x000077d8       0x40 c:/nxp/s32ds_arm_v2018.r1/cross_tools/gcc-arm-none-eabi-4_9/bin/../lib/gcc/arm-none-eabi/4.9.3/armv6-m\libgcc.a(muldf3.o)
 *(.rodata*)
 .rodata.fircFreq.6062
                0x00007818       0x10 ./SDK/platform/drivers/src/clock/S32K1xx/clock_S32K1xx.o
 .rodata.clockNameMappings
                0x00007828       0x8a ./SDK/platform/drivers/src/clock/S32K1xx/clock_S32K1xx.o
                0x00007828                clockNameMappings
 *fill*         0x000078b2        0x2 
 .rodata.peripheralFeaturesList
                0x000078b4       0x45 ./SDK/platform/drivers/src/clock/S32K1xx/clock_S32K1xx.o
                0x000078b4                peripheralFeaturesList
 *fill*         0x000078f9        0x3 
 .rodata.pdly1_AdcTrigInitConfig0
                0x000078fc       0x10 ./Generated_Code/pdly1.o
                0x000078fc                pdly1_AdcTrigInitConfig0
 .rodata.pdly1_AdcTrigInitConfig1
                0x0000790c       0x10 ./Generated_Code/pdly1.o
                0x0000790c                pdly1_AdcTrigInitConfig1
 .rodata.pdly1_AdcTrigInitConfig2
                0x0000791c       0x10 ./Generated_Code/pdly1.o
                0x0000791c                pdly1_AdcTrigInitConfig2
 .rodata.pdly1_InitConfig0
                0x0000792c       0x18 ./Generated_Code/pdly1.o
                0x0000792c                pdly1_InitConfig0
 .rodata.lpspiCom1_SlaveConfig0
                0x00007944       0x18 ./Generated_Code/lpspiCom1.o
                0x00007944                lpspiCom1_SlaveConfig0
 .rodata.can_pal1_Config0
                0x0000795c       0x3c ./Generated_Code/can_pal1.o
                0x0000795c                can_pal1_Config0
 .rodata.can_pal1_instance
                0x00007998        0x1 ./Generated_Code/can_pal1.o
                0x00007998                can_pal1_instance
 *fill*         0x00007999        0x3 
 .rodata.adConv1_ConvConfig0
                0x0000799c       0x18 ./Generated_Code/adConv1.o
                0x0000799c                adConv1_ConvConfig0
 .rodata.adConv1_ChnConfig0
                0x000079b4        0x8 ./Generated_Code/adConv1.o
                0x000079b4                adConv1_ChnConfig0
 .rodata.adConv1_ChnConfig1
                0x000079bc        0x8 ./Generated_Code/adConv1.o
                0x000079bc                adConv1_ChnConfig1
 .rodata.adConv1_ChnConfig2
                0x000079c4        0x8 ./Generated_Code/adConv1.o
                0x000079c4                adConv1_ChnConfig2
 .rodata.str1.4
                0x000079cc       0x14 ./FreeMaster_S32xx/src_common/freemaster_protocol.o
                                 0x11 (size before relaxing)
 *(.glue_7)
 .glue_7        0x00000000        0x0 linker stubs
 *(.glue_7t)
 .glue_7t       0x00000000        0x0 linker stubs
 *(.eh_frame)
 .eh_frame      0x000079e0        0x0 c:/nxp/s32ds_arm_v2018.r1/cross_tools/gcc-arm-none-eabi-4_9/bin/../lib/gcc/arm-none-eabi/4.9.3/armv6-m/crtbegin.o
 *(.init)
 .init          0x000079e0        0x4 c:/nxp/s32ds_arm_v2018.r1/cross_tools/gcc-arm-none-eabi-4_9/bin/../lib/gcc/arm-none-eabi/4.9.3/armv6-m/crti.o
                0x000079e0                _init
 .init          0x000079e4        0x8 c:/nxp/s32ds_arm_v2018.r1/cross_tools/gcc-arm-none-eabi-4_9/bin/../lib/gcc/arm-none-eabi/4.9.3/armv6-m/crtn.o
 *(.fini)
 .fini          0x000079ec        0x4 c:/nxp/s32ds_arm_v2018.r1/cross_tools/gcc-arm-none-eabi-4_9/bin/../lib/gcc/arm-none-eabi/4.9.3/armv6-m/crti.o
                0x000079ec                _fini
 .fini          0x000079f0        0x8 c:/nxp/s32ds_arm_v2018.r1/cross_tools/gcc-arm-none-eabi-4_9/bin/../lib/gcc/arm-none-eabi/4.9.3/armv6-m/crtn.o
                0x000079f8                . = ALIGN (0x4)

.vfp11_veneer   0x000079f8        0x0
 .vfp11_veneer  0x00000000        0x0 linker stubs

.v4_bx          0x000079f8        0x0
 .v4_bx         0x00000000        0x0 linker stubs

.iplt           0x000079f8        0x0
 .iplt          0x00000000        0x0 c:/nxp/s32ds_arm_v2018.r1/cross_tools/gcc-arm-none-eabi-4_9/bin/../lib/gcc/arm-none-eabi/4.9.3/armv6-m/crtbegin.o

.rel.dyn        0x000079f8        0x0
 .rel.iplt      0x00000000        0x0 c:/nxp/s32ds_arm_v2018.r1/cross_tools/gcc-arm-none-eabi-4_9/bin/../lib/gcc/arm-none-eabi/4.9.3/armv6-m/crtbegin.o

.ARM.extab
 *(.ARM.extab* .gnu.linkonce.armextab.*)

.ARM            0x000079f8        0x0
                0x000079f8                __exidx_start = .
 *(.ARM.exidx*)
                0x000079f8                __exidx_end = .

.ctors          0x000079f8        0x0
                0x000079f8                __CTOR_LIST__ = .
 *crtbegin.o(.ctors)
 *crtbegin?.o(.ctors)
 *(EXCLUDE_FILE(*crtend.o *crtend?.o) .ctors)
 *(SORT(.ctors.*))
 *(.ctors)
                0x000079f8                __CTOR_END__ = .

.dtors          0x000079f8        0x0
                0x000079f8                __DTOR_LIST__ = .
 *crtbegin.o(.dtors)
 *crtbegin?.o(.dtors)
 *(EXCLUDE_FILE(*crtend.o *crtend?.o) .dtors)
 *(SORT(.dtors.*))
 *(.dtors)
                0x000079f8                __DTOR_END__ = .

.preinit_array  0x000079f8        0x0
                0x000079f8                PROVIDE (__preinit_array_start, .)
 *(.preinit_array*)
                0x000079f8                PROVIDE (__preinit_array_end, .)

.init_array     0x000079f8        0x4
                0x000079f8                PROVIDE (__init_array_start, .)
 *(SORT(.init_array.*))
 *(.init_array*)
 .init_array    0x000079f8        0x4 c:/nxp/s32ds_arm_v2018.r1/cross_tools/gcc-arm-none-eabi-4_9/bin/../lib/gcc/arm-none-eabi/4.9.3/armv6-m/crtbegin.o
                0x000079fc                PROVIDE (__init_array_end, .)

.fini_array     0x000079fc        0x4
                0x000079fc                PROVIDE (__fini_array_start, .)
 *(SORT(.fini_array.*))
 *(.fini_array*)
 .fini_array    0x000079fc        0x4 c:/nxp/s32ds_arm_v2018.r1/cross_tools/gcc-arm-none-eabi-4_9/bin/../lib/gcc/arm-none-eabi/4.9.3/armv6-m/crtbegin.o
                0x00007a00                PROVIDE (__fini_array_end, .)
                0x00007a00                __etext = .
                0x00007a00                __DATA_ROM = .

.interrupts_ram
                0x20000000       0xc0
                0x20000000                . = ALIGN (0x4)
                0x20000000                __VECTOR_RAM__ = .
                0x20000000                __RAM_START = .
                0x20000000                __interrupts_ram_start__ = .
 *(.m_interrupts_ram)
                0x200000c0                . = (. + M_VECTOR_RAM_SIZE)
 *fill*         0x20000000       0xc0 
                0x200000c0                . = ALIGN (0x4)
                0x200000c0                __interrupts_ram_end__ = .
                0x20000000                __VECTOR_RAM = DEFINED (__flash_vector_table__)?ORIGIN (m_interrupts):__VECTOR_RAM__
                0x000000c0                __RAM_VECTOR_TABLE_SIZE = DEFINED (__flash_vector_table__)?0x0:(__interrupts_ram_end__ - __interrupts_ram_start__)

.data           0x200000c0      0x8c0 load address 0x00007a00
                0x200000c0                . = ALIGN (0x4)
                0x200000c0                __DATA_RAM = .
                0x200000c0                __data_start__ = .
 *(.data)
 *(.data*)
 .data.ntc_liquid
                0x200000c0      0x104 ./Sources/common/ntc_calibration.o
                0x200000c0                ntc_liquid
 .data.v_func_local
                0x200001c4        0x4 ./Sources/common/HW_Driver/prj_gpio.o
                0x200001c4                v_func_local
 .data.hw_BackServerISR_func
                0x200001c8        0x4 ./Sources/common/HW_Driver/hw_abstract.o
                0x200001c8                hw_BackServerISR_func
 .data.transLength
                0x200001cc        0x4 ./Sources/tof_capture.o
                0x200001cc                transLength
 .data.g_lpspiIrqId
                0x200001d0        0x1 ./SDK/platform/drivers/src/lpspi/lpspi_shared_function.o
                0x200001d0                g_lpspiIrqId
 *fill*         0x200001d1        0x3 
 .data.g_lpspiBase
                0x200001d4        0x4 ./SDK/platform/drivers/src/lpspi/lpspi_shared_function.o
                0x200001d4                g_lpspiBase
 .data.peripheralClockConfig.5819
                0x200001d8      0x108 ./SDK/platform/drivers/src/clock/S32K1xx/clock_S32K1xx.o
 .data.g_pin_mux_InitConfigArr
                0x200002e0      0x540 ./Generated_Code/pin_mux.o
                0x200002e0                g_pin_mux_InitConfigArr
 .data.clockMan1_InitConfig0
                0x20000820       0xec ./Generated_Code/clockMan1.o
                0x20000820                clockMan1_InitConfig0
 .data.peripheralClockConfig0
                0x2000090c       0x6c ./Generated_Code/clockMan1.o
                0x2000090c                peripheralClockConfig0
 .data.g_clockManConfigsArr
                0x20000978        0x4 ./Generated_Code/clockMan1.o
                0x20000978                g_clockManConfigsArr
 *(.jcr*)
 .jcr           0x2000097c        0x0 c:/nxp/s32ds_arm_v2018.r1/cross_tools/gcc-arm-none-eabi-4_9/bin/../lib/gcc/arm-none-eabi/4.9.3/armv6-m/crtbegin.o
 .jcr           0x2000097c        0x4 c:/nxp/s32ds_arm_v2018.r1/cross_tools/gcc-arm-none-eabi-4_9/bin/../lib/gcc/arm-none-eabi/4.9.3/armv6-m/crtend.o
                0x20000980                . = ALIGN (0x4)
                0x20000980                __data_end__ = .
                0x000082c0                __DATA_END = (__DATA_ROM + (__data_end__ - __data_start__))
                0x000082c0                __CODE_ROM = __DATA_END

.igot.plt       0x20000980        0x0 load address 0x000082c0
 .igot.plt      0x00000000        0x0 c:/nxp/s32ds_arm_v2018.r1/cross_tools/gcc-arm-none-eabi-4_9/bin/../lib/gcc/arm-none-eabi/4.9.3/armv6-m/crtbegin.o

.code           0x20000980        0x0 load address 0x000082c0
                0x20000980                . = ALIGN (0x4)
                0x20000980                __CODE_RAM = .
                0x20000980                __code_start__ = .
 *(.code_ram)
                0x20000980                . = ALIGN (0x4)
                0x20000980                __code_end__ = .
                0x000082c0                __CODE_END = (__CODE_ROM + (__code_end__ - __code_start__))

.customSectionBlock
 *(.customSection)

.bss            0x200020c0      0xd70
                0x200020c0                . = ALIGN (0x4)
                0x200020c0                __BSS_START = .
                0x200020c0                __bss_start__ = .
 *(.bss)
 .bss           0x200020c0       0x1c c:/nxp/s32ds_arm_v2018.r1/cross_tools/gcc-arm-none-eabi-4_9/bin/../lib/gcc/arm-none-eabi/4.9.3/armv6-m/crtbegin.o
 *(.bss*)
 .bss.ntctemp.6823
                0x200020dc        0x4 ./Sources/common/adsample.o
 .bss.rf32_pcb_temp.6818
                0x200020e0        0x4 ./Sources/common/adsample.o
 .bss.tmrVoltage.6811
                0x200020e4        0x4 ./Sources/common/adsample.o
 .bss.task_100ms_OK
                0x200020e8        0x1 ./Sources/common/HW_Driver/hw_abstract.o
                0x200020e8                task_100ms_OK
 .bss.task_100ms_Cnt
                0x200020e9        0x1 ./Sources/common/HW_Driver/hw_abstract.o
                0x200020e9                task_100ms_Cnt
 .bss.task_1ms_OK
                0x200020ea        0x1 ./Sources/common/HW_Driver/hw_abstract.o
                0x200020ea                task_1ms_OK
 .bss.u8_timer_cnt
                0x200020eb        0x1 ./Sources/common/HW_Driver/hw_abstract.o
                0x200020eb                u8_timer_cnt
 .bss.task_5ms_OK
                0x200020ec        0x1 ./Sources/common/HW_Driver/hw_abstract.o
                0x200020ec                task_5ms_OK
 .bss.u8_cnt.5149
                0x200020ed        0x1 ./Sources/common/HW_Driver/hw_abstract.o
 *fill*         0x200020ee        0x2 
 .bss.rf_Velocity.7304
                0x200020f0        0x4 ./Sources/main.o
 .bss.rf_us_tof_concentra.7300
                0x200020f4        0x4 ./Sources/main.o
 .bss.rf_ult_temp.7302
                0x200020f8        0x4 ./Sources/main.o
 .bss.rf_us_tof_level.7299
                0x200020fc        0x4 ./Sources/main.o
 .bss.rf_tmr_level.7303
                0x20002100        0x4 ./Sources/main.o
 .bss.Rx_CAN_Msg_Buffer_Index
                0x20002104        0x1 ./Sources/CAN_Comm.o
                0x20002104                Rx_CAN_Msg_Buffer_Index
 *fill*         0x20002105        0x3 
 .bss.buffCfg   0x20002108       0x10 ./Sources/CAN_Comm.o
                0x20002108                buffCfg
 .bss.CAN_RxComplete_Flag
                0x20002118        0x4 ./Sources/CAN_Comm.o
                0x20002118                CAN_RxComplete_Flag
 .bss.s_osif_tick_cnt
                0x2000211c        0x4 ./SDK/rtos/osif/osif_baremetal.o
 .bss.s_hwObjConfigs
                0x20002120       0x80 ./SDK/platform/pal/can/src/can_pal.o
 .bss.s_flexcanRxFifoState
                0x200021a0        0x8 ./SDK/platform/pal/can/src/can_pal.o
 .bss.s_flexcanStateIsAllocated
                0x200021a8        0x4 ./SDK/platform/pal/can/src/can_pal.o
 .bss.s_flexcanState
                0x200021ac      0x20c ./SDK/platform/pal/can/src/can_pal.o
 .bss.s_flexcanStateInstanceMapping
                0x200023b8        0x1 ./SDK/platform/pal/can/src/can_pal.o
 *fill*         0x200023b9        0x3 
 .bss.userCallbacks
                0x200023bc        0x4 ./SDK/platform/pal/can/src/can_pal.o
 .bss.g_lpspiStatePtr
                0x200023c0        0x4 ./SDK/platform/drivers/src/lpspi/lpspi_shared_function.o
                0x200023c0                g_lpspiStatePtr
 .bss.g_interruptDisableCount
                0x200023c4        0x4 ./SDK/platform/drivers/src/interrupt/interrupt_manager.o
 .bss.g_flexcanStatePtr
                0x200023c8        0x4 ./SDK/platform/drivers/src/flexcan/flexcan_driver.o
 .bss.s_virtEdmaState
                0x200023cc        0x4 ./SDK/platform/drivers/src/edma/edma_driver.o
 .bss.g_clockState
                0x200023d0       0x10 ./SDK/platform/drivers/src/clock/clock_manager.o
 .bss.g_clockManCallbacksArr
                0x200023e0        0x4 ./Generated_Code/clockMan1.o
                0x200023e0                g_clockManCallbacksArr
 .bss.pcm_bNextAddrIsEx
                0x200023e4        0x1 ./FreeMaster_S32xx/src_platforms/S32xx/freemaster_S32xx.o
 .bss.pcm_nScopeVarCount
                0x200023e5        0x1 ./FreeMaster_S32xx/src_common/freemaster_scope.o
 *fill*         0x200023e6        0x2 
 .bss.pcm_pScopeVarSize
                0x200023e8        0x8 ./FreeMaster_S32xx/src_common/freemaster_scope.o
 .bss.pcm_pScopeVarAddr
                0x200023f0       0x20 ./FreeMaster_S32xx/src_common/freemaster_scope.o
 .bss.pcm_pCompareFunc
                0x20002410        0x4 ./FreeMaster_S32xx/src_common/freemaster_rec.o
 .bss.pcm_uTrgThreshold
                0x20002414        0x4 ./FreeMaster_S32xx/src_common/freemaster_rec.o
 .bss.pcm_bTrgVarSigned
                0x20002418        0x1 ./FreeMaster_S32xx/src_common/freemaster_rec.o
 *fill*         0x20002419        0x3 
 .bss.pcm_nTrgVarAddr
                0x2000241c        0x4 ./FreeMaster_S32xx/src_common/freemaster_rec.o
 .bss.pcm_nRecBuffAddr
                0x20002420        0x4 ./FreeMaster_S32xx/src_common/freemaster_rec.o
 .bss.pcm_pOwnRecBuffer
                0x20002424      0x800 ./FreeMaster_S32xx/src_common/freemaster_rec.o
 .bss.pcm_nTrgVarSize
                0x20002c24        0x1 ./FreeMaster_S32xx/src_common/freemaster_rec.o
 *fill*         0x20002c25        0x3 
 .bss.pcm_pCommBuffer
                0x20002c28       0x3f ./FreeMaster_S32xx/src_common/freemaster_can.o
 .bss.pcm_nRxErr
                0x20002c67        0x1 ./FreeMaster_S32xx/src_common/freemaster_can.o
 .bss.pcm_pRxBuff
                0x20002c68        0x4 ./FreeMaster_S32xx/src_common/freemaster_can.o
 .bss.pcm_nRxCheckSum
                0x20002c6c        0x1 ./FreeMaster_S32xx/src_common/freemaster_can.o
 .bss.pcm_uTxFrmCtr
                0x20002c6d        0x1 ./FreeMaster_S32xx/src_common/freemaster_can.o
 *fill*         0x20002c6e        0x2 
 .bss.pcm_wFlags
                0x20002c70        0x4 ./FreeMaster_S32xx/src_common/freemaster_can.o
 .bss.pcm_uTxCtlByte
                0x20002c74        0x1 ./FreeMaster_S32xx/src_common/freemaster_can.o
 *fill*         0x20002c75        0x3 
 .bss.pcm_pTxBuff
                0x20002c78        0x4 ./FreeMaster_S32xx/src_common/freemaster_can.o
 .bss.pcm_nRxCtr
                0x20002c7c        0x1 ./FreeMaster_S32xx/src_common/freemaster_can.o
 .bss.pcm_nTxTodo
                0x20002c7d        0x1 ./FreeMaster_S32xx/src_common/freemaster_can.o
 .bss.pcm_nAppCmdLen
                0x20002c7e        0x2 ./FreeMaster_S32xx/src_common/freemaster_appcmd.o
 .bss.pcm_nAppCmdResultDataLen
                0x20002c80        0x1 ./FreeMaster_S32xx/src_common/freemaster_appcmd.o
 *fill*         0x20002c81        0x3 
 .bss.pcm_pAppCmdCallFunc
                0x20002c84       0x10 ./FreeMaster_S32xx/src_common/freemaster_appcmd.o
 .bss.pcm_pAppCmdBuff
                0x20002c94       0x20 ./FreeMaster_S32xx/src_common/freemaster_appcmd.o
 .bss.pcm_nAppCmd
                0x20002cb4        0x1 ./FreeMaster_S32xx/src_common/freemaster_appcmd.o
 *fill*         0x20002cb5        0x3 
 .bss.pcm_pAppCmdCallId
                0x20002cb8        0x4 ./FreeMaster_S32xx/src_common/freemaster_appcmd.o
 .bss.pcm_nAppCmdResult
                0x20002cbc        0x1 ./FreeMaster_S32xx/src_common/freemaster_appcmd.o
 *(COMMON)
 *fill*         0x20002cbd        0x3 
 COMMON         0x20002cc0       0x1c ./Sources/common/ultrasonic.o
                0x20002cc0                runion_qls_results
                0x20002ccc                calibrat_flag
                0x20002cd0                sendresults
 COMMON         0x20002cdc        0xa ./Sources/common/adsample.o
                0x20002cdc                adcMax
                0x20002ce0                adcConvDone
                0x20002ce4                adcRawValue
 *fill*         0x20002ce6        0x2 
 COMMON         0x20002ce8       0x18 ./Sources/spi_comm.o
                0x20002ce8                results
 COMMON         0x20002d00       0x98 ./Sources/CAN_Comm.o
                0x20002d00                Rx_CAN_Msg_Buffer
 COMMON         0x20002d98       0x14 ./SDK/platform/drivers/src/clock/S32K1xx/clock_S32K1xx.o
                0x20002d98                g_xtal0ClkFreq
                0x20002d9c                g_RtcClkInFreq
                0x20002da0                g_TClkFreq
 COMMON         0x20002dac       0x3c ./Generated_Code/lpspiCom1.o
                0x20002dac                lpspiCom1State
 COMMON         0x20002de8       0x48 ./FreeMaster_S32xx/src_common/freemaster_rec.o
                0x20002de8                pcm_pRecVarAddr
                0x20002e08                pcm_wRecBuffStartIx
                0x20002e0c                pcm_dwRecEndBuffPtr
                0x20002e10                pcm_pRecVarSize
                0x20002e18                pcm_wRecTotalSmps
                0x20002e1a                pcm_nRecVarCount
                0x20002e1c                pcm_wRecTimeDivCtr
                0x20002e1e                pcm_wStoprecCountDown
                0x20002e20                pcm_nRecTriggerMode
                0x20002e24                pcm_wRecFlags
                0x20002e28                pcm_wRecTimeDiv
                0x20002e2a                pcm_wRecPostTrigger
                0x20002e2c                pcm_dwRecWritePtr
                0x20002e30                . = ALIGN (0x4)
                0x20002e30                __bss_end__ = .
                0x20002e30                __BSS_END = .

.heap           0x20002e30      0x200
                0x20002e30                . = ALIGN (0x8)
                0x20002e30                __end__ = .
                0x20002e30                PROVIDE (end, .)
                0x20002e30                PROVIDE (_end, .)
                0x20002e30                PROVIDE (__end, .)
                0x20002e30                __HeapBase = .
                0x20003030                . = (. + HEAP_SIZE)
 *fill*         0x20002e30      0x200 
                0x20003030                __HeapLimit = .
                0x20003030                __heap_limit = .

.stack          0x20003030      0x200
                0x20003030                . = ALIGN (0x8)
                0x20003230                . = (. + STACK_SIZE)
 *fill*         0x20003030      0x200 
                0x20003800                __StackTop = (ORIGIN (m_data_2) + 0x1740)
                0x20003600                __StackLimit = (__StackTop - STACK_SIZE)
                0x20003800                PROVIDE (__stack, __StackTop)
                0x20003800                __RAM_END = __StackTop

.ARM.attributes
                0x00000000       0x27
 *(.ARM.attributes)
 .ARM.attributes
                0x00000000       0x1e c:/nxp/s32ds_arm_v2018.r1/cross_tools/gcc-arm-none-eabi-4_9/bin/../lib/gcc/arm-none-eabi/4.9.3/armv6-m/crti.o
 .ARM.attributes
                0x0000001e       0x2c c:/nxp/s32ds_arm_v2018.r1/cross_tools/gcc-arm-none-eabi-4_9/bin/../lib/gcc/arm-none-eabi/4.9.3/armv6-m/crtbegin.o
 .ARM.attributes
                0x0000004a       0x32 ./Sources/common/ultrasonic.o
 .ARM.attributes
                0x0000007c       0x32 ./Sources/common/ntc_calibration.o
 .ARM.attributes
                0x000000ae       0x32 ./Sources/common/helper_functions.o
 .ARM.attributes
                0x000000e0       0x32 ./Sources/common/adsample.o
 .ARM.attributes
                0x00000112       0x32 ./Sources/common/Sys_Init.o
 .ARM.attributes
                0x00000144       0x32 ./Sources/common/HW_Driver/prj_gpio.o
 .ARM.attributes
                0x00000176       0x32 ./Sources/common/HW_Driver/hw_abstract.o
 .ARM.attributes
                0x000001a8       0x32 ./Sources/common/HW_Driver/WatchDog.o
 .ARM.attributes
                0x000001da       0x32 ./Sources/tof_capture.o
 .ARM.attributes
                0x0000020c       0x32 ./Sources/spi_comm.o
 .ARM.attributes
                0x0000023e       0x32 ./Sources/main.o
 .ARM.attributes
                0x00000270       0x32 ./Sources/CAN_Comm.o
 .ARM.attributes
                0x000002a2       0x32 ./SDK/rtos/osif/osif_baremetal.o
 .ARM.attributes
                0x000002d4       0x32 ./SDK/platform/pal/can/src/can_pal.o
 .ARM.attributes
                0x00000306       0x32 ./SDK/platform/drivers/src/pins/pins_port_hw_access.o
 .ARM.attributes
                0x00000338       0x32 ./SDK/platform/drivers/src/pins/pins_driver.o
 .ARM.attributes
                0x0000036a       0x32 ./SDK/platform/drivers/src/pdb/pdb_hw_access.o
 .ARM.attributes
                0x0000039c       0x32 ./SDK/platform/drivers/src/pdb/pdb_driver.o
 .ARM.attributes
                0x000003ce       0x32 ./SDK/platform/drivers/src/lpspi/lpspi_slave_driver.o
 .ARM.attributes
                0x00000400       0x32 ./SDK/platform/drivers/src/lpspi/lpspi_shared_function.o
 .ARM.attributes
                0x00000432       0x32 ./SDK/platform/drivers/src/lpspi/lpspi_master_driver.o
 .ARM.attributes
                0x00000464       0x32 ./SDK/platform/drivers/src/lpspi/lpspi_irq.o
 .ARM.attributes
                0x00000496       0x32 ./SDK/platform/drivers/src/lpspi/lpspi_hw_access.o
 .ARM.attributes
                0x000004c8       0x32 ./SDK/platform/drivers/src/interrupt/interrupt_manager.o
 .ARM.attributes
                0x000004fa       0x32 ./SDK/platform/drivers/src/flexcan/flexcan_irq.o
 .ARM.attributes
                0x0000052c       0x32 ./SDK/platform/drivers/src/flexcan/flexcan_hw_access.o
 .ARM.attributes
                0x0000055e       0x32 ./SDK/platform/drivers/src/flexcan/flexcan_driver.o
 .ARM.attributes
                0x00000590       0x32 ./SDK/platform/drivers/src/edma/edma_irq.o
 .ARM.attributes
                0x000005c2       0x32 ./SDK/platform/drivers/src/edma/edma_hw_access.o
 .ARM.attributes
                0x000005f4       0x32 ./SDK/platform/drivers/src/edma/edma_driver.o
 .ARM.attributes
                0x00000626       0x32 ./SDK/platform/drivers/src/clock/clock_manager.o
 .ARM.attributes
                0x00000658       0x32 ./SDK/platform/drivers/src/clock/S32K1xx/clock_S32K1xx.o
 .ARM.attributes
                0x0000068a       0x32 ./SDK/platform/drivers/src/adc/adc_driver.o
 .ARM.attributes
                0x000006bc       0x32 ./SDK/platform/devices/startup.o
 .ARM.attributes
                0x000006ee       0x32 ./SDK/platform/devices/S32K116/startup/system_S32K116.o
 .ARM.attributes
                0x00000720       0x1b ./Project_Settings/Startup_Code/startup_S32K116.o
 .ARM.attributes
                0x0000073b       0x32 ./Generated_Code/pin_mux.o
 .ARM.attributes
                0x0000076d       0x32 ./Generated_Code/pdly1.o
 .ARM.attributes
                0x0000079f       0x32 ./Generated_Code/lpspiCom1.o
 .ARM.attributes
                0x000007d1       0x32 ./Generated_Code/clockMan1.o
 .ARM.attributes
                0x00000803       0x32 ./Generated_Code/can_pal1.o
 .ARM.attributes
                0x00000835       0x32 ./Generated_Code/adConv1.o
 .ARM.attributes
                0x00000867       0x32 ./FreeMaster_S32xx/src_platforms/S32xx/freemaster_S32xx.o
 .ARM.attributes
                0x00000899       0x32 ./FreeMaster_S32xx/src_common/freemaster_scope.o
 .ARM.attributes
                0x000008cb       0x32 ./FreeMaster_S32xx/src_common/freemaster_rec.o
 .ARM.attributes
                0x000008fd       0x32 ./FreeMaster_S32xx/src_common/freemaster_protocol.o
 .ARM.attributes
                0x0000092f       0x32 ./FreeMaster_S32xx/src_common/freemaster_can.o
 .ARM.attributes
                0x00000961       0x32 ./FreeMaster_S32xx/src_common/freemaster_appcmd.o
 .ARM.attributes
                0x00000993       0x1e c:/nxp/s32ds_arm_v2018.r1/cross_tools/gcc-arm-none-eabi-4_9/bin/../lib/gcc/arm-none-eabi/4.9.3/armv6-m\libgcc.a(_udivsi3.o)
 .ARM.attributes
                0x000009b1       0x1e c:/nxp/s32ds_arm_v2018.r1/cross_tools/gcc-arm-none-eabi-4_9/bin/../lib/gcc/arm-none-eabi/4.9.3/armv6-m\libgcc.a(_divsi3.o)
 .ARM.attributes
                0x000009cf       0x1e c:/nxp/s32ds_arm_v2018.r1/cross_tools/gcc-arm-none-eabi-4_9/bin/../lib/gcc/arm-none-eabi/4.9.3/armv6-m\libgcc.a(_dvmd_tls.o)
 .ARM.attributes
                0x000009ed       0x1e c:/nxp/s32ds_arm_v2018.r1/cross_tools/gcc-arm-none-eabi-4_9/bin/../lib/gcc/arm-none-eabi/4.9.3/armv6-m\libgcc.a(_arm_cmpsf2.o)
 .ARM.attributes
                0x00000a0b       0x2c c:/nxp/s32ds_arm_v2018.r1/cross_tools/gcc-arm-none-eabi-4_9/bin/../lib/gcc/arm-none-eabi/4.9.3/armv6-m\libgcc.a(_floatundisf.o)
 .ARM.attributes
                0x00000a37       0x2c c:/nxp/s32ds_arm_v2018.r1/cross_tools/gcc-arm-none-eabi-4_9/bin/../lib/gcc/arm-none-eabi/4.9.3/armv6-m\libgcc.a(addsf3.o)
 .ARM.attributes
                0x00000a63       0x2c c:/nxp/s32ds_arm_v2018.r1/cross_tools/gcc-arm-none-eabi-4_9/bin/../lib/gcc/arm-none-eabi/4.9.3/armv6-m\libgcc.a(divsf3.o)
 .ARM.attributes
                0x00000a8f       0x2c c:/nxp/s32ds_arm_v2018.r1/cross_tools/gcc-arm-none-eabi-4_9/bin/../lib/gcc/arm-none-eabi/4.9.3/armv6-m\libgcc.a(eqsf2.o)
 .ARM.attributes
                0x00000abb       0x2c c:/nxp/s32ds_arm_v2018.r1/cross_tools/gcc-arm-none-eabi-4_9/bin/../lib/gcc/arm-none-eabi/4.9.3/armv6-m\libgcc.a(gesf2.o)
 .ARM.attributes
                0x00000ae7       0x2c c:/nxp/s32ds_arm_v2018.r1/cross_tools/gcc-arm-none-eabi-4_9/bin/../lib/gcc/arm-none-eabi/4.9.3/armv6-m\libgcc.a(lesf2.o)
 .ARM.attributes
                0x00000b13       0x2c c:/nxp/s32ds_arm_v2018.r1/cross_tools/gcc-arm-none-eabi-4_9/bin/../lib/gcc/arm-none-eabi/4.9.3/armv6-m\libgcc.a(mulsf3.o)
 .ARM.attributes
                0x00000b3f       0x2c c:/nxp/s32ds_arm_v2018.r1/cross_tools/gcc-arm-none-eabi-4_9/bin/../lib/gcc/arm-none-eabi/4.9.3/armv6-m\libgcc.a(floatsisf.o)
 .ARM.attributes
                0x00000b6b       0x2c c:/nxp/s32ds_arm_v2018.r1/cross_tools/gcc-arm-none-eabi-4_9/bin/../lib/gcc/arm-none-eabi/4.9.3/armv6-m\libgcc.a(floatunsisf.o)
 .ARM.attributes
                0x00000b97       0x2c c:/nxp/s32ds_arm_v2018.r1/cross_tools/gcc-arm-none-eabi-4_9/bin/../lib/gcc/arm-none-eabi/4.9.3/armv6-m\libgcc.a(adddf3.o)
 .ARM.attributes
                0x00000bc3       0x2c c:/nxp/s32ds_arm_v2018.r1/cross_tools/gcc-arm-none-eabi-4_9/bin/../lib/gcc/arm-none-eabi/4.9.3/armv6-m\libgcc.a(muldf3.o)
 .ARM.attributes
                0x00000bef       0x2c c:/nxp/s32ds_arm_v2018.r1/cross_tools/gcc-arm-none-eabi-4_9/bin/../lib/gcc/arm-none-eabi/4.9.3/armv6-m\libgcc.a(floatunsidf.o)
 .ARM.attributes
                0x00000c1b       0x2c c:/nxp/s32ds_arm_v2018.r1/cross_tools/gcc-arm-none-eabi-4_9/bin/../lib/gcc/arm-none-eabi/4.9.3/armv6-m\libgcc.a(truncdfsf2.o)
 .ARM.attributes
                0x00000c47       0x1e c:/nxp/s32ds_arm_v2018.r1/cross_tools/gcc-arm-none-eabi-4_9/bin/../lib/gcc/arm-none-eabi/4.9.3/armv6-m\libgcc.a(_clzsi2.o)
 .ARM.attributes
                0x00000c65       0x2c c:/nxp/s32ds_arm_v2018.r1/cross_tools/gcc-arm-none-eabi-4_9/bin/../lib/gcc/arm-none-eabi/4.9.3/armv6-m/crtend.o
 .ARM.attributes
                0x00000c91       0x1e c:/nxp/s32ds_arm_v2018.r1/cross_tools/gcc-arm-none-eabi-4_9/bin/../lib/gcc/arm-none-eabi/4.9.3/armv6-m/crtn.o
                0x00000001                ASSERT ((__StackLimit >= __HeapLimit), region m_data_2 overflowed with stack and heap)
OUTPUT(lpspi_transfer_slave_s32k116.elf elf32-littlearm)

.debug_info     0x00000000    0x2ba28
 .debug_info    0x00000000      0x65e ./Sources/common/ultrasonic.o
 .debug_info    0x0000065e      0x198 ./Sources/common/ntc_calibration.o
 .debug_info    0x000007f6      0x704 ./Sources/common/helper_functions.o
 .debug_info    0x00000efa      0xe43 ./Sources/common/adsample.o
 .debug_info    0x00001d3d      0x2ca ./Sources/common/Sys_Init.o
 .debug_info    0x00002007      0x4c4 ./Sources/common/HW_Driver/prj_gpio.o
 .debug_info    0x000024cb      0x95e ./Sources/common/HW_Driver/hw_abstract.o
 .debug_info    0x00002e29      0x265 ./Sources/common/HW_Driver/WatchDog.o
 .debug_info    0x0000308e      0x392 ./Sources/tof_capture.o
 .debug_info    0x00003420      0xa76 ./Sources/spi_comm.o
 .debug_info    0x00003e96     0x1825 ./Sources/main.o
 .debug_info    0x000056bb      0xa4c ./Sources/CAN_Comm.o
 .debug_info    0x00006107      0xacb ./SDK/rtos/osif/osif_baremetal.o
 .debug_info    0x00006bd2     0x194e ./SDK/platform/pal/can/src/can_pal.o
 .debug_info    0x00008520      0x8a2 ./SDK/platform/drivers/src/pins/pins_port_hw_access.o
 .debug_info    0x00008dc2     0x1404 ./SDK/platform/drivers/src/pins/pins_driver.o
 .debug_info    0x0000a1c6      0x8c7 ./SDK/platform/drivers/src/pdb/pdb_hw_access.o
 .debug_info    0x0000aa8d     0x18a7 ./SDK/platform/drivers/src/pdb/pdb_driver.o
 .debug_info    0x0000c334     0x1afc ./SDK/platform/drivers/src/lpspi/lpspi_slave_driver.o
 .debug_info    0x0000de30      0xc00 ./SDK/platform/drivers/src/lpspi/lpspi_shared_function.o
 .debug_info    0x0000ea30     0x24e0 ./SDK/platform/drivers/src/lpspi/lpspi_master_driver.o
 .debug_info    0x00010f10       0xb0 ./SDK/platform/drivers/src/lpspi/lpspi_irq.o
 .debug_info    0x00010fc0     0x12b6 ./SDK/platform/drivers/src/lpspi/lpspi_hw_access.o
 .debug_info    0x00012276      0x8a9 ./SDK/platform/drivers/src/interrupt/interrupt_manager.o
 .debug_info    0x00012b1f       0xce ./SDK/platform/drivers/src/flexcan/flexcan_irq.o
 .debug_info    0x00012bed     0x1ba3 ./SDK/platform/drivers/src/flexcan/flexcan_hw_access.o
 .debug_info    0x00014790     0x400b ./SDK/platform/drivers/src/flexcan/flexcan_driver.o
 .debug_info    0x0001879b      0x6b6 ./SDK/platform/drivers/src/edma/edma_irq.o
 .debug_info    0x00018e51      0x9ef ./SDK/platform/drivers/src/edma/edma_hw_access.o
 .debug_info    0x00019840     0x459b ./SDK/platform/drivers/src/edma/edma_driver.o
 .debug_info    0x0001dddb     0x122f ./SDK/platform/drivers/src/clock/clock_manager.o
 .debug_info    0x0001f00a     0x4cf3 ./SDK/platform/drivers/src/clock/S32K1xx/clock_S32K1xx.o
 .debug_info    0x00023cfd     0x2c21 ./SDK/platform/drivers/src/adc/adc_driver.o
 .debug_info    0x0002691e      0x366 ./SDK/platform/devices/startup.o
 .debug_info    0x00026c84      0x3c8 ./SDK/platform/devices/S32K116/startup/system_S32K116.o
 .debug_info    0x0002704c       0xcb ./Project_Settings/Startup_Code/startup_S32K116.o
 .debug_info    0x00027117      0x3cb ./Generated_Code/pin_mux.o
 .debug_info    0x000274e2      0x3ae ./Generated_Code/pdly1.o
 .debug_info    0x00027890      0x51c ./Generated_Code/lpspiCom1.o
 .debug_info    0x00027dac     0x102f ./Generated_Code/clockMan1.o
 .debug_info    0x00028ddb      0x379 ./Generated_Code/can_pal1.o
 .debug_info    0x00029154      0x4dd ./Generated_Code/adConv1.o
 .debug_info    0x00029631      0x4e7 ./FreeMaster_S32xx/src_platforms/S32xx/freemaster_S32xx.o
 .debug_info    0x00029b18      0x1e4 ./FreeMaster_S32xx/src_common/freemaster_scope.o
 .debug_info    0x00029cfc      0x82e ./FreeMaster_S32xx/src_common/freemaster_rec.o
 .debug_info    0x0002a52a      0x9bf ./FreeMaster_S32xx/src_common/freemaster_protocol.o
 .debug_info    0x0002aee9      0x5ef ./FreeMaster_S32xx/src_common/freemaster_can.o
 .debug_info    0x0002b4d8      0x550 ./FreeMaster_S32xx/src_common/freemaster_appcmd.o

.debug_abbrev   0x00000000     0x5d2f
 .debug_abbrev  0x00000000      0x15b ./Sources/common/ultrasonic.o
 .debug_abbrev  0x0000015b       0xe0 ./Sources/common/ntc_calibration.o
 .debug_abbrev  0x0000023b      0x12a ./Sources/common/helper_functions.o
 .debug_abbrev  0x00000365      0x236 ./Sources/common/adsample.o
 .debug_abbrev  0x0000059b      0x134 ./Sources/common/Sys_Init.o
 .debug_abbrev  0x000006cf      0x1a2 ./Sources/common/HW_Driver/prj_gpio.o
 .debug_abbrev  0x00000871      0x260 ./Sources/common/HW_Driver/hw_abstract.o
 .debug_abbrev  0x00000ad1      0x130 ./Sources/common/HW_Driver/WatchDog.o
 .debug_abbrev  0x00000c01       0xfd ./Sources/tof_capture.o
 .debug_abbrev  0x00000cfe      0x1cf ./Sources/spi_comm.o
 .debug_abbrev  0x00000ecd      0x232 ./Sources/main.o
 .debug_abbrev  0x000010ff      0x1ca ./Sources/CAN_Comm.o
 .debug_abbrev  0x000012c9      0x2e5 ./SDK/rtos/osif/osif_baremetal.o
 .debug_abbrev  0x000015ae      0x299 ./SDK/platform/pal/can/src/can_pal.o
 .debug_abbrev  0x00001847      0x1cf ./SDK/platform/drivers/src/pins/pins_port_hw_access.o
 .debug_abbrev  0x00001a16      0x325 ./SDK/platform/drivers/src/pins/pins_driver.o
 .debug_abbrev  0x00001d3b      0x26e ./SDK/platform/drivers/src/pdb/pdb_hw_access.o
 .debug_abbrev  0x00001fa9      0x3a9 ./SDK/platform/drivers/src/pdb/pdb_driver.o
 .debug_abbrev  0x00002352      0x362 ./SDK/platform/drivers/src/lpspi/lpspi_slave_driver.o
 .debug_abbrev  0x000026b4      0x27e ./SDK/platform/drivers/src/lpspi/lpspi_shared_function.o
 .debug_abbrev  0x00002932      0x390 ./SDK/platform/drivers/src/lpspi/lpspi_master_driver.o
 .debug_abbrev  0x00002cc2       0x81 ./SDK/platform/drivers/src/lpspi/lpspi_irq.o
 .debug_abbrev  0x00002d43      0x2a7 ./SDK/platform/drivers/src/lpspi/lpspi_hw_access.o
 .debug_abbrev  0x00002fea      0x24a ./SDK/platform/drivers/src/interrupt/interrupt_manager.o
 .debug_abbrev  0x00003234       0x81 ./SDK/platform/drivers/src/flexcan/flexcan_irq.o
 .debug_abbrev  0x000032b5      0x398 ./SDK/platform/drivers/src/flexcan/flexcan_hw_access.o
 .debug_abbrev  0x0000364d      0x47c ./SDK/platform/drivers/src/flexcan/flexcan_driver.o
 .debug_abbrev  0x00003ac9      0x1c8 ./SDK/platform/drivers/src/edma/edma_irq.o
 .debug_abbrev  0x00003c91      0x231 ./SDK/platform/drivers/src/edma/edma_hw_access.o
 .debug_abbrev  0x00003ec2      0x45d ./SDK/platform/drivers/src/edma/edma_driver.o
 .debug_abbrev  0x0000431f      0x20a ./SDK/platform/drivers/src/clock/clock_manager.o
 .debug_abbrev  0x00004529      0x357 ./SDK/platform/drivers/src/clock/S32K1xx/clock_S32K1xx.o
 .debug_abbrev  0x00004880      0x388 ./SDK/platform/drivers/src/adc/adc_driver.o
 .debug_abbrev  0x00004c08      0x12a ./SDK/platform/devices/startup.o
 .debug_abbrev  0x00004d32      0x13f ./SDK/platform/devices/S32K116/startup/system_S32K116.o
 .debug_abbrev  0x00004e71       0x14 ./Project_Settings/Startup_Code/startup_S32K116.o
 .debug_abbrev  0x00004e85       0xbe ./Generated_Code/pin_mux.o
 .debug_abbrev  0x00004f43       0x8d ./Generated_Code/pdly1.o
 .debug_abbrev  0x00004fd0       0xc3 ./Generated_Code/lpspiCom1.o
 .debug_abbrev  0x00005093      0x10a ./Generated_Code/clockMan1.o
 .debug_abbrev  0x0000519d       0x94 ./Generated_Code/can_pal1.o
 .debug_abbrev  0x00005231       0xb6 ./Generated_Code/adConv1.o
 .debug_abbrev  0x000052e7      0x104 ./FreeMaster_S32xx/src_platforms/S32xx/freemaster_S32xx.o
 .debug_abbrev  0x000053eb      0x10b ./FreeMaster_S32xx/src_common/freemaster_scope.o
 .debug_abbrev  0x000054f6      0x2c5 ./FreeMaster_S32xx/src_common/freemaster_rec.o
 .debug_abbrev  0x000057bb      0x171 ./FreeMaster_S32xx/src_common/freemaster_protocol.o
 .debug_abbrev  0x0000592c      0x251 ./FreeMaster_S32xx/src_common/freemaster_can.o
 .debug_abbrev  0x00005b7d      0x1b2 ./FreeMaster_S32xx/src_common/freemaster_appcmd.o

.debug_loc      0x00000000    0x1616f
 .debug_loc     0x00000000      0x4eb ./Sources/common/ultrasonic.o
 .debug_loc     0x000004eb      0x16f ./Sources/common/ntc_calibration.o
 .debug_loc     0x0000065a      0x29f ./Sources/common/helper_functions.o
 .debug_loc     0x000008f9       0xbd ./Sources/common/HW_Driver/prj_gpio.o
 .debug_loc     0x000009b6      0x222 ./Sources/common/HW_Driver/hw_abstract.o
 .debug_loc     0x00000bd8       0x50 ./Sources/common/HW_Driver/WatchDog.o
 .debug_loc     0x00000c28       0xd8 ./Sources/tof_capture.o
 .debug_loc     0x00000d00       0x53 ./Sources/spi_comm.o
 .debug_loc     0x00000d53      0x139 ./Sources/CAN_Comm.o
 .debug_loc     0x00000e8c      0x44b ./SDK/rtos/osif/osif_baremetal.o
 .debug_loc     0x000012d7      0xfac ./SDK/platform/pal/can/src/can_pal.o
 .debug_loc     0x00002283      0x374 ./SDK/platform/drivers/src/pins/pins_port_hw_access.o
 .debug_loc     0x000025f7      0x616 ./SDK/platform/drivers/src/pins/pins_driver.o
 .debug_loc     0x00002c0d      0x681 ./SDK/platform/drivers/src/pdb/pdb_hw_access.o
 .debug_loc     0x0000328e      0x99f ./SDK/platform/drivers/src/pdb/pdb_driver.o
 .debug_loc     0x00003c2d      0xcde ./SDK/platform/drivers/src/lpspi/lpspi_slave_driver.o
 .debug_loc     0x0000490b      0x387 ./SDK/platform/drivers/src/lpspi/lpspi_shared_function.o
 .debug_loc     0x00004c92     0x12a0 ./SDK/platform/drivers/src/lpspi/lpspi_master_driver.o
 .debug_loc     0x00005f32      0xc03 ./SDK/platform/drivers/src/lpspi/lpspi_hw_access.o
 .debug_loc     0x00006b35      0x699 ./SDK/platform/drivers/src/interrupt/interrupt_manager.o
 .debug_loc     0x000071ce     0x1dce ./SDK/platform/drivers/src/flexcan/flexcan_hw_access.o
 .debug_loc     0x00008f9c     0x205e ./SDK/platform/drivers/src/flexcan/flexcan_driver.o
 .debug_loc     0x0000affa       0x50 ./SDK/platform/drivers/src/edma/edma_irq.o
 .debug_loc     0x0000b04a      0x804 ./SDK/platform/drivers/src/edma/edma_hw_access.o
 .debug_loc     0x0000b84e     0x3196 ./SDK/platform/drivers/src/edma/edma_driver.o
 .debug_loc     0x0000e9e4      0x27f ./SDK/platform/drivers/src/clock/clock_manager.o
 .debug_loc     0x0000ec63     0x4002 ./SDK/platform/drivers/src/clock/S32K1xx/clock_S32K1xx.o
 .debug_loc     0x00012c65     0x18bb ./SDK/platform/drivers/src/adc/adc_driver.o
 .debug_loc     0x00014520       0x32 ./SDK/platform/devices/startup.o
 .debug_loc     0x00014552       0xc4 ./SDK/platform/devices/S32K116/startup/system_S32K116.o
 .debug_loc     0x00014616      0x5ac ./FreeMaster_S32xx/src_platforms/S32xx/freemaster_S32xx.o
 .debug_loc     0x00014bc2      0x18f ./FreeMaster_S32xx/src_common/freemaster_scope.o
 .debug_loc     0x00014d51      0x3fb ./FreeMaster_S32xx/src_common/freemaster_rec.o
 .debug_loc     0x0001514c      0x71e ./FreeMaster_S32xx/src_common/freemaster_protocol.o
 .debug_loc     0x0001586a      0x31e ./FreeMaster_S32xx/src_common/freemaster_can.o
 .debug_loc     0x00015b88      0x5e7 ./FreeMaster_S32xx/src_common/freemaster_appcmd.o

.debug_aranges  0x00000000     0x1288
 .debug_aranges
                0x00000000       0x28 ./Sources/common/ultrasonic.o
 .debug_aranges
                0x00000028       0x20 ./Sources/common/ntc_calibration.o
 .debug_aranges
                0x00000048       0x28 ./Sources/common/helper_functions.o
 .debug_aranges
                0x00000070       0x48 ./Sources/common/adsample.o
 .debug_aranges
                0x000000b8       0x48 ./Sources/common/Sys_Init.o
 .debug_aranges
                0x00000100       0x48 ./Sources/common/HW_Driver/prj_gpio.o
 .debug_aranges
                0x00000148       0xc0 ./Sources/common/HW_Driver/hw_abstract.o
 .debug_aranges
                0x00000208       0x38 ./Sources/common/HW_Driver/WatchDog.o
 .debug_aranges
                0x00000240       0x28 ./Sources/tof_capture.o
 .debug_aranges
                0x00000268       0x28 ./Sources/spi_comm.o
 .debug_aranges
                0x00000290       0x20 ./Sources/main.o
 .debug_aranges
                0x000002b0       0x30 ./Sources/CAN_Comm.o
 .debug_aranges
                0x000002e0       0x70 ./SDK/rtos/osif/osif_baremetal.o
 .debug_aranges
                0x00000350       0x88 ./SDK/platform/pal/can/src/can_pal.o
 .debug_aranges
                0x000003d8       0x30 ./SDK/platform/drivers/src/pins/pins_port_hw_access.o
 .debug_aranges
                0x00000408       0xd0 ./SDK/platform/drivers/src/pins/pins_driver.o
 .debug_aranges
                0x000004d8       0x58 ./SDK/platform/drivers/src/pdb/pdb_hw_access.o
 .debug_aranges
                0x00000530       0xc0 ./SDK/platform/drivers/src/pdb/pdb_driver.o
 .debug_aranges
                0x000005f0       0x58 ./SDK/platform/drivers/src/lpspi/lpspi_slave_driver.o
 .debug_aranges
                0x00000648       0x38 ./SDK/platform/drivers/src/lpspi/lpspi_shared_function.o
 .debug_aranges
                0x00000680       0x88 ./SDK/platform/drivers/src/lpspi/lpspi_master_driver.o
 .debug_aranges
                0x00000708       0x20 ./SDK/platform/drivers/src/lpspi/lpspi_irq.o
 .debug_aranges
                0x00000728       0xb0 ./SDK/platform/drivers/src/lpspi/lpspi_hw_access.o
 .debug_aranges
                0x000007d8       0x68 ./SDK/platform/drivers/src/interrupt/interrupt_manager.o
 .debug_aranges
                0x00000840       0x28 ./SDK/platform/drivers/src/flexcan/flexcan_irq.o
 .debug_aranges
                0x00000868       0xc8 ./SDK/platform/drivers/src/flexcan/flexcan_hw_access.o
 .debug_aranges
                0x00000930      0x168 ./SDK/platform/drivers/src/flexcan/flexcan_driver.o
 .debug_aranges
                0x00000a98       0xa0 ./SDK/platform/drivers/src/edma/edma_irq.o
 .debug_aranges
                0x00000b38       0x88 ./SDK/platform/drivers/src/edma/edma_hw_access.o
 .debug_aranges
                0x00000bc0      0x138 ./SDK/platform/drivers/src/edma/edma_driver.o
 .debug_aranges
                0x00000cf8       0x38 ./SDK/platform/drivers/src/clock/clock_manager.o
 .debug_aranges
                0x00000d30       0xe8 ./SDK/platform/drivers/src/clock/S32K1xx/clock_S32K1xx.o
 .debug_aranges
                0x00000e18       0xe8 ./SDK/platform/drivers/src/adc/adc_driver.o
 .debug_aranges
                0x00000f00       0x20 ./SDK/platform/devices/startup.o
 .debug_aranges
                0x00000f20       0x30 ./SDK/platform/devices/S32K116/startup/system_S32K116.o
 .debug_aranges
                0x00000f50       0x20 ./Project_Settings/Startup_Code/startup_S32K116.o
 .debug_aranges
                0x00000f70       0x18 ./Generated_Code/pin_mux.o
 .debug_aranges
                0x00000f88       0x18 ./Generated_Code/pdly1.o
 .debug_aranges
                0x00000fa0       0x18 ./Generated_Code/lpspiCom1.o
 .debug_aranges
                0x00000fb8       0x18 ./Generated_Code/clockMan1.o
 .debug_aranges
                0x00000fd0       0x18 ./Generated_Code/can_pal1.o
 .debug_aranges
                0x00000fe8       0x18 ./Generated_Code/adConv1.o
 .debug_aranges
                0x00001000       0x78 ./FreeMaster_S32xx/src_platforms/S32xx/freemaster_S32xx.o
 .debug_aranges
                0x00001078       0x30 ./FreeMaster_S32xx/src_common/freemaster_scope.o
 .debug_aranges
                0x000010a8       0xa0 ./FreeMaster_S32xx/src_common/freemaster_rec.o
 .debug_aranges
                0x00001148       0x70 ./FreeMaster_S32xx/src_common/freemaster_protocol.o
 .debug_aranges
                0x000011b8       0x68 ./FreeMaster_S32xx/src_common/freemaster_can.o
 .debug_aranges
                0x00001220       0x68 ./FreeMaster_S32xx/src_common/freemaster_appcmd.o

.debug_ranges   0x00000000     0x1380
 .debug_ranges  0x00000000       0x18 ./Sources/common/ultrasonic.o
 .debug_ranges  0x00000018       0x10 ./Sources/common/ntc_calibration.o
 .debug_ranges  0x00000028       0x18 ./Sources/common/helper_functions.o
 .debug_ranges  0x00000040       0x38 ./Sources/common/adsample.o
 .debug_ranges  0x00000078       0x38 ./Sources/common/Sys_Init.o
 .debug_ranges  0x000000b0       0x38 ./Sources/common/HW_Driver/prj_gpio.o
 .debug_ranges  0x000000e8       0xb0 ./Sources/common/HW_Driver/hw_abstract.o
 .debug_ranges  0x00000198       0x28 ./Sources/common/HW_Driver/WatchDog.o
 .debug_ranges  0x000001c0       0x18 ./Sources/tof_capture.o
 .debug_ranges  0x000001d8       0x18 ./Sources/spi_comm.o
 .debug_ranges  0x000001f0       0x40 ./Sources/main.o
 .debug_ranges  0x00000230       0x20 ./Sources/CAN_Comm.o
 .debug_ranges  0x00000250       0x98 ./SDK/rtos/osif/osif_baremetal.o
 .debug_ranges  0x000002e8       0x78 ./SDK/platform/pal/can/src/can_pal.o
 .debug_ranges  0x00000360       0x38 ./SDK/platform/drivers/src/pins/pins_port_hw_access.o
 .debug_ranges  0x00000398       0xc0 ./SDK/platform/drivers/src/pins/pins_driver.o
 .debug_ranges  0x00000458       0xa0 ./SDK/platform/drivers/src/pdb/pdb_hw_access.o
 .debug_ranges  0x000004f8       0xb0 ./SDK/platform/drivers/src/pdb/pdb_driver.o
 .debug_ranges  0x000005a8       0x48 ./SDK/platform/drivers/src/lpspi/lpspi_slave_driver.o
 .debug_ranges  0x000005f0       0x28 ./SDK/platform/drivers/src/lpspi/lpspi_shared_function.o
 .debug_ranges  0x00000618       0x90 ./SDK/platform/drivers/src/lpspi/lpspi_master_driver.o
 .debug_ranges  0x000006a8       0x10 ./SDK/platform/drivers/src/lpspi/lpspi_irq.o
 .debug_ranges  0x000006b8       0xa0 ./SDK/platform/drivers/src/lpspi/lpspi_hw_access.o
 .debug_ranges  0x00000758       0x58 ./SDK/platform/drivers/src/interrupt/interrupt_manager.o
 .debug_ranges  0x000007b0       0x18 ./SDK/platform/drivers/src/flexcan/flexcan_irq.o