Archive member included because of file (symbol)

C:/NXP/S32DS_ARM_v2018.R1/S32DS/arm_ewl2/lib/armv6-m\libc99.a(exit.o)
                              C:/NXP/S32DS_ARM_v2018.R1/S32DS/arm_ewl2/lib/armv6-m/__arm_start.o (exit)
C:/NXP/S32DS_ARM_v2018.R1/S32DS/arm_ewl2/lib/armv6-m\libc99.a(memset.o)
                              C:/NXP/S32DS_ARM_v2018.R1/S32DS/arm_ewl2/lib/armv6-m/__arm_start.o (memset)
C:/NXP/S32DS_ARM_v2018.R1/S32DS/arm_ewl2/lib/armv6-m\libc99.a(__filll_mem.o)
                              C:/NXP/S32DS_ARM_v2018.R1/S32DS/arm_ewl2/lib/armv6-m\libc99.a(memset.o) (__fill_mem)
c:/nxp/s32ds_arm_v2018.r1/cross_tools/gcc-arm-none-eabi-4_9/bin/../lib/gcc/arm-none-eabi/4.9.3/armv6-m\libgcc.a(_udivsi3.o)
                              ./Sources/common/helper_functions.o (__aeabi_uidiv)
c:/nxp/s32ds_arm_v2018.r1/cross_tools/gcc-arm-none-eabi-4_9/bin/../lib/gcc/arm-none-eabi/4.9.3/armv6-m\libgcc.a(_divsi3.o)
                              ./Sources/common/ultrasonic.o (__aeabi_idiv)
c:/nxp/s32ds_arm_v2018.r1/cross_tools/gcc-arm-none-eabi-4_9/bin/../lib/gcc/arm-none-eabi/4.9.3/armv6-m\libgcc.a(_dvmd_tls.o)
                              c:/nxp/s32ds_arm_v2018.r1/cross_tools/gcc-arm-none-eabi-4_9/bin/../lib/gcc/arm-none-eabi/4.9.3/armv6-m\libgcc.a(_udivsi3.o) (__aeabi_idiv0)
c:/nxp/s32ds_arm_v2018.r1/cross_tools/gcc-arm-none-eabi-4_9/bin/../lib/gcc/arm-none-eabi/4.9.3/armv6-m\libgcc.a(_arm_cmpsf2.o)
                              ./Sources/common/ultrasonic.o (__aeabi_fcmpeq)
c:/nxp/s32ds_arm_v2018.r1/cross_tools/gcc-arm-none-eabi-4_9/bin/../lib/gcc/arm-none-eabi/4.9.3/armv6-m\libgcc.a(_fixunssfsi.o)
                              ./Sources/common/ultrasonic.o (__aeabi_f2uiz)
c:/nxp/s32ds_arm_v2018.r1/cross_tools/gcc-arm-none-eabi-4_9/bin/../lib/gcc/arm-none-eabi/4.9.3/armv6-m\libgcc.a(addsf3.o)
                              ./Sources/common/ultrasonic.o (__aeabi_fadd)
c:/nxp/s32ds_arm_v2018.r1/cross_tools/gcc-arm-none-eabi-4_9/bin/../lib/gcc/arm-none-eabi/4.9.3/armv6-m\libgcc.a(divsf3.o)
                              ./Sources/common/ultrasonic.o (__aeabi_fdiv)
c:/nxp/s32ds_arm_v2018.r1/cross_tools/gcc-arm-none-eabi-4_9/bin/../lib/gcc/arm-none-eabi/4.9.3/armv6-m\libgcc.a(eqsf2.o)
                              c:/nxp/s32ds_arm_v2018.r1/cross_tools/gcc-arm-none-eabi-4_9/bin/../lib/gcc/arm-none-eabi/4.9.3/armv6-m\libgcc.a(_arm_cmpsf2.o) (__eqsf2)
c:/nxp/s32ds_arm_v2018.r1/cross_tools/gcc-arm-none-eabi-4_9/bin/../lib/gcc/arm-none-eabi/4.9.3/armv6-m\libgcc.a(gesf2.o)
                              c:/nxp/s32ds_arm_v2018.r1/cross_tools/gcc-arm-none-eabi-4_9/bin/../lib/gcc/arm-none-eabi/4.9.3/armv6-m\libgcc.a(_arm_cmpsf2.o) (__gesf2)
c:/nxp/s32ds_arm_v2018.r1/cross_tools/gcc-arm-none-eabi-4_9/bin/../lib/gcc/arm-none-eabi/4.9.3/armv6-m\libgcc.a(lesf2.o)
                              c:/nxp/s32ds_arm_v2018.r1/cross_tools/gcc-arm-none-eabi-4_9/bin/../lib/gcc/arm-none-eabi/4.9.3/armv6-m\libgcc.a(_arm_cmpsf2.o) (__lesf2)
c:/nxp/s32ds_arm_v2018.r1/cross_tools/gcc-arm-none-eabi-4_9/bin/../lib/gcc/arm-none-eabi/4.9.3/armv6-m\libgcc.a(mulsf3.o)
                              ./Sources/common/ultrasonic.o (__aeabi_fmul)
c:/nxp/s32ds_arm_v2018.r1/cross_tools/gcc-arm-none-eabi-4_9/bin/../lib/gcc/arm-none-eabi/4.9.3/armv6-m\libgcc.a(subsf3.o)
                              ./Sources/common/ultrasonic.o (__aeabi_fsub)
c:/nxp/s32ds_arm_v2018.r1/cross_tools/gcc-arm-none-eabi-4_9/bin/../lib/gcc/arm-none-eabi/4.9.3/armv6-m\libgcc.a(fixsfsi.o)
                              c:/nxp/s32ds_arm_v2018.r1/cross_tools/gcc-arm-none-eabi-4_9/bin/../lib/gcc/arm-none-eabi/4.9.3/armv6-m\libgcc.a(_fixunssfsi.o) (__aeabi_f2iz)
c:/nxp/s32ds_arm_v2018.r1/cross_tools/gcc-arm-none-eabi-4_9/bin/../lib/gcc/arm-none-eabi/4.9.3/armv6-m\libgcc.a(floatsisf.o)
                              ./Sources/common/ultrasonic.o (__aeabi_i2f)
c:/nxp/s32ds_arm_v2018.r1/cross_tools/gcc-arm-none-eabi-4_9/bin/../lib/gcc/arm-none-eabi/4.9.3/armv6-m\libgcc.a(floatunsisf.o)
                              ./Sources/common/adsample.o (__aeabi_ui2f)
c:/nxp/s32ds_arm_v2018.r1/cross_tools/gcc-arm-none-eabi-4_9/bin/../lib/gcc/arm-none-eabi/4.9.3/armv6-m\libgcc.a(adddf3.o)
                              ./Sources/tof_capture.o (__aeabi_dadd)
c:/nxp/s32ds_arm_v2018.r1/cross_tools/gcc-arm-none-eabi-4_9/bin/../lib/gcc/arm-none-eabi/4.9.3/armv6-m\libgcc.a(divdf3.o)
                              ./Sources/tof_capture.o (__aeabi_ddiv)
c:/nxp/s32ds_arm_v2018.r1/cross_tools/gcc-arm-none-eabi-4_9/bin/../lib/gcc/arm-none-eabi/4.9.3/armv6-m\libgcc.a(muldf3.o)
                              ./Sources/tof_capture.o (__aeabi_dmul)
c:/nxp/s32ds_arm_v2018.r1/cross_tools/gcc-arm-none-eabi-4_9/bin/../lib/gcc/arm-none-eabi/4.9.3/armv6-m\libgcc.a(extendsfdf2.o)
                              ./Sources/tof_capture.o (__aeabi_f2d)
c:/nxp/s32ds_arm_v2018.r1/cross_tools/gcc-arm-none-eabi-4_9/bin/../lib/gcc/arm-none-eabi/4.9.3/armv6-m\libgcc.a(truncdfsf2.o)
[...]
Memory Configuration

Name             Origin             Length             Attributes
m_interrupts     0x00000000         0x000000c0         xr
m_flash_config   0x00000400         0x00000010         xr
m_text           0x00000410         0x0001fbf0         xr
m_data           0x20000000         0x000020c0         rw
m_data_2         0x200020c0         0x00001740         rw
*default*        0x00000000         0xffffffff

Linker script and memory map

LOAD C:/NXP/S32DS_ARM_v2018.R1/S32DS/arm_ewl2/lib/armv6-m/__arm_start.o
LOAD ./Sources/common/ultrasonic.o
LOAD ./Sources/common/ntc_calibration.o
LOAD ./Sources/common/helper_functions.o
LOAD ./Sources/common/adsample.o
LOAD ./Sources/common/Sys_Init.o
LOAD ./Sources/common/HW_Driver/prj_gpio.o
LOAD ./Sources/common/HW_Driver/hw_abstract.o
LOAD ./Sources/common/HW_Driver/WatchDog.o
LOAD ./Sources/common/HW_Driver/SPI.o
LOAD ./Sources/tof_capture.o
LOAD ./Sources/tdc1000.o
LOAD ./Sources/spi_comm.o
LOAD ./Sources/main.o
LOAD ./Sources/CAN_Comm.o
LOAD ./SDK/rtos/osif/osif_baremetal.o
LOAD ./SDK/platform/pal/can/src/can_pal.o
LOAD ./SDK/platform/drivers/src/pins/pins_port_hw_access.o
LOAD ./SDK/platform/drivers/src/pins/pins_driver.o
LOAD ./SDK/platform/drivers/src/pdb/pdb_hw_access.o
LOAD ./SDK/platform/drivers/src/pdb/pdb_driver.o
LOAD ./SDK/platform/drivers/src/lpspi/lpspi_slave_driver.o
LOAD ./SDK/platform/drivers/src/lpspi/lpspi_shared_function.o
LOAD ./SDK/platform/drivers/src/lpspi/lpspi_master_driver.o
LOAD ./SDK/platform/drivers/src/lpspi/lpspi_irq.o
LOAD ./SDK/platform/drivers/src/lpspi/lpspi_hw_access.o
LOAD ./SDK/platform/drivers/src/interrupt/interrupt_manager.o
LOAD ./SDK/platform/drivers/src/ftm/ftm_ic_driver.o
LOAD ./SDK/platform/drivers/src/ftm/ftm_hw_access.o
LOAD ./SDK/platform/drivers/src/ftm/ftm_common.o
LOAD ./SDK/platform/drivers/src/flexcan/flexcan_irq.o
LOAD ./SDK/platform/drivers/src/flexcan/flexcan_hw_access.o
LOAD ./SDK/platform/drivers/src/flexcan/flexcan_driver.o
LOAD ./SDK/platform/drivers/src/edma/edma_irq.o
LOAD ./SDK/platform/drivers/src/edma/edma_hw_access.o
LOAD ./SDK/platform/drivers/src/edma/edma_driver.o
LOAD ./SDK/platform/drivers/src/clock/clock_manager.o
LOAD ./SDK/platform/drivers/src/clock/S32K1xx/clock_S32K1xx.o
LOAD ./SDK/platform/drivers/src/adc/adc_driver.o
LOAD ./SDK/platform/devices/startup.o
LOAD ./SDK/platform/devices/S32K116/startup/system_S32K116.o
LOAD ./Project_Settings/Startup_Code/startup_S32K116.o
LOAD ./Generated_Code/pin_mux.o
LOAD ./Generated_Code/pdly1.o
LOAD ./Generated_Code/lpspiCom1.o
LOAD ./Generated_Code/flexTimer_ic1.o
LOAD ./Generated_Code/dmaController1.o
LOAD ./Generated_Code/clockMan1.o
LOAD ./Generated_Code/can_pal1.o
LOAD ./Generated_Code/adConv1.o
LOAD ./Generated_Code/Cpu.o
LOAD ./FreeMaster_S32xx/src_platforms/S32xx/freemaster_S32xx.o
LOAD ./FreeMaster_S32xx/src_common/freemaster_tsa.o
LOAD ./FreeMaster_S32xx/src_common/freemaster_sfio.o
LOAD ./FreeMaster_S32xx/src_common/freemaster_serial.o
LOAD ./FreeMaster_S32xx/src_common/freemaster_scope.o
LOAD ./FreeMaster_S32xx/src_common/freemaster_rec.o
LOAD ./FreeMaster_S32xx/src_common/freemaster_protocol.o
LOAD ./FreeMaster_S32xx/src_common/freemaster_pipes.o
LOAD ./FreeMaster_S32xx/src_common/freemaster_lin.o
LOAD ./FreeMaster_S32xx/src_common/freemaster_can.o
LOAD ./FreeMaster_S32xx/src_common/freemaster_bdm.o
LOAD ./FreeMaster_S32xx/src_common/freemaster_appcmd.o
START GROUP
LOAD C:/NXP/S32DS_ARM_v2018.R1/S32DS/arm_ewl2/lib/armv6-m\libc99.a
LOAD C:/NXP/S32DS_ARM_v2018.R1/S32DS/arm_ewl2/lib/armv6-m\libm.a
LOAD c:/nxp/s32ds_arm_v2018.r1/cross_tools/gcc-arm-none-eabi-4_9/bin/../lib/gcc/arm-none-eabi/4.9.3/armv6-m\libgcc.a
LOAD C:/NXP/S32DS_ARM_v2018.R1/S32DS/arm_ewl2/lib/armv6-m\librt.a
LOAD C:/NXP/S32DS_ARM_v2018.R1/S32DS/arm_ewl2/lib/armv6-m\libnoio.a
END GROUP
LOAD C:/NXP/S32DS_ARM_v2018.R1/S32DS/arm_ewl2/lib/armv6-m/__arm_end.o
                0x00000200                HEAP_SIZE = DEFINED (__heap_size__)?__heap_size__:0x200
                0x00000200                STACK_SIZE = DEFINED (__stack_size__)?__stack_size__:0x200
                0x000000c0                M_VECTOR_RAM_SIZE = DEFINED (__flash_vector_table__)?0x0:0xc0

.interrupts     0x00000000       0xc0
                0x00000000                __VECTOR_TABLE = .
                0x00000000                . = ALIGN (0x4)
 *(.isr_vector)
 .isr_vector    0x00000000       0xc0 ./Project_Settings/Startup_Code/startup_S32K116.o
                0x00000000                __isr_vector
                0x000000c0                . = ALIGN (0x4)

.flash_config   0x00000400       0x10
                0x00000400                . = ALIGN (0x4)
 *(.FlashConfig)
 .FlashConfig   0x00000400       0x10 ./Project_Settings/Startup_Code/startup_S32K116.o
                0x00000410                . = ALIGN (0x4)

.text           0x00000410     0xf1b8
                0x00000410                . = ALIGN (0x4)
 *(.text)
 .text          0x00000410       0x60 ./Project_Settings/Startup_Code/startup_S32K116.o
                0x00000410                Reset_Handler
                0x0000046c                ERM_fault_IRQHandler
                0x0000046c                PendSV_Handler
                0x0000046c                NMI_Handler
                0x0000046c                ADC0_IRQHandler
                0x0000046c                FTM0_Ovf_Reload_IRQHandler
                0x0000046c                SCG_CMU_LVD_LVWSCG_IRQHandler
                0x0000046c                RTC_IRQHandler
                0x0000046c                PDB0_IRQHandler
                0x0000046c                HardFault_Handler
                0x0000046c                Reserved27_IRQHandler
                0x0000046c                LPUART1_RxTx_IRQHandler
                0x0000046c                RTC_Seconds_IRQHandler
                0x0000046c                FTFC_IRQHandler
                0x0000046c                FTM0_Fault_IRQHandler
                0x0000046c                SVC_Handler
                0x0000046c                RCM_IRQHandler
                0x0000046c                FTM1_Fault_IRQHandler
                0x0000046c                LPI2C0_Master_Slave_IRQHandler
                0x0000046c                LPUART0_RxTx_IRQHandler
                0x0000046c                WDOG_IRQHandler
                0x0000046c                LPTMR0_IRQHandler
                0x0000046c                FTM1_Ovf_Reload_IRQHandler
                0x0000046c                CMP0_IRQHandler
                0x0000046c                FLEXIO_IRQHandler
 .text          0x00000470      0x120 c:/nxp/s32ds_arm_v2018.r1/cross_tools/gcc-arm-none-eabi-4_9/bin/../lib/gcc/arm-none-eabi/4.9.3/armv6-m\libgcc.a(_udivsi3.o)
                0x00000470                __aeabi_uidiv
                0x00000470                __udivsi3
                0x0000057c                __aeabi_uidivmod
 .text          0x00000590      0x1e0 c:/nxp/s32ds_arm_v2018.r1/cross_tools/gcc-arm-none-eabi-4_9/bin/../lib/gcc/arm-none-eabi/4.9.3/armv6-m\libgcc.a(_divsi3.o)
                0x00000590                __divsi3
                0x00000590                __aeabi_idiv
                0x0000075c                __aeabi_idivmod
 .text          0x00000770        0x4 c:/nxp/s32ds_arm_v2018.r1/cross_tools/gcc-arm-none-eabi-4_9/bin/../lib/gcc/arm-none-eabi/4.9.3/armv6-m\libgcc.a(_dvmd_tls.o)
                0x00000770                __aeabi_idiv0
                0x00000770                __aeabi_ldiv0
 .text          0x00000774      0x2f8 c:/nxp/s32ds_arm_v2018.r1/cross_tools/gcc-arm-none-eabi-4_9/bin/../lib/gcc/arm-none-eabi/4.9.3/armv6-m\libgcc.a(addsf3.o)
                0x00000774                __aeabi_fadd
 .text          0x00000a6c      0x270 c:/nxp/s32ds_arm_v2018.r1/cross_tools/gcc-arm-none-eabi-4_9/bin/../lib/gcc/arm-none-eabi/4.9.3/armv6-m\libgcc.a(divsf3.o)
                0x00000a6c                __aeabi_fdiv
 .text          0x00000cdc      0x264 c:/nxp/s32ds_arm_v2018.r1/cross_tools/gcc-arm-none-eabi-4_9/bin/../lib/gcc/arm-none-eabi/4.9.3/armv6-m\libgcc.a(mulsf3.o)
                0x00000cdc                __aeabi_fmul
 .text          0x00000f40       0x90 c:/nxp/s32ds_arm_v2018.r1/cross_tools/gcc-arm-none-eabi-4_9/bin/../lib/gcc/arm-none-eabi/4.9.3/armv6-m\libgcc.a(floatsisf.o)
                0x00000f40                __aeabi_i2f
 .text          0x00000fd0       0x90 c:/nxp/s32ds_arm_v2018.r1/cross_tools/gcc-arm-none-eabi-4_9/bin/../lib/gcc/arm-none-eabi/4.9.3/armv6-m\libgcc.a(floatunsisf.o)
                0x00000fd0                __aeabi_ui2f
 .text          0x00001060      0x650 c:/nxp/s32ds_arm_v2018.r1/cross_tools/gcc-arm-none-eabi-4_9/bin/../lib/gcc/arm-none-eabi/4.9.3/armv6-m\libgcc.a(adddf3.o)
                0x00001060                __aeabi_dadd
 .text          0x000016b0      0x648 c:/nxp/s32ds_arm_v2018.r1/cross_tools/gcc-arm-none-eabi-4_9/bin/../lib/gcc/arm-none-eabi/4.9.3/armv6-m\libgcc.a(divdf3.o)
                0x000016b0                __aeabi_ddiv
 .text          0x00001cf8      0x534 c:/nxp/s32ds_arm_v2018.r1/cross_tools/gcc-arm-none-eabi-4_9/bin/../lib/gcc/arm-none-eabi/4.9.3/armv6-m\libgcc.a(muldf3.o)
                0x00001cf8                __aeabi_dmul
 .text          0x0000222c       0xa8 c:/nxp/s32ds_arm_v2018.r1/cross_tools/gcc-arm-none-eabi-4_9/bin/../lib/gcc/arm-none-eabi/4.9.3/armv6-m\libgcc.a(extendsfdf2.o)
                0x0000222c                __aeabi_f2d
 .text          0x000022d4      0x120 c:/nxp/s32ds_arm_v2018.r1/cross_tools/gcc-arm-none-eabi-4_9/bin/../lib/gcc/arm-none-eabi/4.9.3/armv6-m\libgcc.a(truncdfsf2.o)
                0x000022d4                __aeabi_d2f
 .text          0x000023f4       0x3c c:/nxp/s32ds_arm_v2018.r1/cross_tools/gcc-arm-none-eabi-4_9/bin/../lib/gcc/arm-none-eabi/4.9.3/armv6-m\libgcc.a(_clzsi2.o)
                0x000023f4                __clzsi2
 *(.text*)
 .text.ntc_calibration_cal_temp
                0x00002430      0x228 ./Sources/common/ntc_calibration.o
                0x00002430                ntc_calibration_cal_temp
 .text.calculateIntValue
                0x00002658      0x100 ./Sources/common/helper_functions.o
                0x00002658                calculateIntValue
 .text.adsample_ADC_IRQHandler
                0x00002758       0x28 ./Sources/common/adsample.o
                0x00002758                adsample_ADC_IRQHandler
 .text.adsample_ADC_Init
                0x00002780      0x158 ./Sources/common/adsample.o
                0x00002780                adsample_ADC_Init
 .text.adsample_Get_Voltage
                0x000028d8       0x64 ./Sources/common/adsample.o
                0x000028d8                adsample_Get_Voltage
 .text.adsample_Get_EnvirTemp
                0x0000293c       0x38 ./Sources/common/adsample.o
                0x0000293c                adsample_Get_EnvirTemp
 .text.adsample_Get_NTCTemp
                0x00002974       0x38 ./Sources/common/adsample.o
                0x00002974                adsample_Get_NTCTemp
 .text.v_task_MgtCallback
                0x000029ac        0x8 ./Sources/common/Sys_Init.o
                0x000029ac                v_task_MgtCallback
 .text.Sys_Init
                0x000029b4       0x1c ./Sources/common/Sys_Init.o
                0x000029b4                Sys_Init
 .text.v_v_stuff
                0x000029d0        0x8 ./Sources/common/HW_Driver/prj_gpio.o
 .text.PORT_IRQHandler
                0x000029d8       0x4c ./Sources/common/HW_Driver/prj_gpio.o
                0x000029d8                PORT_IRQHandler
 .text.u8_hw_wtd_reset
                0x00002a24       0x10 ./Sources/common/HW_Driver/hw_abstract.o
                0x00002a24                u8_hw_wtd_reset
 .text.u8_hw_wtd_Init
                0x00002a34       0x18 ./Sources/common/HW_Driver/hw_abstract.o
                0x00002a34                u8_hw_wtd_Init
 .text.timer_1ms_isr
                0x00002a4c       0x74 ./Sources/common/HW_Driver/hw_abstract.o
                0x00002a4c                timer_1ms_isr
 .text.v_v_stuff
                0x00002ac0        0x8 ./Sources/common/HW_Driver/hw_abstract.o
 .text.NVIC_Init_IRQs
                0x00002ac8       0x2c ./Sources/common/HW_Driver/hw_abstract.o
 .text.u8_hw_Timer_Init
                0x00002af4       0x78 ./Sources/common/HW_Driver/hw_abstract.o
                0x00002af4                u8_hw_Timer_Init
 .text.LPIT0_IRQHandler
                0x00002b6c       0x40 ./Sources/common/HW_Driver/hw_abstract.o
                0x00002b6c                LPIT0_IRQHandler
 .text.u8_wtd_Feed
                0x00002bac       0x1c ./Sources/common/HW_Driver/WatchDog.o
                0x00002bac                u8_wtd_Feed
 .text.u8_wtd_Init
                0x00002bc8       0xc0 ./Sources/common/HW_Driver/WatchDog.o
                0x00002bc8                u8_wtd_Init
 .text.tof_capture_TofCap
                0x00002c88       0xa8 ./Sources/tof_capture.o
                0x00002c88                tof_capture_TofCap
 .text.ftm0_Init
                0x00002d30       0x3c ./Sources/tof_capture.o
                0x00002d30                ftm0_Init
 .text.tof_capture_get_LvAvgTof
                0x00002d6c       0xa8 ./Sources/tof_capture.o
                0x00002d6c                tof_capture_get_LvAvgTof
 .text.tof_capture_get_AvgVelocity
                0x00002e14       0x78 ./Sources/tof_capture.o
                0x00002e14                tof_capture_get_AvgVelocity
 .text.tof_capture_TofCntToUs
                0x00002e8c       0x3c ./Sources/tof_capture.o
                0x00002e8c                tof_capture_TofCntToUs
 .text.tdc1000_Write_TDC
                0x00002ec8       0x60 ./Sources/tdc1000.o
                0x00002ec8                tdc1000_Write_TDC
 .text.tdc1000_Read_TDC
                0x00002f28       0x68 ./Sources/tdc1000.o
                0x00002f28                tdc1000_Read_TDC
 .text.tdc1000_Reg_Init
                0x00002f90       0x5c ./Sources/tdc1000.o
                0x00002f90                tdc1000_Reg_Init
 .text.tdc1000_Init
                0x00002fec       0x94 ./Sources/tdc1000.o
                0x00002fec                tdc1000_Init
 .text.tdc1000_Trig_Ch_Lv
                0x00003080       0x30 ./Sources/tdc1000.o
                0x00003080                tdc1000_Trig_Ch_Lv
 .text.tdc1000_read_errflg
                0x000030b0       0x14 ./Sources/tdc1000.o
                0x000030b0                tdc1000_read_errflg
 .text.tdc1000_clear_errflg
                0x000030c4       0x10 ./Sources/tdc1000.o
                0x000030c4                tdc1000_clear_errflg
 .text.spi_comm_Spi_Init
                0x000030d4       0x40 ./Sources/spi_comm.o
                0x000030d4                spi_comm_Spi_Init
 .text.main     0x00003114       0xf8 ./Sources/main.o
                0x00003114                main
 .text.CAN_ISR_Callback
                0x0000320c       0x7c ./Sources/CAN_Comm.o
                0x0000320c                CAN_ISR_Callback
 .text.CAN_Comm_Init
                0x00003288       0x80 ./Sources/CAN_Comm.o
                0x00003288                CAN_Comm_Init
 .text.osif_Tick
                0x00003308       0x18 ./SDK/rtos/osif/osif_baremetal.o
 .text.osif_GetCurrentTickCount
                0x00003320       0x14 ./SDK/rtos/osif/osif_baremetal.o
 .text.SysTick_Handler
                0x00003334        0xc ./SDK/rtos/osif/osif_baremetal.o
                0x00003334                SysTick_Handler
 .text.osif_UpdateTickConfig
                0x00003340       0x58 ./SDK/rtos/osif/osif_baremetal.o
 .text.osif_DisableIrqGlobal
                0x00003398        0xc ./SDK/rtos/osif/osif_baremetal.o
 .text.osif_EnableIrqGlobal
                0x000033a4        0xc ./SDK/rtos/osif/osif_baremetal.o
 .text.OSIF_SemaWait
                0x000033b0       0xa4 ./SDK/rtos/osif/osif_baremetal.o
                0x000033b0                OSIF_SemaWait
 .text.OSIF_SemaPost
                0x00003454       0x48 ./SDK/rtos/osif/osif_baremetal.o
                0x00003454                OSIF_SemaPost
 .text.OSIF_SemaCreate
                0x0000349c       0x28 ./SDK/rtos/osif/osif_baremetal.o
                0x0000349c                OSIF_SemaCreate
 .text.OSIF_SemaDestroy
                0x000034c4       0x14 ./SDK/rtos/osif/osif_baremetal.o
                0x000034c4                OSIF_SemaDestroy
 .text.CAN_AllocateState
                0x000034d8       0x80 ./SDK/platform/pal/can/src/can_pal.o
 .text.CAN_GetVirtualBuffIdx
                0x00003558       0x1c ./SDK/platform/pal/can/src/can_pal.o
 .text.CAN_InternalCallback
                0x00003574       0xcc ./SDK/platform/pal/can/src/can_pal.o
 .text.CAN_Init
                0x00003640      0x1f0 ./SDK/platform/pal/can/src/can_pal.o
                0x00003640                CAN_Init
 .text.CAN_ConfigTxBuff
                0x00003830       0xe4 ./SDK/platform/pal/can/src/can_pal.o
                0x00003830                CAN_ConfigTxBuff
 .text.CAN_ConfigRxBuff
                0x00003914       0xe0 ./SDK/platform/pal/can/src/can_pal.o
                0x00003914                CAN_ConfigRxBuff
 .text.CAN_Receive
                0x000039f4       0xb0 ./SDK/platform/pal/can/src/can_pal.o
                0x000039f4                CAN_Receive
 .text.CAN_InstallEventCallback
                0x00003aa4       0x80 ./SDK/platform/pal/can/src/can_pal.o
                0x00003aa4                CAN_InstallEventCallback
 .text.PINS_GPIO_WritePin
                0x00003b24       0x40 ./SDK/platform/drivers/src/pins/pins_port_hw_access.o
 .text.PINS_Init
                0x00003b64      0x1b8 ./SDK/platform/drivers/src/pins/pins_port_hw_access.o
                0x00003b64                PINS_Init
 .text.PINS_GPIO_SetPins
                0x00003d1c       0x18 ./SDK/platform/drivers/src/pins/pins_driver.o
 .text.PINS_GPIO_ClearPins
                0x00003d34       0x18 ./SDK/platform/drivers/src/pins/pins_driver.o
 .text.PINS_DRV_Init
                0x00003d4c       0x68 ./SDK/platform/drivers/src/pins/pins_driver.o
                0x00003d4c                PINS_DRV_Init
 .text.PINS_DRV_SetPins
                0x00003db4       0x1c ./SDK/platform/drivers/src/pins/pins_driver.o
                0x00003db4                PINS_DRV_SetPins
 .text.PINS_DRV_ClearPins
                0x00003dd0       0x1c ./SDK/platform/drivers/src/pins/pins_driver.o
                0x00003dd0                PINS_DRV_ClearPins
 .text.PDB_Enable
                0x00003dec       0x1c ./SDK/platform/drivers/src/pdb/pdb_hw_access.o
 .text.PDB_Disable
                0x00003e08       0x1c ./SDK/platform/drivers/src/pdb/pdb_hw_access.o
 .text.PDB_SetLoadValuesCmd
                0x00003e24       0x1c ./SDK/platform/drivers/src/pdb/pdb_hw_access.o
 .text.PDB_SetAdcPreTriggerDelayValue
                0x00003e40       0x30 ./SDK/platform/drivers/src/pdb/pdb_hw_access.o
 .text.PDB_Init
                0x00003e70       0xc4 ./SDK/platform/drivers/src/pdb/pdb_hw_access.o
                0x00003e70                PDB_Init
 .text.PDB_ConfigTimer
                0x00003f34       0xb4 ./SDK/platform/drivers/src/pdb/pdb_hw_access.o
                0x00003f34                PDB_ConfigTimer
 .text.PDB_SetAdcPreTriggerBackToBackEnable
                0x00003fe8       0x6c ./SDK/platform/drivers/src/pdb/pdb_hw_access.o
                0x00003fe8                PDB_SetAdcPreTriggerBackToBackEnable
 .text.PDB_SetAdcPreTriggerOutputEnable
                0x00004054       0x68 ./SDK/platform/drivers/src/pdb/pdb_hw_access.o
                0x00004054                PDB_SetAdcPreTriggerOutputEnable
 .text.PDB_SetAdcPreTriggerEnable
                0x000040bc       0x64 ./SDK/platform/drivers/src/pdb/pdb_hw_access.o
                0x000040bc                PDB_SetAdcPreTriggerEnable
 .text.PDB_SetSoftTriggerCmd
                0x00004120       0x1c ./SDK/platform/drivers/src/pdb/pdb_driver.o
 .text.PDB_Enable
                0x0000413c       0x1c ./SDK/platform/drivers/src/pdb/pdb_driver.o
 .text.PDB_SetLoadValuesCmd
                0x00004158       0x1c ./SDK/platform/drivers/src/pdb/pdb_driver.o
 .text.PDB_SetTimerModulusValue
                0x00004174       0x28 ./SDK/platform/drivers/src/pdb/pdb_driver.o
 .text.PDB_SetAdcPreTriggerDelayValue
                0x0000419c       0x30 ./SDK/platform/drivers/src/pdb/pdb_driver.o
 .text.PDB_DRV_Init
                0x000041cc       0x70 ./SDK/platform/drivers/src/pdb/pdb_driver.o
                0x000041cc                PDB_DRV_Init
 .text.PDB_DRV_Enable
                0x0000423c       0x20 ./SDK/platform/drivers/src/pdb/pdb_driver.o
                0x0000423c                PDB_DRV_Enable
 .text.PDB_DRV_SoftTriggerCmd
                0x0000425c       0x20 ./SDK/platform/drivers/src/pdb/pdb_driver.o
                0x0000425c                PDB_DRV_SoftTriggerCmd
 .text.PDB_DRV_LoadValuesCmd
                0x0000427c       0x20 ./SDK/platform/drivers/src/pdb/pdb_driver.o
                0x0000427c                PDB_DRV_LoadValuesCmd
 .text.PDB_DRV_SetTimerModulusValue
                0x0000429c       0x2c ./SDK/platform/drivers/src/pdb/pdb_driver.o
                0x0000429c                PDB_DRV_SetTimerModulusValue
 .text.PDB_DRV_ConfigAdcPreTrigger
                0x000042c8       0x64 ./SDK/platform/drivers/src/pdb/pdb_driver.o
                0x000042c8                PDB_DRV_ConfigAdcPreTrigger
 .text.PDB_DRV_SetAdcPreTriggerDelayValue
                0x0000432c       0x28 ./SDK/platform/drivers/src/pdb/pdb_driver.o
                0x0000432c                PDB_DRV_SetAdcPreTriggerDelayValue
 .text.LPSPI_GetStatusFlag
                0x00004354       0x2c ./SDK/platform/drivers/src/lpspi/lpspi_slave_driver.o
 .text.LPSPI_SetIntMode
                0x00004380       0x58 ./SDK/platform/drivers/src/lpspi/lpspi_slave_driver.o
 .text.LPSPI_SetTxDmaCmd
                0x000043d8       0x28 ./SDK/platform/drivers/src/lpspi/lpspi_slave_driver.o
 .text.LPSPI_SetRxDmaCmd
                0x00004400       0x2c ./SDK/platform/drivers/src/lpspi/lpspi_slave_driver.o
 .text.LPSPI_DRV_SlaveIRQHandler
                0x0000442c      0x160 ./SDK/platform/drivers/src/lpspi/lpspi_slave_driver.o
                0x0000442c                LPSPI_DRV_SlaveIRQHandler
 .text.LPSPI_DRV_SlaveAbortTransfer
                0x0000458c       0xa4 ./SDK/platform/drivers/src/lpspi/lpspi_slave_driver.o
                0x0000458c                LPSPI_DRV_SlaveAbortTransfer
 .text.LPSPI_IsMaster
                0x00004630       0x20 ./SDK/platform/drivers/src/lpspi/lpspi_shared_function.o
 .text.LPSPI_SetIntMode
                0x00004650       0x58 ./SDK/platform/drivers/src/lpspi/lpspi_shared_function.o
 .text.LPSPI_WriteData
                0x000046a8       0x18 ./SDK/platform/drivers/src/lpspi/lpspi_shared_function.o
 .text.LPSPI_ReadData
                0x000046c0       0x14 ./SDK/platform/drivers/src/lpspi/lpspi_shared_function.o
 .text.LPSPI_ReadTxCount
                0x000046d4       0x18 ./SDK/platform/drivers/src/lpspi/lpspi_shared_function.o
 .text.LPSPI_ReadRxCount
                0x000046ec       0x1c ./SDK/platform/drivers/src/lpspi/lpspi_shared_function.o
 .text.LPSPI_ClearContCBit
                0x00004708       0x20 ./SDK/platform/drivers/src/lpspi/lpspi_shared_function.o
 .text.LPSPI_DRV_IRQHandler
                0x00004728       0x40 ./SDK/platform/drivers/src/lpspi/lpspi_shared_function.o
                0x00004728                LPSPI_DRV_IRQHandler
 .text.LPSPI_DRV_FillupTxBuffer
                0x00004768      0x1e4 ./SDK/platform/drivers/src/lpspi/lpspi_shared_function.o
                0x00004768                LPSPI_DRV_FillupTxBuffer
 .text.LPSPI_DRV_ReadRXBuffer
                0x0000494c      0x1e8 ./SDK/platform/drivers/src/lpspi/lpspi_shared_function.o
                0x0000494c                LPSPI_DRV_ReadRXBuffer
 .text.LPSPI_DRV_DisableTEIEInterrupts
                0x00004b34       0x48 ./SDK/platform/drivers/src/lpspi/lpspi_shared_function.o
                0x00004b34                LPSPI_DRV_DisableTEIEInterrupts
 .text.LPSPI_Enable
                0x00004b7c       0x1c ./SDK/platform/drivers/src/lpspi/lpspi_master_driver.o
 .text.LPSPI_SetRxWatermarks
                0x00004b98       0x34 ./SDK/platform/drivers/src/lpspi/lpspi_master_driver.o
 .text.LPSPI_SetTxWatermarks
                0x00004bcc       0x2c ./SDK/platform/drivers/src/lpspi/lpspi_master_driver.o
 .text.LPSPI_GetStatusFlag
                0x00004bf8       0x2c ./SDK/platform/drivers/src/lpspi/lpspi_master_driver.o
 .text.LPSPI_SetIntMode
                0x00004c24       0x58 ./SDK/platform/drivers/src/lpspi/lpspi_master_driver.o
 .text.LPSPI_SetTxDmaCmd
                0x00004c7c       0x28 ./SDK/platform/drivers/src/lpspi/lpspi_master_driver.o
 .text.LPSPI_SetRxDmaCmd
                0x00004ca4       0x2c ./SDK/platform/drivers/src/lpspi/lpspi_master_driver.o
 .text.LPSPI_ClearContCBit
                0x00004cd0       0x20 ./SDK/platform/drivers/src/lpspi/lpspi_master_driver.o
 .text.LPSPI_SetContCBit
                0x00004cf0       0x1c ./SDK/platform/drivers/src/lpspi/lpspi_master_driver.o
 .text.LPSPI_GetClockPrescaler
                0x00004d0c       0x20 ./SDK/platform/drivers/src/lpspi/lpspi_master_driver.o
 .text.LPSPI_SetSamplingPoint
                0x00004d2c       0x34 ./SDK/platform/drivers/src/lpspi/lpspi_master_driver.o
 .text.LPSPI_DRV_MasterInit
                0x00004d60       0xcc ./SDK/platform/drivers/src/lpspi/lpspi_master_driver.o
                0x00004d60                LPSPI_DRV_MasterInit
 .text.LPSPI_DRV_MasterSetDelay
                0x00004e2c      0x184 ./SDK/platform/drivers/src/lpspi/lpspi_master_driver.o
                0x00004e2c                LPSPI_DRV_MasterSetDelay
 .text.LPSPI_DRV_MasterConfigureBus
                0x00004fb0      0x1b8 ./SDK/platform/drivers/src/lpspi/lpspi_master_driver.o
                0x00004fb0                LPSPI_DRV_MasterConfigureBus
 .text.LPSPI_DRV_MasterTransferBlocking
                0x00005168      0x110 ./SDK/platform/drivers/src/lpspi/lpspi_master_driver.o
                0x00005168                LPSPI_DRV_MasterTransferBlocking
 .text.LPSPI_DRV_MasterAbortTransfer
                0x00005278       0x40 ./SDK/platform/drivers/src/lpspi/lpspi_master_driver.o
                0x00005278                LPSPI_DRV_MasterAbortTransfer
 .text.LPSPI_DRV_MasterStartTransfer
                0x000052b8      0x310 ./SDK/platform/drivers/src/lpspi/lpspi_master_driver.o
 .text.LPSPI_DRV_MasterCompleteTransfer
                0x000055c8       0xb8 ./SDK/platform/drivers/src/lpspi/lpspi_master_driver.o
 .text.LPSPI_DRV_MasterCompleteDMATransfer
                0x00005680       0x20 ./SDK/platform/drivers/src/lpspi/lpspi_master_driver.o
 .text.LPSPI_DRV_MasterClearCountinuous
                0x000056a0       0x30 ./SDK/platform/drivers/src/lpspi/lpspi_master_driver.o
 .text.LPSPI_DRV_MasterIRQHandler
                0x000056d0      0x138 ./SDK/platform/drivers/src/lpspi/lpspi_master_driver.o
                0x000056d0                LPSPI_DRV_MasterIRQHandler
 .text.LPSPI0_IRQHandler
                0x00005808       0x10 ./SDK/platform/drivers/src/lpspi/lpspi_irq.o
                0x00005808                LPSPI0_IRQHandler
 .text.LPSPI_IsModuleEnabled
                0x00005818       0x20 ./SDK/platform/drivers/src/lpspi/lpspi_hw_access.o
 .text.LPSPI_IsMaster
                0x00005838       0x20 ./SDK/platform/drivers/src/lpspi/lpspi_hw_access.o
 .text.LPSPI_Init
                0x00005858       0x1c ./SDK/platform/drivers/src/lpspi/lpspi_hw_access.o
                0x00005858                LPSPI_Init
 .text.LPSPI_Disable
                0x00005874       0x3c ./SDK/platform/drivers/src/lpspi/lpspi_hw_access.o
                0x00005874                LPSPI_Disable
 .text.LPSPI_SetMasterSlaveMode
                0x000058b0       0x3c ./SDK/platform/drivers/src/lpspi/lpspi_hw_access.o
                0x000058b0                LPSPI_SetMasterSlaveMode
 .text.LPSPI_GetFifoSizes
                0x000058ec       0x4c ./SDK/platform/drivers/src/lpspi/lpspi_hw_access.o
                0x000058ec                LPSPI_GetFifoSizes
 .text.LPSPI_SetFlushFifoCmd
                0x00005938       0x40 ./SDK/platform/drivers/src/lpspi/lpspi_hw_access.o
                0x00005938                LPSPI_SetFlushFifoCmd
 .text.LPSPI_ClearStatusFlag
                0x00005978       0x64 ./SDK/platform/drivers/src/lpspi/lpspi_hw_access.o
                0x00005978                LPSPI_ClearStatusFlag
 .text.LPSPI_SetPcsPolarityMode
                0x000059dc       0x64 ./SDK/platform/drivers/src/lpspi/lpspi_hw_access.o
                0x000059dc                LPSPI_SetPcsPolarityMode
 .text.LPSPI_SetPinConfigMode
                0x00005a40       0x74 ./SDK/platform/drivers/src/lpspi/lpspi_hw_access.o
                0x00005a40                LPSPI_SetPinConfigMode
 .text.LPSPI_SetBaudRate
                0x00005ab4      0x134 ./SDK/platform/drivers/src/lpspi/lpspi_hw_access.o
                0x00005ab4                LPSPI_SetBaudRate
 .text.LPSPI_SetDelay
                0x00005be8       0x84 ./SDK/platform/drivers/src/lpspi/lpspi_hw_access.o
                0x00005be8                LPSPI_SetDelay
 .text.LPSPI_SetTxCommandReg
                0x00005c6c       0x74 ./SDK/platform/drivers/src/lpspi/lpspi_hw_access.o
                0x00005c6c                LPSPI_SetTxCommandReg
 .text.INT_SYS_InstallHandler
                0x00005ce0       0x50 ./SDK/platform/drivers/src/interrupt/interrupt_manager.o
                0x00005ce0                INT_SYS_InstallHandler
 .text.INT_SYS_EnableIRQ
                0x00005d30       0x34 ./SDK/platform/drivers/src/interrupt/interrupt_manager.o
                0x00005d30                INT_SYS_EnableIRQ
 .text.INT_SYS_DisableIRQ
                0x00005d64       0x38 ./SDK/platform/drivers/src/interrupt/interrupt_manager.o
                0x00005d64                INT_SYS_DisableIRQ
 .text.INT_SYS_EnableIRQGlobal
                0x00005d9c       0x28 ./SDK/platform/drivers/src/interrupt/interrupt_manager.o
                0x00005d9c                INT_SYS_EnableIRQGlobal
 .text.INT_SYS_DisableIRQGlobal
                0x00005dc4       0x18 ./SDK/platform/drivers/src/interrupt/interrupt_manager.o
                0x00005dc4                INT_SYS_DisableIRQGlobal
 .text.DefaultISR
                0x00005ddc        0xc ./SDK/platform/drivers/src/interrupt/interrupt_manager.o
                0x00005ddc                DefaultISR
 .text.FTM_DRV_GetMod
                0x00005de8       0x18 ./SDK/platform/drivers/src/ftm/ftm_ic_driver.o
 .text.FTM_DRV_GetChnCountVal
                0x00005e00       0x28 ./SDK/platform/drivers/src/ftm/ftm_ic_driver.o
 .text.FTM_DRV_SetClockSource
                0x00005e28       0x30 ./SDK/platform/drivers/src/ftm/ftm_ic_driver.o
 .text.FTM_DRV_SetCpwms
                0x00005e58       0x30 ./SDK/platform/drivers/src/ftm/ftm_ic_driver.o
 .text.FTM_DRV_SetMod
                0x00005e88       0x28 ./SDK/platform/drivers/src/ftm/ftm_ic_driver.o
 .text.FTM_DRV_SetCounterInitVal
                0x00005eb0       0x28 ./SDK/platform/drivers/src/ftm/ftm_ic_driver.o
 .text.FTM_DRV_SetChnMSnBAMode
                0x00005ed8       0x84 ./SDK/platform/drivers/src/ftm/ftm_ic_driver.o
 .text.FTM_DRV_SetChnEdgeLevel
                0x00005f5c       0x84 ./SDK/platform/drivers/src/ftm/ftm_ic_driver.o
 .text.FTM_DRV_EnableChnInt
                0x00005fe0       0x34 ./SDK/platform/drivers/src/ftm/ftm_ic_driver.o
 .text.FTM_DRV_ClearChnEventFlag
                0x00006014       0x38 ./SDK/platform/drivers/src/ftm/ftm_ic_driver.o
 .text.FTM_DRV_HasChnEventOccurred
                0x0000604c       0x30 ./SDK/platform/drivers/src/ftm/ftm_ic_driver.o
 .text.FTM_DRV_SetDualChnMofCombineCmd
                0x0000607c       0x58 ./SDK/platform/drivers/src/ftm/ftm_ic_driver.o
 .text.FTM_DRV_SetDualChnDecapCmd
                0x000060d4       0x58 ./SDK/platform/drivers/src/ftm/ftm_ic_driver.o
 .text.FTM_DRV_SetDualEdgeCaptureCmd
                0x0000612c       0x58 ./SDK/platform/drivers/src/ftm/ftm_ic_driver.o
 .text.FTM_DRV_GetDualEdgeCaptureBit
                0x00006184       0x30 ./SDK/platform/drivers/src/ftm/ftm_ic_driver.o
 .text.FTM_DRV_SetDualChnCombineCmd
                0x000061b4       0x58 ./SDK/platform/drivers/src/ftm/ftm_ic_driver.o
 .text.FTM_DRV_InitInputCapture
                0x0000620c      0x3d8 ./SDK/platform/drivers/src/ftm/ftm_ic_driver.o
                0x0000620c                FTM_DRV_InitInputCapture
 .text.FTM_DRV_GetInputCaptureMeasurement
                0x000065e4       0x30 ./SDK/platform/drivers/src/ftm/ftm_ic_driver.o
                0x000065e4                FTM_DRV_GetInputCaptureMeasurement
 .text.FTM0_Ch0_7_IRQHandler
                0x00006614       0xa0 ./SDK/platform/drivers/src/ftm/ftm_ic_driver.o
                0x00006614                FTM0_Ch0_7_IRQHandler
 .text.FTM1_Ch0_7_IRQHandler
                0x000066b4       0xa0 ./SDK/platform/drivers/src/ftm/ftm_ic_driver.o
                0x000066b4                FTM1_Ch0_7_IRQHandler
 .text.FTM_DRV_IrqHandler
                0x00006754       0x3c ./SDK/platform/drivers/src/ftm/ftm_ic_driver.o
 .text.FTM_DRV_InputCaptureHandler
                0x00006790      0x1ac ./SDK/platform/drivers/src/ftm/ftm_ic_driver.o
 .text.FTM_DRV_SetClockPs
                0x0000693c       0x2c ./SDK/platform/drivers/src/ftm/ftm_hw_access.o
 .text.FTM_DRV_Enable
                0x00006968       0x28 ./SDK/platform/drivers/src/ftm/ftm_hw_access.o
 .text.FTM_DRV_InitModule
                0x00006990       0x2c ./SDK/platform/drivers/src/ftm/ftm_hw_access.o
                0x00006990                FTM_DRV_InitModule
 .text.FTM_DRV_Reset
                0x000069bc      0x144 ./SDK/platform/drivers/src/ftm/ftm_hw_access.o
                0x000069bc                FTM_DRV_Reset
 .text.FTM_DRV_SetChnInputCaptureFilter
                0x00006b00       0xac ./SDK/platform/drivers/src/ftm/ftm_hw_access.o
                0x00006b00                FTM_DRV_SetChnInputCaptureFilter
 .text.FTM_DRV_GetClockPs
                0x00006bac       0x1c ./SDK/platform/drivers/src/ftm/ftm_common.o
 .text.FTM_DRV_SetTimerOverflowInt
                0x00006bc8       0x34 ./SDK/platform/drivers/src/ftm/ftm_common.o
 .text.FTM_DRV_IsOverflowIntEnabled
                0x00006bfc       0x24 ./SDK/platform/drivers/src/ftm/ftm_common.o
 .text.FTM_DRV_HasTimerOverflowed
                0x00006c20       0x24 ./SDK/platform/drivers/src/ftm/ftm_common.o
 .text.FTM_DRV_GetReloadFlag
                0x00006c44       0x20 ./SDK/platform/drivers/src/ftm/ftm_common.o
 .text.FTM_DRV_IsReloadIntEnabled
                0x00006c64       0x20 ./SDK/platform/drivers/src/ftm/ftm_common.o
 .text.FTM_DRV_IsChnIntEnabled
                0x00006c84       0x30 ./SDK/platform/drivers/src/ftm/ftm_common.o
 .text.FTM_DRV_HasChnEventOccurred
                0x00006cb4       0x30 ./SDK/platform/drivers/src/ftm/ftm_common.o
 .text.FTM_DRV_IsFaultIntEnabled
                0x00006ce4       0x20 ./SDK/platform/drivers/src/ftm/ftm_common.o
 .text.FTM_DRV_GetDetectedFaultInput
                0x00006d04       0x20 ./SDK/platform/drivers/src/ftm/ftm_common.o
 .text.FTM_DRV_SetHardwareSyncTriggerSrc
                0x00006d24       0x54 ./SDK/platform/drivers/src/ftm/ftm_common.o
 .text.FTM_DRV_SetOutmaskPwmSyncModeCmd
                0x00006d78       0x30 ./SDK/platform/drivers/src/ftm/ftm_common.o
 .text.FTM_DRV_SetMaxLoadingCmd
                0x00006da8       0x30 ./SDK/platform/drivers/src/ftm/ftm_common.o
 .text.FTM_DRV_SetMinLoadingCmd
                0x00006dd8       0x28 ./SDK/platform/drivers/src/ftm/ftm_common.o
 .text.FTM_DRV_SetInitTriggerCmd
                0x00006e00       0x30 ./SDK/platform/drivers/src/ftm/ftm_common.o
 .text.FTM_DRV_IsChnTriggerGenerated
                0x00006e30       0x20 ./SDK/platform/drivers/src/ftm/ftm_common.o
 .text.FTM_DRV_SetBdmMode
                0x00006e50       0x34 ./SDK/platform/drivers/src/ftm/ftm_common.o
 .text.FTM_DRV_SetSwoctrlHardwareSyncModeCmd
                0x00006e84       0x38 ./SDK/platform/drivers/src/ftm/ftm_common.o
 .text.FTM_DRV_SetInvctrlHardwareSyncModeCmd
                0x00006ebc       0x38 ./SDK/platform/drivers/src/ftm/ftm_common.o
 .text.FTM_DRV_SetOutmaskHardwareSyncModeCmd
                0x00006ef4       0x38 ./SDK/platform/drivers/src/ftm/ftm_common.o
 .text.FTM_DRV_SetModCntinCvHardwareSyncModeCmd
                0x00006f2c       0x38 ./SDK/platform/drivers/src/ftm/ftm_common.o
 .text.FTM_DRV_SetCounterHardwareSyncModeCmd
                0x00006f64       0x38 ./SDK/platform/drivers/src/ftm/ftm_common.o
 .text.FTM_DRV_SetSwoctrlSoftwareSyncModeCmd
                0x00006f9c       0x38 ./SDK/platform/drivers/src/ftm/ftm_common.o
 .text.FTM_DRV_SetInvctrlSoftwareSyncModeCmd
                0x00006fd4       0x38 ./SDK/platform/drivers/src/ftm/ftm_common.o
 .text.FTM_DRV_SetOutmaskSoftwareSyncModeCmd
                0x0000700c       0x38 ./SDK/platform/drivers/src/ftm/ftm_common.o
 .text.FTM_DRV_SetModCntinCvSoftwareSyncModeCmd
                0x00007044       0x38 ./SDK/platform/drivers/src/ftm/ftm_common.o
 .text.FTM_DRV_SetHwTriggerSyncModeCmd
                0x0000707c       0x2c ./SDK/platform/drivers/src/ftm/ftm_common.o
 .text.FTM_DRV_SetCounterSoftwareSyncModeCmd
                0x000070a8       0x38 ./SDK/platform/drivers/src/ftm/ftm_common.o
 .text.FTM_DRV_SetPwmSyncModeCmd
                0x000070e0       0x34 ./SDK/platform/drivers/src/ftm/ftm_common.o
 .text.FTM_DRV_SetSwoctrlPwmSyncModeCmd
                0x00007114       0x34 ./SDK/platform/drivers/src/ftm/ftm_common.o
 .text.FTM_DRV_SetInvctrlPwmSyncModeCmd
                0x00007148       0x34 ./SDK/platform/drivers/src/ftm/ftm_common.o
 .text.FTM_DRV_SetCntinPwmSyncModeCmd
                0x0000717c       0x34 ./SDK/platform/drivers/src/ftm/ftm_common.o
 .text.FTM_DRV_Init
                0x000071b0      0x18c ./SDK/platform/drivers/src/ftm/ftm_common.o
                0x000071b0                FTM_DRV_Init
 .text.FTM_DRV_SetSync
                0x0000733c      0x1bc ./SDK/platform/drivers/src/ftm/ftm_common.o
                0x0000733c                FTM_DRV_SetSync
 .text.FTM_DRV_GetEnabledInterrupts
                0x000074f8       0xb0 ./SDK/platform/drivers/src/ftm/ftm_common.o
                0x000074f8                FTM_DRV_GetEnabledInterrupts
 .text.FTM_DRV_GetStatusFlags
                0x000075a8       0xcc ./SDK/platform/drivers/src/ftm/ftm_common.o
                0x000075a8                FTM_DRV_GetStatusFlags
 .text.FTM_DRV_GetFrequency
                0x00007674      0x108 ./SDK/platform/drivers/src/ftm/ftm_common.o
                0x00007674                FTM_DRV_GetFrequency
 .text.CAN0_ORed_Err_Wakeup_IRQHandler
                0x0000777c       0x10 ./SDK/platform/drivers/src/flexcan/flexcan_irq.o
                0x0000777c                CAN0_ORed_Err_Wakeup_IRQHandler
 .text.CAN0_ORed_0_31_MB_IRQHandler
                0x0000778c       0x10 ./SDK/platform/drivers/src/flexcan/flexcan_irq.o
                0x0000778c                CAN0_ORed_0_31_MB_IRQHandler
 .text.FLEXCAN_IsFDEnabled
                0x0000779c       0x24 ./SDK/platform/drivers/src/flexcan/flexcan_hw_access.o
 .text.FLEXCAN_IsRxFifoEnabled
                0x000077c0       0x24 ./SDK/platform/drivers/src/flexcan/flexcan_hw_access.o
 .text.RxFifoOcuppiedLastMsgBuff
                0x000077e4       0x1c ./SDK/platform/drivers/src/flexcan/flexcan_hw_access.o
 .text.FLEXCAN_GetMsgBuffRegion
                0x00007800       0xa0 ./SDK/platform/drivers/src/flexcan/flexcan_hw_access.o
 .text.FLEXCAN_ComputeDLCValue
                0x000078a0       0xec ./SDK/platform/drivers/src/flexcan/flexcan_hw_access.o
 .text.FLEXCAN_ComputePayloadSize
                0x0000798c       0x98 ./SDK/platform/drivers/src/flexcan/flexcan_hw_access.o
 .text.FLEXCAN_GetMaxMbNum
                0x00007a24       0x5c ./SDK/platform/drivers/src/flexcan/flexcan_hw_access.o
 .text.FLEXCAN_ClearRAM
                0x00007a80       0x7c ./SDK/platform/drivers/src/flexcan/flexcan_hw_access.o
 .text.FLEXCAN_Enable
                0x00007afc       0x5c ./SDK/platform/drivers/src/flexcan/flexcan_hw_access.o
                0x00007afc                FLEXCAN_Enable
 .text.FLEXCAN_Disable
                0x00007b58       0x34 ./SDK/platform/drivers/src/flexcan/flexcan_hw_access.o
                0x00007b58                FLEXCAN_Disable
 .text.FLEXCAN_Init
                0x00007b8c       0x58 ./SDK/platform/drivers/src/flexcan/flexcan_hw_access.o
                0x00007b8c                FLEXCAN_Init
 .text.FLEXCAN_SetTxMsgBuff
                0x00007be4      0x2a8 ./SDK/platform/drivers/src/flexcan/flexcan_hw_access.o
                0x00007be4                FLEXCAN_SetTxMsgBuff
 .text.FLEXCAN_SetRxMsgBuff
                0x00007e8c      0x154 ./SDK/platform/drivers/src/flexcan/flexcan_hw_access.o
                0x00007e8c                FLEXCAN_SetRxMsgBuff
 .text.FLEXCAN_GetMsgBuff
                0x00007fe0      0x19c ./SDK/platform/drivers/src/flexcan/flexcan_hw_access.o
                0x00007fe0                FLEXCAN_GetMsgBuff
 .text.FLEXCAN_LockRxMsgBuff
                0x0000817c       0x58 ./SDK/platform/drivers/src/flexcan/flexcan_hw_access.o
                0x0000817c                FLEXCAN_LockRxMsgBuff
 .text.FLEXCAN_EnableRxFifo
                0x000081d4       0x98 ./SDK/platform/drivers/src/flexcan/flexcan_hw_access.o
                0x000081d4                FLEXCAN_EnableRxFifo
 .text.FLEXCAN_SetMaxMsgBuffNum
                0x0000826c      0x114 ./SDK/platform/drivers/src/flexcan/flexcan_hw_access.o
                0x0000826c                FLEXCAN_SetMaxMsgBuffNum
 .text.FLEXCAN_SetRxFifoFilter
                0x00008380      0x2f8 ./SDK/platform/drivers/src/flexcan/flexcan_hw_access.o
                0x00008380                FLEXCAN_SetRxFifoFilter
 .text.FLEXCAN_SetMsgBuffIntCmd
                0x00008678       0x80 ./SDK/platform/drivers/src/flexcan/flexcan_hw_access.o
                0x00008678                FLEXCAN_SetMsgBuffIntCmd
 .text.FLEXCAN_SetErrIntCmd
                0x000086f8       0x70 ./SDK/platform/drivers/src/flexcan/flexcan_hw_access.o
                0x000086f8                FLEXCAN_SetErrIntCmd
 .text.FLEXCAN_ExitFreezeMode
                0x00008768       0x40 ./SDK/platform/drivers/src/flexcan/flexcan_hw_access.o
                0x00008768                FLEXCAN_ExitFreezeMode
 .text.FLEXCAN_EnterFreezeMode
                0x000087a8       0x3c ./SDK/platform/drivers/src/flexcan/flexcan_hw_access.o
                0x000087a8                FLEXCAN_EnterFreezeMode
 .text.FLEXCAN_ClearErrIntStatusFlag
                0x000087e4       0x20 ./SDK/platform/drivers/src/flexcan/flexcan_hw_access.o
                0x000087e4                FLEXCAN_ClearErrIntStatusFlag
 .text.FLEXCAN_ReadRxFifo
                0x00008804       0xb8 ./SDK/platform/drivers/src/flexcan/flexcan_hw_access.o
                0x00008804                FLEXCAN_ReadRxFifo
 .text.FLEXCAN_SetOperationMode
                0x000088bc       0xb0 ./SDK/platform/drivers/src/flexcan/flexcan_hw_access.o
                0x000088bc                FLEXCAN_SetOperationMode
 .text.FLEXCAN_SetPayloadSize
                0x0000896c       0x4c ./SDK/platform/drivers/src/flexcan/flexcan_hw_access.o
                0x0000896c                FLEXCAN_SetPayloadSize
 .text.FLEXCAN_GetPayloadSize
                0x000089b8       0x4c ./SDK/platform/drivers/src/flexcan/flexcan_hw_access.o
                0x000089b8                FLEXCAN_GetPayloadSize
 .text.FLEXCAN_SelectClock
                0x00008a04       0x34 ./SDK/platform/drivers/src/flexcan/flexcan_driver.o
 .text.FLEXCAN_SetTimeSegments
                0x00008a38       0x64 ./SDK/platform/drivers/src/flexcan/flexcan_driver.o
 .text.FLEXCAN_SetExtendedTimeSegments
                0x00008a9c       0x68 ./SDK/platform/drivers/src/flexcan/flexcan_driver.o
 .text.FLEXCAN_SetFDTimeSegments
                0x00008b04       0x78 ./SDK/platform/drivers/src/flexcan/flexcan_driver.o
 .text.FLEXCAN_SetFDEnabled
                0x00008b7c       0x50 ./SDK/platform/drivers/src/flexcan/flexcan_driver.o
 .text.FLEXCAN_IsFDEnabled
                0x00008bcc       0x24 ./SDK/platform/drivers/src/flexcan/flexcan_driver.o
 .text.FLEXCAN_UnlockRxMsgBuff
                0x00008bf0       0x14 ./SDK/platform/drivers/src/flexcan/flexcan_driver.o
 .text.FLEXCAN_IsRxFifoEnabled
                0x00008c04       0x24 ./SDK/platform/drivers/src/flexcan/flexcan_driver.o
 .text.FLEXCAN_GetMsgBuffIntStatusFlag
                0x00008c28       0x4c ./SDK/platform/drivers/src/flexcan/flexcan_driver.o
 .text.FLEXCAN_ClearMsgBuffIntStatusFlag
                0x00008c74       0x2c ./SDK/platform/drivers/src/flexcan/flexcan_driver.o
 .text.FLEXCAN_SetStuffBitCount
                0x00008ca0       0x38 ./SDK/platform/drivers/src/flexcan/flexcan_driver.o
 .text.FLEXCAN_SetSelfReception
                0x00008cd8       0x38 ./SDK/platform/drivers/src/flexcan/flexcan_driver.o
 .text.FLEXCAN_SetRxFifoDMA
                0x00008d10       0x38 ./SDK/platform/drivers/src/flexcan/flexcan_driver.o
 .text.FLEXCAN_IsPNEnabled
                0x00008d48       0x24 ./SDK/platform/drivers/src/flexcan/flexcan_driver.o
 .text.FLEXCAN_GetWTOF
                0x00008d6c       0x24 ./SDK/platform/drivers/src/flexcan/flexcan_driver.o
 .text.FLEXCAN_ClearWTOF
                0x00008d90       0x24 ./SDK/platform/drivers/src/flexcan/flexcan_driver.o
 .text.FLEXCAN_GetWUMF
                0x00008db4       0x24 ./SDK/platform/drivers/src/flexcan/flexcan_driver.o
 .text.FLEXCAN_ClearWUMF
                0x00008dd8       0x24 ./SDK/platform/drivers/src/flexcan/flexcan_driver.o
 .text.FLEXCAN_DRV_Init
                0x00008dfc      0x2b8 ./SDK/platform/drivers/src/flexcan/flexcan_driver.o
                0x00008dfc                FLEXCAN_DRV_Init
 .text.FLEXCAN_DRV_ConfigTxMb
                0x000090b4       0x74 ./SDK/platform/drivers/src/flexcan/flexcan_driver.o
                0x000090b4                FLEXCAN_DRV_ConfigTxMb
 .text.FLEXCAN_DRV_ConfigRxMb
                0x00009128       0xcc ./SDK/platform/drivers/src/flexcan/flexcan_driver.o
                0x00009128                FLEXCAN_DRV_ConfigRxMb
 .text.FLEXCAN_DRV_ConfigRxFifo
                0x000091f4       0x44 ./SDK/platform/drivers/src/flexcan/flexcan_driver.o
                0x000091f4                FLEXCAN_DRV_ConfigRxFifo
 .text.FLEXCAN_DRV_Receive
                0x00009238       0x40 ./SDK/platform/drivers/src/flexcan/flexcan_driver.o
                0x00009238                FLEXCAN_DRV_Receive
 .text.FLEXCAN_DRV_RxFifo
                0x00009278       0x34 ./SDK/platform/drivers/src/flexcan/flexcan_driver.o
                0x00009278                FLEXCAN_DRV_RxFifo
 .text.FLEXCAN_IRQHandler
                0x000092ac      0x278 ./SDK/platform/drivers/src/flexcan/flexcan_driver.o
                0x000092ac                FLEXCAN_IRQHandler
 .text.FLEXCAN_WakeUpHandler
                0x00009524       0x98 ./SDK/platform/drivers/src/flexcan/flexcan_driver.o
                0x00009524                FLEXCAN_WakeUpHandler
 .text.FLEXCAN_StartRxMessageBufferData
                0x000095bc       0xd0 ./SDK/platform/drivers/src/flexcan/flexcan_driver.o
 .text.FLEXCAN_StartRxMessageFifoData
                0x0000968c      0x15c ./SDK/platform/drivers/src/flexcan/flexcan_driver.o
 .text.FLEXCAN_CompleteTransfer
                0x000097e8       0x74 ./SDK/platform/drivers/src/flexcan/flexcan_driver.o
 .text.FLEXCAN_CompleteRxFifoDataDMA
                0x0000985c       0x24 ./SDK/platform/drivers/src/flexcan/flexcan_driver.o
 .text.FLEXCAN_CompleteRxMessageFifoData
                0x00009880       0xe8 ./SDK/platform/drivers/src/flexcan/flexcan_driver.o
 .text.FLEXCAN_DRV_InstallEventCallback
                0x00009968       0x40 ./SDK/platform/drivers/src/flexcan/flexcan_driver.o
                0x00009968                FLEXCAN_DRV_InstallEventCallback
 .text.EDMA_GetErrorIntStatusFlag
                0x000099a8       0x14 ./SDK/platform/drivers/src/edma/edma_irq.o
 .text.DMA0_IRQHandler
                0x000099bc       0x10 ./SDK/platform/drivers/src/edma/edma_irq.o
                0x000099bc                DMA0_IRQHandler
 .text.DMA1_IRQHandler
                0x000099cc       0x10 ./SDK/platform/drivers/src/edma/edma_irq.o
                0x000099cc                DMA1_IRQHandler
 .text.DMA2_IRQHandler
                0x000099dc       0x10 ./SDK/platform/drivers/src/edma/edma_irq.o
                0x000099dc                DMA2_IRQHandler
 .text.DMA3_IRQHandler
                0x000099ec       0x10 ./SDK/platform/drivers/src/edma/edma_irq.o
                0x000099ec                DMA3_IRQHandler
 .text.DMA_Error_IRQHandler
                0x000099fc       0x68 ./SDK/platform/drivers/src/edma/edma_irq.o
                0x000099fc                DMA_Error_IRQHandler
 .text.EDMA_SetDmaRequestCmd
                0x00009a64       0x38 ./SDK/platform/drivers/src/edma/edma_hw_access.o
                0x00009a64                EDMA_SetDmaRequestCmd
 .text.EDMA_TCDClearReg
                0x00009a9c       0xe0 ./SDK/platform/drivers/src/edma/edma_hw_access.o
                0x00009a9c                EDMA_TCDClearReg
 .text.EDMA_TCDSetAttribute
                0x00009b7c       0x90 ./SDK/platform/drivers/src/edma/edma_hw_access.o
                0x00009b7c                EDMA_TCDSetAttribute
 .text.EDMA_TCDSetNbytes
                0x00009c0c       0xe8 ./SDK/platform/drivers/src/edma/edma_hw_access.o
                0x00009c0c                EDMA_TCDSetNbytes
 .text.EDMA_TCDSetMajorCount
                0x00009cf4      0x1b0 ./SDK/platform/drivers/src/edma/edma_hw_access.o
                0x00009cf4                EDMA_TCDSetMajorCount
 .text.EDMA_SetHaltCmd
                0x00009ea4       0x3c ./SDK/platform/drivers/src/edma/edma_driver.o
 .text.EDMA_ClearErrorIntStatusFlag
                0x00009ee0       0x1c ./SDK/platform/drivers/src/edma/edma_driver.o
 .text.EDMA_ClearDoneStatusFlag
                0x00009efc       0x1c ./SDK/platform/drivers/src/edma/edma_driver.o
 .text.EDMA_ClearIntStatusFlag
                0x00009f18       0x1c ./SDK/platform/drivers/src/edma/edma_driver.o
 .text.EDMA_TCDSetSrcAddr
                0x00009f34       0x28 ./SDK/platform/drivers/src/edma/edma_driver.o
 .text.EDMA_TCDSetSrcOffset
                0x00009f5c       0x34 ./SDK/platform/drivers/src/edma/edma_driver.o
 .text.EDMA_TCDSetDestAddr
                0x00009f90       0x30 ./SDK/platform/drivers/src/edma/edma_driver.o
 .text.EDMA_TCDSetDestOffset
                0x00009fc0       0x38 ./SDK/platform/drivers/src/edma/edma_driver.o
 .text.EDMA_TCDSetDisableDmaRequestAfterTCDDoneCmd
                0x00009ff8       0x7c ./SDK/platform/drivers/src/edma/edma_driver.o
 .text.EDMA_TCDSetMajorCompleteIntCmd
                0x0000a074       0x7c ./SDK/platform/drivers/src/edma/edma_driver.o
 .text.EDMA_DRV_InstallCallback
                0x0000a0f0       0x44 ./SDK/platform/drivers/src/edma/edma_driver.o
                0x0000a0f0                EDMA_DRV_InstallCallback
 .text.EDMA_DRV_ClearIntStatus
                0x0000a134       0x54 ./SDK/platform/drivers/src/edma/edma_driver.o
 .text.EDMA_DRV_IRQHandler
                0x0000a188       0x50 ./SDK/platform/drivers/src/edma/edma_driver.o
                0x0000a188                EDMA_DRV_IRQHandler
 .text.EDMA_DRV_ErrorIRQHandler
                0x0000a1d8       0xa4 ./SDK/platform/drivers/src/edma/edma_driver.o
                0x0000a1d8                EDMA_DRV_ErrorIRQHandler
 .text.EDMA_DRV_ConfigSingleBlockTransfer
                0x0000a27c      0x208 ./SDK/platform/drivers/src/edma/edma_driver.o
                0x0000a27c                EDMA_DRV_ConfigSingleBlockTransfer
 .text.EDMA_DRV_ConfigMultiBlockTransfer
                0x0000a484       0xb8 ./SDK/platform/drivers/src/edma/edma_driver.o
                0x0000a484                EDMA_DRV_ConfigMultiBlockTransfer
 .text.EDMA_DRV_StartChannel
                0x0000a53c       0x4c ./SDK/platform/drivers/src/edma/edma_driver.o
                0x0000a53c                EDMA_DRV_StartChannel
 .text.EDMA_DRV_StopChannel
                0x0000a588       0x4c ./SDK/platform/drivers/src/edma/edma_driver.o
                0x0000a588                EDMA_DRV_StopChannel
 .text.EDMA_DRV_GetDmaRegBaseAddr
                0x0000a5d4       0x18 ./SDK/platform/drivers/src/edma/edma_driver.o
                0x0000a5d4                EDMA_DRV_GetDmaRegBaseAddr
 .text.CLOCK_SYS_Init
                0x0000a5ec       0x58 ./SDK/platform/drivers/src/clock/clock_manager.o
                0x0000a5ec                CLOCK_SYS_Init
 .text.CLOCK_SYS_UpdateConfiguration
                0x0000a644      0x200 ./SDK/platform/drivers/src/clock/clock_manager.o
                0x0000a644                CLOCK_SYS_UpdateConfiguration
 .text.SIM_GetRtcClkSrc
                0x0000a844       0x1c ./SDK/platform/drivers/src/clock/S32K1xx/clock_S32K1xx.o
 .text.SIM_SetLpoClocks
                0x0000a860       0x80 ./SDK/platform/drivers/src/clock/S32K1xx/clock_S32K1xx.o
 .text.SIM_SetEimClockGate
                0x0000a8e0       0x3c ./SDK/platform/drivers/src/clock/S32K1xx/clock_S32K1xx.o
 .text.SIM_GetEimClockGate
                0x0000a91c       0x28 ./SDK/platform/drivers/src/clock/S32K1xx/clock_S32K1xx.o
 .text.SIM_SetErmClockGate
                0x0000a944       0x3c ./SDK/platform/drivers/src/clock/S32K1xx/clock_S32K1xx.o
 .text.SIM_GetErmClockGate
                0x0000a980       0x28 ./SDK/platform/drivers/src/clock/S32K1xx/clock_S32K1xx.o
 .text.SIM_SetDmaClockGate
                0x0000a9a8       0x3c ./SDK/platform/drivers/src/clock/S32K1xx/clock_S32K1xx.o
 .text.SIM_GetDmaClockGate
                0x0000a9e4       0x28 ./SDK/platform/drivers/src/clock/S32K1xx/clock_S32K1xx.o
 .text.SIM_SetMpuClockGate
                0x0000aa0c       0x3c ./SDK/platform/drivers/src/clock/S32K1xx/clock_S32K1xx.o
 .text.SIM_GetMpuClockGate
                0x0000aa48       0x28 ./SDK/platform/drivers/src/clock/S32K1xx/clock_S32K1xx.o
 .text.SIM_SetMscmClockGate
                0x0000aa70       0x3c ./SDK/platform/drivers/src/clock/S32K1xx/clock_S32K1xx.o
 .text.SIM_GetMscmClockGate
                0x0000aaac       0x28 ./SDK/platform/drivers/src/clock/S32K1xx/clock_S32K1xx.o
 .text.SIM_GetFtm0ExternalClkPinMode
                0x0000aad4       0x1c ./SDK/platform/drivers/src/clock/S32K1xx/clock_S32K1xx.o
 .text.SIM_GetFtm1ExternalClkPinMode
                0x0000aaf0       0x1c ./SDK/platform/drivers/src/clock/S32K1xx/clock_S32K1xx.o
 .text.SIM_GetLpo32KStatus
                0x0000ab0c       0x20 ./SDK/platform/drivers/src/clock/S32K1xx/clock_S32K1xx.o
 .text.SIM_GetLpo1KStatus
                0x0000ab2c       0x20 ./SDK/platform/drivers/src/clock/S32K1xx/clock_S32K1xx.o
 .text.SIM_GetLpoClkSelectorValue
                0x0000ab4c       0x1c ./SDK/platform/drivers/src/clock/S32K1xx/clock_S32K1xx.o
 .text.SIM_GetClockoutStatus
                0x0000ab68       0x24 ./SDK/platform/drivers/src/clock/S32K1xx/clock_S32K1xx.o
 .text.SIM_GetClockoutDividerValue
                0x0000ab8c       0x1c ./SDK/platform/drivers/src/clock/S32K1xx/clock_S32K1xx.o
 .text.SIM_GetClockoutSelectorValue
                0x0000aba8       0x1c ./SDK/platform/drivers/src/clock/S32K1xx/clock_S32K1xx.o
 .text.SIM_SetClockout
                0x0000abc4       0x68 ./SDK/platform/drivers/src/clock/S32K1xx/clock_S32K1xx.o
 .text.SIM_SetTraceClockSource
                0x0000ac2c       0x38 ./SDK/platform/drivers/src/clock/S32K1xx/clock_S32K1xx.o
 .text.SIM_ClearTraceClockConfig
                0x0000ac64       0x18 ./SDK/platform/drivers/src/clock/S32K1xx/clock_S32K1xx.o
 .text.SIM_SetTraceClockConfig
                0x0000ac7c       0x44 ./SDK/platform/drivers/src/clock/S32K1xx/clock_S32K1xx.o
 .text.SCG_GetClockoutSourceSel
                0x0000acc0       0x1c ./SDK/platform/drivers/src/clock/S32K1xx/clock_S32K1xx.o
 .text.SCG_GetCurrentSystemClockSource
                0x0000acdc       0x1c ./SDK/platform/drivers/src/clock/S32K1xx/clock_S32K1xx.o
 .text.SCG_GetCurrentCoreClockDividerRatio
                0x0000acf8       0x1c ./SDK/platform/drivers/src/clock/S32K1xx/clock_S32K1xx.o
 .text.SCG_GetCurrentBusClockDividerRatio
                0x0000ad14       0x1c ./SDK/platform/drivers/src/clock/S32K1xx/clock_S32K1xx.o
 .text.SCG_GetCurrentSlowClockDividerRatio
                0x0000ad30       0x18 ./SDK/platform/drivers/src/clock/S32K1xx/clock_S32K1xx.o
 .text.SCG_SetRunClockControl
                0x0000ad48       0x44 ./SDK/platform/drivers/src/clock/S32K1xx/clock_S32K1xx.o
 .text.SCG_SetVlprClockControl
                0x0000ad8c       0x44 ./SDK/platform/drivers/src/clock/S32K1xx/clock_S32K1xx.o
 .text.SCG_GetFircFirstAsyncDivider
                0x0000add0       0x1c ./SDK/platform/drivers/src/clock/S32K1xx/clock_S32K1xx.o
 .text.SCG_GetFircSecondAsyncDivider
                0x0000adec       0x20 ./SDK/platform/drivers/src/clock/S32K1xx/clock_S32K1xx.o
 .text.SCG_SetFircAsyncConfig
                0x0000ae0c       0x30 ./SDK/platform/drivers/src/clock/S32K1xx/clock_S32K1xx.o
 .text.SCG_GetSircFirstAsyncDivider
                0x0000ae3c       0x1c ./SDK/platform/drivers/src/clock/S32K1xx/clock_S32K1xx.o
 .text.SCG_GetSircSecondAsyncDivider
                0x0000ae58       0x20 ./SDK/platform/drivers/src/clock/S32K1xx/clock_S32K1xx.o
 .text.SCG_SetSircAsyncConfig
                0x0000ae78       0x30 ./SDK/platform/drivers/src/clock/S32K1xx/clock_S32K1xx.o
 .text.SCG_GetSoscFirstAsyncDivider
                0x0000aea8       0x1c ./SDK/platform/drivers/src/clock/S32K1xx/clock_S32K1xx.o
 .text.SCG_GetSoscSecondAsyncDivider
                0x0000aec4       0x20 ./SDK/platform/drivers/src/clock/S32K1xx/clock_S32K1xx.o
 .text.SCG_SetSoscAsyncConfig
                0x0000aee4       0x30 ./SDK/platform/drivers/src/clock/S32K1xx/clock_S32K1xx.o
 .text.SCG_SetClockoutSourceSel
                0x0000af14       0x38 ./SDK/platform/drivers/src/clock/S32K1xx/clock_S32K1xx.o
 .text.SCG_GetSircSystemClockMode
                0x0000af4c       0x30 ./SDK/platform/drivers/src/clock/S32K1xx/clock_S32K1xx.o
 .text.SCG_GetSircStatus
                0x0000af7c       0x28 ./SDK/platform/drivers/src/clock/S32K1xx/clock_S32K1xx.o
 .text.SCG_GetSircRange
                0x0000afa4       0x1c ./SDK/platform/drivers/src/clock/S32K1xx/clock_S32K1xx.o
 .text.SCG_ClearSircLock
                0x0000afc0       0x28 ./SDK/platform/drivers/src/clock/S32K1xx/clock_S32K1xx.o
 .text.SCG_ClearSircControl
                0x0000afe8       0x18 ./SDK/platform/drivers/src/clock/S32K1xx/clock_S32K1xx.o
 .text.SCG_SetSircConfiguration
                0x0000b000       0x28 ./SDK/platform/drivers/src/clock/S32K1xx/clock_S32K1xx.o
 .text.SCG_SetSircControl
                0x0000b028       0x64 ./SDK/platform/drivers/src/clock/S32K1xx/clock_S32K1xx.o
 .text.SCG_GetFircSystemClockMode
                0x0000b08c       0x30 ./SDK/platform/drivers/src/clock/S32K1xx/clock_S32K1xx.o
 .text.SCG_GetFircStatus
                0x0000b0bc       0x28 ./SDK/platform/drivers/src/clock/S32K1xx/clock_S32K1xx.o
 .text.SCG_GetFircRange
                0x0000b0e4       0x1c ./SDK/platform/drivers/src/clock/S32K1xx/clock_S32K1xx.o
 .text.SCG_ClearFircLock
                0x0000b100       0x28 ./SDK/platform/drivers/src/clock/S32K1xx/clock_S32K1xx.o
 .text.SCG_ClearFircControl
                0x0000b128       0x1c ./SDK/platform/drivers/src/clock/S32K1xx/clock_S32K1xx.o
 .text.SCG_SetFircConfiguration
                0x0000b144       0x28 ./SDK/platform/drivers/src/clock/S32K1xx/clock_S32K1xx.o
 .text.SCG_SetFircControl
                0x0000b16c       0x4c ./SDK/platform/drivers/src/clock/S32K1xx/clock_S32K1xx.o
 .text.SCG_GetSoscSystemClockMode
                0x0000b1b8       0x30 ./SDK/platform/drivers/src/clock/S32K1xx/clock_S32K1xx.o
 .text.SCG_GetSoscStatus
                0x0000b1e8       0x28 ./SDK/platform/drivers/src/clock/S32K1xx/clock_S32K1xx.o
 .text.SCG_ClearSoscLock
                0x0000b210       0x28 ./SDK/platform/drivers/src/clock/S32K1xx/clock_S32K1xx.o
 .text.SCG_ClearSoscControl
                0x0000b238       0x1c ./SDK/platform/drivers/src/clock/S32K1xx/clock_S32K1xx.o
 .text.SCG_SetSoscConfiguration
                0x0000b254       0x3c ./SDK/platform/drivers/src/clock/S32K1xx/clock_S32K1xx.o
 .text.SCG_SetSoscControl
                0x0000b290       0x68 ./SDK/platform/drivers/src/clock/S32K1xx/clock_S32K1xx.o
 .text.PCC_SetPeripheralClockControl
                0x0000b2f8       0x70 ./SDK/platform/drivers/src/clock/S32K1xx/clock_S32K1xx.o
 .text.PCC_SetClockMode
                0x0000b368       0x88 ./SDK/platform/drivers/src/clock/S32K1xx/clock_S32K1xx.o
 .text.PCC_GetClockMode
                0x0000b3f0       0x44 ./SDK/platform/drivers/src/clock/S32K1xx/clock_S32K1xx.o
 .text.PCC_GetClockSourceSel
                0x0000b434       0x34 ./SDK/platform/drivers/src/clock/S32K1xx/clock_S32K1xx.o
 .text.PCC_GetFracValueSel
                0x0000b468       0x34 ./SDK/platform/drivers/src/clock/S32K1xx/clock_S32K1xx.o
 .text.PCC_GetDividerSel
                0x0000b49c       0x30 ./SDK/platform/drivers/src/clock/S32K1xx/clock_S32K1xx.o
 .text.PMC_SetLpoMode
                0x0000b4cc       0x54 ./SDK/platform/drivers/src/clock/S32K1xx/clock_S32K1xx.o
 .text.PMC_GetLpoMode
                0x0000b520       0x34 ./SDK/platform/drivers/src/clock/S32K1xx/clock_S32K1xx.o
 .text.PMC_SetLpoTrimValue
                0x0000b554       0x94 ./SDK/platform/drivers/src/clock/S32K1xx/clock_S32K1xx.o
 .text.SMC_GetCurrentRunningMode
                0x0000b5e8       0x18 ./SDK/platform/drivers/src/clock/S32K1xx/clock_S32K1xx.o
 .text.CLOCK_SYS_SetConfiguration
                0x0000b600       0x80 ./SDK/platform/drivers/src/clock/S32K1xx/clock_S32K1xx.o
                0x0000b600                CLOCK_SYS_SetConfiguration
 .text.CLOCK_SYS_SetScgConfiguration
                0x0000b680       0xc8 ./SDK/platform/drivers/src/clock/S32K1xx/clock_S32K1xx.o
 .text.CLOCK_SYS_SetPccConfiguration
                0x0000b748       0xb8 ./SDK/platform/drivers/src/clock/S32K1xx/clock_S32K1xx.o
 .text.CLOCK_SYS_SetSimConfiguration
                0x0000b800      0x160 ./SDK/platform/drivers/src/clock/S32K1xx/clock_S32K1xx.o
 .text.CLOCK_SYS_SetPmcConfiguration
                0x0000b960       0x38 ./SDK/platform/drivers/src/clock/S32K1xx/clock_S32K1xx.o
 .text.CLOCK_SYS_GetDefaultConfiguration
                0x0000b998      0x228 ./SDK/platform/drivers/src/clock/S32K1xx/clock_S32K1xx.o
 .text.CLOCK_SYS_GetScgClockFreq
                0x0000bbc0      0x10c ./SDK/platform/drivers/src/clock/S32K1xx/clock_S32K1xx.o
 .text.CLOCK_SYS_GetSimClockFreq
                0x0000bccc      0x1e8 ./SDK/platform/drivers/src/clock/S32K1xx/clock_S32K1xx.o
 .text.CLOCK_SYS_GetPccClockFreq
                0x0000beb4      0x184 ./SDK/platform/drivers/src/clock/S32K1xx/clock_S32K1xx.o
 .text.CLOCK_SYS_GetFreq
                0x0000c038       0x84 ./SDK/platform/drivers/src/clock/S32K1xx/clock_S32K1xx.o
                0x0000c038                CLOCK_SYS_GetFreq
 .text.CLOCK_SYS_GetPeripheralClock
                0x0000c0bc       0xd4 ./SDK/platform/drivers/src/clock/S32K1xx/clock_S32K1xx.o
 .text.CLOCK_SYS_GetCurrentRunMode
                0x0000c190       0x50 ./SDK/platform/drivers/src/clock/S32K1xx/clock_S32K1xx.o
 .text.CLOCK_SYS_TransitionSystemClock
                0x0000c1e0       0x80 ./SDK/platform/drivers/src/clock/S32K1xx/clock_S32K1xx.o
 .text.CLOCK_SYS_GetSimClkOutFreq
                0x0000c260       0xb0 ./SDK/platform/drivers/src/clock/S32K1xx/clock_S32K1xx.o
 .text.CLOCK_SYS_GetScgClkOutFreq
                0x0000c310       0x60 ./SDK/platform/drivers/src/clock/S32K1xx/clock_S32K1xx.o
 .text.CLOCK_SYS_GetSimRtcClkFreq
                0x0000c370       0x74 ./SDK/platform/drivers/src/clock/S32K1xx/clock_S32K1xx.o
 .text.CLOCK_SYS_ConfigureSIRC
                0x0000c3e4      0x100 ./SDK/platform/drivers/src/clock/S32K1xx/clock_S32K1xx.o
 .text.CLOCK_SYS_ConfigureFIRC
                0x0000c4e4      0x108 ./SDK/platform/drivers/src/clock/S32K1xx/clock_S32K1xx.o
 .text.CLOCK_SYS_ConfigureSOSC
                0x0000c5ec      0x170 ./SDK/platform/drivers/src/clock/S32K1xx/clock_S32K1xx.o
 .text.CLOCK_SYS_ConfigureTemporarySystemClock
                0x0000c75c       0x70 ./SDK/platform/drivers/src/clock/S32K1xx/clock_S32K1xx.o
 .text.CLOCK_SYS_ConfigureModulesFromScg
                0x0000c7cc      0x1e8 ./SDK/platform/drivers/src/clock/S32K1xx/clock_S32K1xx.o
 .text.CLOCK_SYS_GetSystemClockFreq
                0x0000c9b4       0xbc ./SDK/platform/drivers/src/clock/S32K1xx/clock_S32K1xx.o
 .text.CLOCK_SYS_SetSystemClockConfig
                0x0000ca70      0x180 ./SDK/platform/drivers/src/clock/S32K1xx/clock_S32K1xx.o
 .text.CLOCK_SYS_GetSysAsyncFreq
                0x0000cbf0      0x108 ./SDK/platform/drivers/src/clock/S32K1xx/clock_S32K1xx.o
 .text.CLOCK_SYS_GetSysOscFreq
                0x0000ccf8       0x30 ./SDK/platform/drivers/src/clock/S32K1xx/clock_S32K1xx.o
 .text.CLOCK_SYS_GetSircFreq
                0x0000cd28       0x44 ./SDK/platform/drivers/src/clock/S32K1xx/clock_S32K1xx.o
 .text.CLOCK_SYS_GetFircFreq
                0x0000cd6c       0x3c ./SDK/platform/drivers/src/clock/S32K1xx/clock_S32K1xx.o
 .text.CLOCK_SYS_GetLpoFreq
                0x0000cda8       0x70 ./SDK/platform/drivers/src/clock/S32K1xx/clock_S32K1xx.o
 .text.ADC_SetClockDivide
                0x0000ce18       0x38 ./SDK/platform/drivers/src/adc/adc_driver.o
 .text.ADC_SetSampleTime
                0x0000ce50       0x4c ./SDK/platform/drivers/src/adc/adc_driver.o
 .text.ADC_SetResolution
                0x0000ce9c       0x38 ./SDK/platform/drivers/src/adc/adc_driver.o
 .text.ADC_SetInputClock
                0x0000ced4       0x38 ./SDK/platform/drivers/src/adc/adc_driver.o
 .text.ADC_GetTriggerMode
                0x0000cf0c       0x28 ./SDK/platform/drivers/src/adc/adc_driver.o
 .text.ADC_SetTriggerMode
                0x0000cf34       0x3c ./SDK/platform/drivers/src/adc/adc_driver.o
 .text.ADC_SetPretriggerSelect
                0x0000cf70       0x78 ./SDK/platform/drivers/src/adc/adc_driver.o
 .text.ADC_SetTriggerSelect
                0x0000cfe8       0x74 ./SDK/platform/drivers/src/adc/adc_driver.o
 .text.ADC_SetDMAEnableFlag
                0x0000d05c       0x40 ./SDK/platform/drivers/src/adc/adc_driver.o
 .text.ADC_SetVoltageReference
                0x0000d09c       0x3c ./SDK/platform/drivers/src/adc/adc_driver.o
 .text.ADC_SetContinuousConvFlag
                0x0000d0d8       0x40 ./SDK/platform/drivers/src/adc/adc_driver.o
 .text.ADC_SetSupplyMonitoringEnableFlag
                0x0000d118       0x3c ./SDK/platform/drivers/src/adc/adc_driver.o
 .text.ADC_GetHwAverageEnableFlag
                0x0000d154       0x2c ./SDK/platform/drivers/src/adc/adc_driver.o
 .text.ADC_SetHwAverageEnableFlag
                0x0000d180       0x40 ./SDK/platform/drivers/src/adc/adc_driver.o
 .text.ADC_GetHwAverageMode
                0x0000d1c0       0x24 ./SDK/platform/drivers/src/adc/adc_driver.o
 .text.ADC_SetHwAverageMode
                0x0000d1e4       0x3c ./SDK/platform/drivers/src/adc/adc_driver.o
 .text.ADC_GetCalibrationActiveFlag
                0x0000d220       0x2c ./SDK/platform/drivers/src/adc/adc_driver.o
 .text.ADC_SetCalibrationActiveFlag
                0x0000d24c       0x40 ./SDK/platform/drivers/src/adc/adc_driver.o
 .text.ADC_SetInputChannel
                0x0000d28c       0xe0 ./SDK/platform/drivers/src/adc/adc_driver.o
 .text.ADC_DRV_ConfigConverter
                0x0000d36c       0xc0 ./SDK/platform/drivers/src/adc/adc_driver.o
                0x0000d36c                ADC_DRV_ConfigConverter
 .text.ADC_DRV_ConfigChan
                0x0000d42c       0x3c ./SDK/platform/drivers/src/adc/adc_driver.o
                0x0000d42c                ADC_DRV_ConfigChan
 .text.ADC_DRV_GetChanResult
                0x0000d468       0x40 ./SDK/platform/drivers/src/adc/adc_driver.o
                0x0000d468                ADC_DRV_GetChanResult
 .text.ADC_DRV_AutoCalibration
                0x0000d4a8       0xe4 ./SDK/platform/drivers/src/adc/adc_driver.o
                0x0000d4a8                ADC_DRV_AutoCalibration
 .text.init_data_bss
                0x0000d58c      0x11c ./SDK/platform/devices/startup.o
                0x0000d58c                init_data_bss
 .text.SystemInit
                0x0000d6a8       0x30 ./SDK/platform/devices/S32K116/startup/system_S32K116.o
                0x0000d6a8                SystemInit
 .text.FMSTR_CopyMemory
                0x0000d6d8       0x3c ./FreeMaster_S32xx/src_platforms/S32xx/freemaster_S32xx.o
                0x0000d6d8                FMSTR_CopyMemory
 .text.FMSTR_CopyToBuffer
                0x0000d714       0x40 ./FreeMaster_S32xx/src_platforms/S32xx/freemaster_S32xx.o
                0x0000d714                FMSTR_CopyToBuffer
 .text.FMSTR_CopyFromBuffer
                0x0000d754       0x40 ./FreeMaster_S32xx/src_platforms/S32xx/freemaster_S32xx.o
                0x0000d754                FMSTR_CopyFromBuffer
 .text.FMSTR_ValueFromBuffer16
                0x0000d794       0x24 ./FreeMaster_S32xx/src_platforms/S32xx/freemaster_S32xx.o
                0x0000d794                FMSTR_ValueFromBuffer16
 .text.FMSTR_ValueFromBuffer32
                0x0000d7b8       0x24 ./FreeMaster_S32xx/src_platforms/S32xx/freemaster_S32xx.o
                0x0000d7b8                FMSTR_ValueFromBuffer32
 .text.FMSTR_ValueToBuffer16
                0x0000d7dc       0x28 ./FreeMaster_S32xx/src_platforms/S32xx/freemaster_S32xx.o
                0x0000d7dc                FMSTR_ValueToBuffer16
 .text.FMSTR_CopyFromBufferWithMask
                0x0000d804       0x9c ./FreeMaster_S32xx/src_platforms/S32xx/freemaster_S32xx.o
                0x0000d804                FMSTR_CopyFromBufferWithMask
 .text.FMSTR_SetExAddr
                0x0000d8a0       0x20 ./FreeMaster_S32xx/src_platforms/S32xx/freemaster_S32xx.o
                0x0000d8a0                FMSTR_SetExAddr
 .text.FMSTR_AddressToBuffer
                0x0000d8c0       0x48 ./FreeMaster_S32xx/src_platforms/S32xx/freemaster_S32xx.o
                0x0000d8c0                FMSTR_AddressToBuffer
 .text.FMSTR_AddressFromBuffer
                0x0000d908       0x48 ./FreeMaster_S32xx/src_platforms/S32xx/freemaster_S32xx.o
                0x0000d908                FMSTR_AddressFromBuffer
 .text.FMSTR_InitScope
                0x0000d950        0x8 ./FreeMaster_S32xx/src_common/freemaster_scope.o
                0x0000d950                FMSTR_InitScope
 .text.FMSTR_SetUpScope
                0x0000d958       0xf4 ./FreeMaster_S32xx/src_common/freemaster_scope.o
                0x0000d958                FMSTR_SetUpScope
 .text.FMSTR_ReadScope
                0x0000da4c       0x88 ./FreeMaster_S32xx/src_common/freemaster_scope.o
                0x0000da4c                FMSTR_ReadScope
 .text.FMSTR_InitRec
                0x0000dad4       0x20 ./FreeMaster_S32xx/src_common/freemaster_rec.o
                0x0000dad4                FMSTR_InitRec
 .text.FMSTR_AbortRec
                0x0000daf4       0x14 ./FreeMaster_S32xx/src_common/freemaster_rec.o
 .text.FMSTR_SetUpRec
                0x0000db08      0x294 ./FreeMaster_S32xx/src_common/freemaster_rec.o
                0x0000db08                FMSTR_SetUpRec
 .text.FMSTR_TriggerRec
                0x0000dd9c       0x38 ./FreeMaster_S32xx/src_common/freemaster_rec.o
                0x0000dd9c                FMSTR_TriggerRec
 .text.FMSTR_StartRec
                0x0000ddd4       0xac ./FreeMaster_S32xx/src_common/freemaster_rec.o
                0x0000ddd4                FMSTR_StartRec
 .text.FMSTR_StopRec
                0x0000de80       0x64 ./FreeMaster_S32xx/src_common/freemaster_rec.o
                0x0000de80                FMSTR_StopRec
 .text.FMSTR_GetRecStatus
                0x0000dee4       0x5c ./FreeMaster_S32xx/src_common/freemaster_rec.o
                0x0000dee4                FMSTR_GetRecStatus
 .text.FMSTR_GetRecBuffSize
                0x0000df40       0x10 ./FreeMaster_S32xx/src_common/freemaster_rec.o
                0x0000df40                FMSTR_GetRecBuffSize
 .text.FMSTR_GetRecBuff
                0x0000df50       0x84 ./FreeMaster_S32xx/src_common/freemaster_rec.o
                0x0000df50                FMSTR_GetRecBuff
 .text.FMSTR_Compare8S
                0x0000dfd4       0x30 ./FreeMaster_S32xx/src_common/freemaster_rec.o
 .text.FMSTR_Compare8U
                0x0000e004       0x28 ./FreeMaster_S32xx/src_common/freemaster_rec.o
 .text.FMSTR_Compare16S
                0x0000e02c       0x30 ./FreeMaster_S32xx/src_common/freemaster_rec.o
 .text.FMSTR_Compare16U
                0x0000e05c       0x28 ./FreeMaster_S32xx/src_common/freemaster_rec.o
 .text.FMSTR_Compare32S
                0x0000e084       0x2c ./FreeMaster_S32xx/src_common/freemaster_rec.o
 .text.FMSTR_Compare32U
                0x0000e0b0       0x28 ./FreeMaster_S32xx/src_common/freemaster_rec.o
 .text.FMSTR_Recorder
                0x0000e0d8       0x24 ./FreeMaster_S32xx/src_common/freemaster_rec.o
                0x0000e0d8                FMSTR_Recorder
 .text.FMSTR_Recorder2
                0x0000e0fc      0x198 ./FreeMaster_S32xx/src_common/freemaster_rec.o
 .text.FMSTR_Init
                0x0000e294       0x24 ./FreeMaster_S32xx/src_common/freemaster_protocol.o
                0x0000e294                FMSTR_Init
 .text.FMSTR_ProtocolDecoder
                0x0000e2b8      0x1f8 ./FreeMaster_S32xx/src_common/freemaster_protocol.o
                0x0000e2b8                FMSTR_ProtocolDecoder
 .text.FMSTR_GetBoardInfo
                0x0000e4b0       0xf0 ./FreeMaster_S32xx/src_common/freemaster_protocol.o
                0x0000e4b0                FMSTR_GetBoardInfo
 .text.FMSTR_ReadMem
                0x0000e5a0       0x74 ./FreeMaster_S32xx/src_common/freemaster_protocol.o
                0x0000e5a0                FMSTR_ReadMem
 .text.FMSTR_ReadVar
                0x0000e614       0x54 ./FreeMaster_S32xx/src_common/freemaster_protocol.o
                0x0000e614                FMSTR_ReadVar
 .text.FMSTR_WriteMem
                0x0000e668       0x68 ./FreeMaster_S32xx/src_common/freemaster_protocol.o
                0x0000e668                FMSTR_WriteMem
 .text.FMSTR_WriteMemMask
                0x0000e6d0       0x68 ./FreeMaster_S32xx/src_common/freemaster_protocol.o
                0x0000e6d0                FMSTR_WriteMemMask
 .text.FMSTR_InitCan
                0x0000e738       0x48 ./FreeMaster_S32xx/src_common/freemaster_can.o
                0x0000e738                FMSTR_InitCan
 .text.FMSTR_Listen
                0x0000e780       0x40 ./FreeMaster_S32xx/src_common/freemaster_can.o
 .text.FMSTR_SendError
                0x0000e7c0       0x28 ./FreeMaster_S32xx/src_common/freemaster_can.o
 .text.FMSTR_SendResponse
                0x0000e7e8       0xc8 ./FreeMaster_S32xx/src_common/freemaster_can.o
                0x0000e7e8                FMSTR_SendResponse
 .text.FMSTR_TxCan
                0x0000e8b0      0x1dc ./FreeMaster_S32xx/src_common/freemaster_can.o
                0x0000e8b0                FMSTR_TxCan
 .text.FMSTR_RxCan
                0x0000ea8c      0x2a4 ./FreeMaster_S32xx/src_common/freemaster_can.o
                0x0000ea8c                FMSTR_RxCan
 .text.FMSTR_RxDone
                0x0000ed30      0x120 ./FreeMaster_S32xx/src_common/freemaster_can.o
 .text.FMSTR_ProcessCanRx
                0x0000ee50       0x20 ./FreeMaster_S32xx/src_common/freemaster_can.o
                0x0000ee50                FMSTR_ProcessCanRx
 .text.FMSTR_ProcessCanTx
                0x0000ee70       0x20 ./FreeMaster_S32xx/src_common/freemaster_can.o
                0x0000ee70                FMSTR_ProcessCanTx
 .text.FMSTR_Poll
                0x0000ee90       0x2c ./FreeMaster_S32xx/src_common/freemaster_can.o
                0x0000ee90                FMSTR_Poll
 .text.FMSTR_InitAppCmds
                0x0000eebc       0x64 ./FreeMaster_S32xx/src_common/freemaster_appcmd.o
                0x0000eebc                FMSTR_InitAppCmds
 .text.FMSTR_StoreAppCmd
                0x0000ef20       0xd8 ./FreeMaster_S32xx/src_common/freemaster_appcmd.o
                0x0000ef20                FMSTR_StoreAppCmd
 .text.FMSTR_GetAppCmdStatus
                0x0000eff8       0x90 ./FreeMaster_S32xx/src_common/freemaster_appcmd.o
                0x0000eff8                FMSTR_GetAppCmdStatus
 .text.FMSTR_GetAppCmdRespData
                0x0000f088       0xc0 ./FreeMaster_S32xx/src_common/freemaster_appcmd.o
                0x0000f088                FMSTR_GetAppCmdRespData
 .text.FMSTR_FindAppCmdCallIndex
                0x0000f148       0x64 ./FreeMaster_S32xx/src_common/freemaster_appcmd.o
 *(.rodata)
 .rodata        0x0000f1ac       0x24 ./SDK/platform/drivers/src/clock/S32K1xx/clock_S32K1xx.o
 .rodata        0x0000f1d0       0x11 ./FreeMaster_S32xx/src_common/freemaster_protocol.o
 *fill*         0x0000f1e1        0x3 
 .rodata        0x0000f1e4       0x80 c:/nxp/s32ds_arm_v2018.r1/cross_tools/gcc-arm-none-eabi-4_9/bin/../lib/gcc/arm-none-eabi/4.9.3/armv6-m\libgcc.a(divsf3.o)
 .rodata        0x0000f264       0x40 c:/nxp/s32ds_arm_v2018.r1/cross_tools/gcc-arm-none-eabi-4_9/bin/../lib/gcc/arm-none-eabi/4.9.3/armv6-m\libgcc.a(mulsf3.o)
 .rodata        0x0000f2a4       0x40 c:/nxp/s32ds_arm_v2018.r1/cross_tools/gcc-arm-none-eabi-4_9/bin/../lib/gcc/arm-none-eabi/4.9.3/armv6-m\libgcc.a(divdf3.o)
 .rodata        0x0000f2e4       0x40 c:/nxp/s32ds_arm_v2018.r1/cross_tools/gcc-arm-none-eabi-4_9/bin/../lib/gcc/arm-none-eabi/4.9.3/armv6-m\libgcc.a(muldf3.o)
 *(.rodata*)
 .rodata.s_baudratePrescaler
                0x0000f324       0x20 ./SDK/platform/drivers/src/lpspi/lpspi_master_driver.o
 .rodata.s_baudratePrescaler
                0x0000f344       0x20 ./SDK/platform/drivers/src/lpspi/lpspi_hw_access.o
 .rodata.g_ftmBase
                0x0000f364        0x8 ./SDK/platform/drivers/src/ftm/ftm_common.o
                0x0000f364                g_ftmBase
 .rodata.g_ftmIrqId
                0x0000f36c       0x10 ./SDK/platform/drivers/src/ftm/ftm_common.o
                0x0000f36c                g_ftmIrqId
 .rodata.g_ftmOverflowIrqId
                0x0000f37c        0x2 ./SDK/platform/drivers/src/ftm/ftm_common.o
                0x0000f37c                g_ftmOverflowIrqId
 *fill*         0x0000f37e        0x2 
 .rodata.g_ftmExtClockSel
                0x0000f380        0x4 ./SDK/platform/drivers/src/ftm/ftm_common.o
 .rodata.FLEXCAN_ComputePayloadSize
                0x0000f384       0x1c ./SDK/platform/drivers/src/flexcan/flexcan_hw_access.o
 .rodata.g_flexcanOredMessageBufferIrqId
                0x0000f3a0        0x2 ./SDK/platform/drivers/src/flexcan/flexcan_driver.o
 *fill*         0x0000f3a2        0x2 
 .rodata.clockNameMappings
                0x0000f3a4       0x8a ./SDK/platform/drivers/src/clock/S32K1xx/clock_S32K1xx.o
                0x0000f3a4                clockNameMappings
 *fill*         0x0000f42e        0x2 
 .rodata.peripheralFeaturesList
                0x0000f430       0x45 ./SDK/platform/drivers/src/clock/S32K1xx/clock_S32K1xx.o
                0x0000f430                peripheralFeaturesList
 *fill*         0x0000f475        0x3 
 .rodata.CLOCK_SYS_GetScgClockFreq
                0x0000f478       0x40 ./SDK/platform/drivers/src/clock/S32K1xx/clock_S32K1xx.o
 .rodata.CLOCK_SYS_GetSimClockFreq
                0x0000f4b8       0x34 ./SDK/platform/drivers/src/clock/S32K1xx/clock_S32K1xx.o
 .rodata.CLOCK_SYS_GetSimClkOutFreq
                0x0000f4ec       0x3c ./SDK/platform/drivers/src/clock/S32K1xx/clock_S32K1xx.o
 .rodata.fircFreq.6194
                0x0000f528       0x10 ./SDK/platform/drivers/src/clock/S32K1xx/clock_S32K1xx.o
 .rodata.pdly1_AdcTrigInitConfig0
                0x0000f538        0x8 ./Generated_Code/pdly1.o
                0x0000f538                pdly1_AdcTrigInitConfig0
 .rodata.pdly1_AdcTrigInitConfig1
                0x0000f540        0x8 ./Generated_Code/pdly1.o
                0x0000f540                pdly1_AdcTrigInitConfig1
 .rodata.pdly1_AdcTrigInitConfig2
                0x0000f548        0x8 ./Generated_Code/pdly1.o
                0x0000f548                pdly1_AdcTrigInitConfig2
 .rodata.pdly1_InitConfig0
                0x0000f550        0x8 ./Generated_Code/pdly1.o
                0x0000f550                pdly1_InitConfig0
 .rodata.lpspiCom1_MasterConfig0
                0x0000f558       0x20 ./Generated_Code/lpspiCom1.o
                0x0000f558                lpspiCom1_MasterConfig0
 .rodata.can_pal1_instance
                0x0000f578        0x1 ./Generated_Code/can_pal1.o
                0x0000f578                can_pal1_instance
 *fill*         0x0000f579        0x3 
 .rodata.can_pal1_Config0
                0x0000f57c       0x34 ./Generated_Code/can_pal1.o
                0x0000f57c                can_pal1_Config0
 .rodata.adConv1_ConvConfig0
                0x0000f5b0        0xb ./Generated_Code/adConv1.o
                0x0000f5b0                adConv1_ConvConfig0
 *fill*         0x0000f5bb        0x1 
 .rodata.adConv1_ChnConfig0
                0x0000f5bc        0x4 ./Generated_Code/adConv1.o
                0x0000f5bc                adConv1_ChnConfig0
 .rodata.adConv1_ChnConfig1
                0x0000f5c0        0x4 ./Generated_Code/adConv1.o
                0x0000f5c0                adConv1_ChnConfig1
 .rodata.adConv1_ChnConfig2
                0x0000f5c4        0x4 ./Generated_Code/adConv1.o
                0x0000f5c4                adConv1_ChnConfig2
 *(.glue_7)
 .glue_7        0x00000000        0x0 linker stubs
 *(.glue_7t)
 .glue_7t       0x00000000        0x0 linker stubs
 *(.eh_frame)
 *(.init)
 *(.fini)
                0x0000f5c8                . = ALIGN (0x4)

.vfp11_veneer   0x0000f5c8        0x0
 .vfp11_veneer  0x00000000        0x0 linker stubs

.v4_bx          0x0000f5c8        0x0
 .v4_bx         0x00000000        0x0 linker stubs

.iplt           0x0000f5c8        0x0
 .iplt          0x00000000        0x0 C:/NXP/S32DS_ARM_v2018.R1/S32DS/arm_ewl2/lib/armv6-m/__arm_start.o

.rel.dyn        0x0000f5c8        0x0
 .rel.iplt      0x00000000        0x0 C:/NXP/S32DS_ARM_v2018.R1/S32DS/arm_ewl2/lib/armv6-m/__arm_start.o

.ARM.extab
 *(.ARM.extab* .gnu.linkonce.armextab.*)

.ARM            0x0000f5c8        0x0
                0x0000f5c8                __exidx_start = .
 *(.ARM.exidx*)
                0x0000f5c8                __exidx_end = .

.ctors          0x0000f5c8        0x0
                0x0000f5c8                __CTOR_LIST__ = .
 *crtbegin.o(.ctors)
 *crtbegin?.o(.ctors)
 *(EXCLUDE_FILE(*crtend.o *crtend?.o) .ctors)
 *(SORT(.ctors.*))
 *(.ctors)
                0x0000f5c8                __CTOR_END__ = .

.dtors          0x0000f5c8        0x0
                0x0000f5c8                __DTOR_LIST__ = .
 *crtbegin.o(.dtors)
 *crtbegin?.o(.dtors)
 *(EXCLUDE_FILE(*crtend.o *crtend?.o) .dtors)
 *(SORT(.dtors.*))
 *(.dtors)
                0x0000f5c8                __DTOR_END__ = .

.preinit_array  0x0000f5c8        0x0
                0x0000f5c8                PROVIDE (__preinit_array_start, .)
 *(.preinit_array*)
                0x0000f5c8                PROVIDE (__preinit_array_end, .)

.init_array     0x0000f5c8        0x0
                0x0000f5c8                PROVIDE (__init_array_start, .)
 *(SORT(.init_array.*))
 *(.init_array*)
                0x0000f5c8                PROVIDE (__init_array_end, .)

.fini_array     0x0000f5c8        0x0
                0x0000f5c8                PROVIDE (__fini_array_start, .)
 *(SORT(.fini_array.*))
 *(.fini_array*)
                0x0000f5c8                PROVIDE (__fini_array_end, .)
                0x0000f5c8                __etext = .
                0x0000f5c8                __DATA_ROM = .

.interrupts_ram
                0x20000000       0xc0
                0x20000000                . = ALIGN (0x4)
                0x20000000                __VECTOR_RAM__ = .
                0x20000000                __RAM_START = .
                0x20000000                __interrupts_ram_start__ = .
 *(.m_interrupts_ram)
                0x200000c0                . = (. + M_VECTOR_RAM_SIZE)
 *fill*         0x20000000       0xc0 
                0x200000c0                . = ALIGN (0x4)
                0x200000c0                __interrupts_ram_end__ = .
                0x20000000                __VECTOR_RAM = DEFINED (__flash_vector_table__)?ORIGIN (m_interrupts):__VECTOR_RAM__
                0x000000c0                __RAM_VECTOR_TABLE_SIZE = DEFINED (__flash_vector_table__)?0x0:(__interrupts_ram_end__ - __interrupts_ram_start__)

.data           0x200000c0      0x66c load address 0x0000f5c8
                0x200000c0                . = ALIGN (0x4)
                0x200000c0                __DATA_RAM = .
                0x200000c0                __data_start__ = .
 *(.data)
 *(.data*)
 .data.ntc_liquid
                0x200000c0      0x104 ./Sources/common/ntc_calibration.o
                0x200000c0                ntc_liquid
 .data.v_func_local
                0x200001c4        0x4 ./Sources/common/HW_Driver/prj_gpio.o
                0x200001c4                v_func_local
 .data.hw_BackServerISR_func
                0x200001c8        0x4 ./Sources/common/HW_Driver/hw_abstract.o
                0x200001c8                hw_BackServerISR_func
 .data.transLength
                0x200001cc        0x4 ./Sources/tof_capture.o
                0x200001cc                transLength
 .data.g_lpspiBase
                0x200001d0        0x4 ./SDK/platform/drivers/src/lpspi/lpspi_shared_function.o
                0x200001d0                g_lpspiBase
 .data.g_lpspiIrqId
                0x200001d4        0x1 ./SDK/platform/drivers/src/lpspi/lpspi_shared_function.o
                0x200001d4                g_lpspiIrqId
 *fill*         0x200001d5        0x3 
 .data.peripheralClockConfig.5951
                0x200001d8       0x6e ./SDK/platform/drivers/src/clock/S32K1xx/clock_S32K1xx.o
 *fill*         0x20000246        0x2 
 .data.g_pin_mux_InitConfigArr
                0x20000248      0x408 ./Generated_Code/pin_mux.o
                0x20000248                g_pin_mux_InitConfigArr
 .data.flexTimer_ic1_InputCaptureChannelConfig
                0x20000650       0x10 ./Generated_Code/flexTimer_ic1.o
                0x20000650                flexTimer_ic1_InputCaptureChannelConfig
 .data.flexTimer_ic1_InputCaptureConfig
                0x20000660        0x8 ./Generated_Code/flexTimer_ic1.o
                0x20000660                flexTimer_ic1_InputCaptureConfig
 .data.flexTimer_ic1_InitConfig
                0x20000668       0x12 ./Generated_Code/flexTimer_ic1.o
                0x20000668                flexTimer_ic1_InitConfig
 *fill*         0x2000067a        0x2 
 .data.peripheralClockConfig0
                0x2000067c       0x32 ./Generated_Code/clockMan1.o
                0x2000067c                peripheralClockConfig0
 *fill*         0x200006ae        0x2 
 .data.clockMan1_InitConfig0
                0x200006b0       0x78 ./Generated_Code/clockMan1.o
                0x200006b0                clockMan1_InitConfig0
 .data.g_clockManConfigsArr
                0x20000728        0x4 ./Generated_Code/clockMan1.o
                0x20000728                g_clockManConfigsArr
 *(.jcr*)
                0x2000072c                . = ALIGN (0x4)
                0x2000072c                __data_end__ = .
                0x0000fc34                __DATA_END = (__DATA_ROM + (__data_end__ - __data_start__))
                0x0000fc34                __CODE_ROM = __DATA_END

.igot.plt       0x2000072c        0x0 load address 0x0000fc34
 .igot.plt      0x00000000        0x0 C:/NXP/S32DS_ARM_v2018.R1/S32DS/arm_ewl2/lib/armv6-m/__arm_start.o

.code           0x2000072c        0x0 load address 0x0000fc34
                0x2000072c                . = ALIGN (0x4)
                0x2000072c                __CODE_RAM = .
                0x2000072c                __code_start__ = .
 *(.code_ram)
                0x2000072c                . = ALIGN (0x4)
                0x2000072c                __code_end__ = .
                0x0000fc34                __CODE_END = (__CODE_ROM + (__code_end__ - __code_start__))

.customSectionBlock
 *(.customSection)

.bss            0x200020c0      0xf90
                0x200020c0                . = ALIGN (0x4)
                0x200020c0                __BSS_START = .
                0x200020c0                __bss_start__ = .
 *(.bss)
 *(.bss*)
 .bss.Voltage.7373
                0x200020c0        0x4 ./Sources/common/adsample.o
 .bss.rf32_pcb_temp.7385
                0x200020c4        0x4 ./Sources/common/adsample.o
 .bss.ntctemp.7390
                0x200020c8        0x4 ./Sources/common/adsample.o
 .bss.u8_timer_cnt
                0x200020cc        0x1 ./Sources/common/HW_Driver/hw_abstract.o
                0x200020cc                u8_timer_cnt
 .bss.task_1ms_OK
                0x200020cd        0x1 ./Sources/common/HW_Driver/hw_abstract.o
                0x200020cd                task_1ms_OK
 .bss.task_5ms_OK
                0x200020ce        0x1 ./Sources/common/HW_Driver/hw_abstract.o
                0x200020ce                task_5ms_OK
 .bss.task_100ms_OK
                0x200020cf        0x1 ./Sources/common/HW_Driver/hw_abstract.o
                0x200020cf                task_100ms_OK
 .bss.task_100ms_Cnt
                0x200020d0        0x1 ./Sources/common/HW_Driver/hw_abstract.o
                0x200020d0                task_100ms_Cnt
 .bss.u8_cnt.5263
                0x200020d1        0x1 ./Sources/common/HW_Driver/hw_abstract.o
 .bss.ru16_tdc_pulse
                0x200020d2        0x2 ./Sources/tof_capture.o
 .bss.ftm1StateStruct
                0x200020d4       0x60 ./Sources/tof_capture.o
 .bss.tof_ready
                0x20002134        0x1 ./Sources/tof_capture.o
                0x20002134                tof_ready
 .bss.SelCh1    0x20002135        0x1 ./Sources/tof_capture.o
                0x20002135                SelCh1
 .bss.tof_AvgValid_Lv
                0x20002136        0x1 ./Sources/tof_capture.o
                0x20002136                tof_AvgValid_Lv
 *fill*         0x20002137        0x1 
 .bss.ru32_tof_avg_Lv
                0x20002138        0x4 ./Sources/tof_capture.o
                0x20002138                ru32_tof_avg_Lv
 .bss.tof_cnt_Lv
                0x2000213c        0x1 ./Sources/tof_capture.o
                0x2000213c                tof_cnt_Lv
 .bss.tof_cnt_Hv
                0x2000213d        0x1 ./Sources/tof_capture.o
                0x2000213d                tof_cnt_Hv
 *fill*         0x2000213e        0x2 
 .bss.rf32_Velocity.7886
                0x20002140        0x4 ./Sources/main.o
 .bss.rf32_VBat.7883
                0x20002144        0x4 ./Sources/main.o
 .bss.rf32_pcb_temp.7885
                0x20002148        0x4 ./Sources/main.o
 .bss.rf32_ult_temp.7884
                0x2000214c        0x4 ./Sources/main.o
 .bss.CAN_RxComplete_Flag
                0x20002150        0x4 ./Sources/CAN_Comm.o
                0x20002150                CAN_RxComplete_Flag
 .bss.Rx_CAN_Msg_Buffer_Index
                0x20002154        0x1 ./Sources/CAN_Comm.o
                0x20002154                Rx_CAN_Msg_Buffer_Index
 *fill*         0x20002155        0x3 
 .bss.buffCfg   0x20002158        0x5 ./Sources/CAN_Comm.o
                0x20002158                buffCfg
 *fill*         0x2000215d        0x3 
 .bss.s_osif_tick_cnt
                0x20002160        0x4 ./SDK/rtos/osif/osif_baremetal.o
 .bss.s_flexcanState
                0x20002164      0x10c ./SDK/platform/pal/can/src/can_pal.o
 .bss.s_flexcanStateInstanceMapping
                0x20002270        0x1 ./SDK/platform/pal/can/src/can_pal.o
 *fill*         0x20002271        0x3 
 .bss.s_flexcanStateIsAllocated
                0x20002274        0x1 ./SDK/platform/pal/can/src/can_pal.o
 *fill*         0x20002275        0x3 
 .bss.s_hwObjConfigs
                0x20002278       0x80 ./SDK/platform/pal/can/src/can_pal.o
 .bss.s_flexcanRxFifoState
                0x200022f8        0x2 ./SDK/platform/pal/can/src/can_pal.o
 *fill*         0x200022fa        0x2 
 .bss.userCallbacks
                0x200022fc        0x4 ./SDK/platform/pal/can/src/can_pal.o
 .bss.g_lpspiStatePtr
                0x20002300        0x4 ./SDK/platform/drivers/src/lpspi/lpspi_shared_function.o
                0x20002300                g_lpspiStatePtr
 .bss.g_interruptDisableCount
                0x20002304        0x4 ./SDK/platform/drivers/src/interrupt/interrupt_manager.o
 .bss.ftmStatePtr
                0x20002308        0x8 ./SDK/platform/drivers/src/ftm/ftm_common.o
                0x20002308                ftmStatePtr
 .bss.g_flexcanStatePtr
                0x20002310        0x4 ./SDK/platform/drivers/src/flexcan/flexcan_driver.o
 .bss.s_virtEdmaState
                0x20002314        0x4 ./SDK/platform/drivers/src/edma/edma_driver.o
 .bss.g_clockState
                0x20002318       0x10 ./SDK/platform/drivers/src/clock/clock_manager.o
 .bss.g_clockManCallbacksArr
                0x20002328        0x4 ./Generated_Code/clockMan1.o
                0x20002328                g_clockManCallbacksArr
 .bss.pcm_bNextAddrIsEx
                0x2000232c        0x1 ./FreeMaster_S32xx/src_platforms/S32xx/freemaster_S32xx.o
 .bss.pcm_nScopeVarCount
                0x2000232d        0x1 ./FreeMaster_S32xx/src_common/freemaster_scope.o
 *fill*         0x2000232e        0x2 
 .bss.pcm_pScopeVarAddr
                0x20002330       0x20 ./FreeMaster_S32xx/src_common/freemaster_scope.o
 .bss.pcm_pScopeVarSize
                0x20002350        0x8 ./FreeMaster_S32xx/src_common/freemaster_scope.o
 .bss.pcm_nTrgVarAddr
                0x20002358        0x4 ./FreeMaster_S32xx/src_common/freemaster_rec.o
 .bss.pcm_nTrgVarSize
                0x2000235c        0x1 ./FreeMaster_S32xx/src_common/freemaster_rec.o
 .bss.pcm_bTrgVarSigned
                0x2000235d        0x1 ./FreeMaster_S32xx/src_common/freemaster_rec.o
 *fill*         0x2000235e        0x2 
 .bss.pcm_uTrgThreshold
                0x20002360        0x4 ./FreeMaster_S32xx/src_common/freemaster_rec.o
 .bss.pcm_nRecBuffAddr
                0x20002364        0x4 ./FreeMaster_S32xx/src_common/freemaster_rec.o
 .bss.pcm_pCompareFunc
                0x20002368        0x4 ./FreeMaster_S32xx/src_common/freemaster_rec.o
 .bss.pcm_pOwnRecBuffer
                0x2000236c      0x800 ./FreeMaster_S32xx/src_common/freemaster_rec.o
 .bss.pcm_pCommBuffer